<!doctype html public "-//w3c//dtd html 4.0 transitional//en">
<html><head>
<title>Static Call Graph - [.\SZW_STM32F407\demo.axf]</title></head>
<body><HR>
<H1>Static Call Graph for image .\SZW_STM32F407\demo.axf</H1><HR>
<BR><P>#&#060CALLGRAPH&#062# ARM Linker, 5060300: Last Updated: Thu Dec 07 21:00:06 2017
<BR><P>
<H3>Maximum Stack Usage =        180 bytes + Unknown(Functions without stacksize, Cycles, Untraceable Function Pointers)</H3><H3>
Call chain for Maximum Stack Depth:</H3>
__rt_entry_main &rArr; main &rArr; init &rArr; USART3_DMA_Init &rArr; USART_Init &rArr; RCC_GetClocksFreq
<P>
<H3>
Functions with no stack information
</H3><UL>
 <LI><a href="#[7f]">__user_initial_stackheap</a>
</UL>
</UL>
<P>
<H3>
Mutually Recursive functions
</H3> <LI><a href="#[13]">PendSV_Handler</a>&nbsp;&nbsp;&nbsp;&rArr;&nbsp;&nbsp;&nbsp;<a href="#[13]">PendSV_Handler</a><BR>
 <LI><a href="#[14]">SysTick_Handler</a>&nbsp;&nbsp;&nbsp;&rArr;&nbsp;&nbsp;&nbsp;<a href="#[14]">SysTick_Handler</a><BR>
 <LI><a href="#[27]">ADC_IRQHandler</a>&nbsp;&nbsp;&nbsp;&rArr;&nbsp;&nbsp;&nbsp;<a href="#[27]">ADC_IRQHandler</a><BR>
</UL>
<P>
<H3>
Function Pointers
</H3><UL>
 <LI><a href="#[27]">ADC_IRQHandler</a> from startup_stm32f4xx.o(.text) referenced from startup_stm32f4xx.o(RESET)
 <LI><a href="#[f]">BusFault_Handler</a> from stm32f4xx_it.o(i.BusFault_Handler) referenced from startup_stm32f4xx.o(RESET)
 <LI><a href="#[29]">CAN1_RX0_IRQHandler</a> from stm32f4xx_it.o(i.CAN1_RX0_IRQHandler) referenced from startup_stm32f4xx.o(RESET)
 <LI><a href="#[2a]">CAN1_RX1_IRQHandler</a> from startup_stm32f4xx.o(.text) referenced from startup_stm32f4xx.o(RESET)
 <LI><a href="#[2b]">CAN1_SCE_IRQHandler</a> from startup_stm32f4xx.o(.text) referenced from startup_stm32f4xx.o(RESET)
 <LI><a href="#[28]">CAN1_TX_IRQHandler</a> from startup_stm32f4xx.o(.text) referenced from startup_stm32f4xx.o(RESET)
 <LI><a href="#[55]">CAN2_RX0_IRQHandler</a> from startup_stm32f4xx.o(.text) referenced from startup_stm32f4xx.o(RESET)
 <LI><a href="#[56]">CAN2_RX1_IRQHandler</a> from startup_stm32f4xx.o(.text) referenced from startup_stm32f4xx.o(RESET)
 <LI><a href="#[57]">CAN2_SCE_IRQHandler</a> from startup_stm32f4xx.o(.text) referenced from startup_stm32f4xx.o(RESET)
 <LI><a href="#[54]">CAN2_TX_IRQHandler</a> from startup_stm32f4xx.o(.text) referenced from startup_stm32f4xx.o(RESET)
 <LI><a href="#[64]">CRYP_IRQHandler</a> from startup_stm32f4xx.o(.text) referenced from startup_stm32f4xx.o(RESET)
 <LI><a href="#[63]">DCMI_IRQHandler</a> from startup_stm32f4xx.o(.text) referenced from startup_stm32f4xx.o(RESET)
 <LI><a href="#[20]">DMA1_Stream0_IRQHandler</a> from startup_stm32f4xx.o(.text) referenced from startup_stm32f4xx.o(RESET)
 <LI><a href="#[21]">DMA1_Stream1_IRQHandler</a> from startup_stm32f4xx.o(.text) referenced from startup_stm32f4xx.o(RESET)
 <LI><a href="#[22]">DMA1_Stream2_IRQHandler</a> from startup_stm32f4xx.o(.text) referenced from startup_stm32f4xx.o(RESET)
 <LI><a href="#[23]">DMA1_Stream3_IRQHandler</a> from usart.o(i.DMA1_Stream3_IRQHandler) referenced from startup_stm32f4xx.o(RESET)
 <LI><a href="#[24]">DMA1_Stream4_IRQHandler</a> from startup_stm32f4xx.o(.text) referenced from startup_stm32f4xx.o(RESET)
 <LI><a href="#[25]">DMA1_Stream5_IRQHandler</a> from startup_stm32f4xx.o(.text) referenced from startup_stm32f4xx.o(RESET)
 <LI><a href="#[26]">DMA1_Stream6_IRQHandler</a> from startup_stm32f4xx.o(.text) referenced from startup_stm32f4xx.o(RESET)
 <LI><a href="#[44]">DMA1_Stream7_IRQHandler</a> from startup_stm32f4xx.o(.text) referenced from startup_stm32f4xx.o(RESET)
 <LI><a href="#[4d]">DMA2_Stream0_IRQHandler</a> from startup_stm32f4xx.o(.text) referenced from startup_stm32f4xx.o(RESET)
 <LI><a href="#[4e]">DMA2_Stream1_IRQHandler</a> from startup_stm32f4xx.o(.text) referenced from startup_stm32f4xx.o(RESET)
 <LI><a href="#[4f]">DMA2_Stream2_IRQHandler</a> from startup_stm32f4xx.o(.text) referenced from startup_stm32f4xx.o(RESET)
 <LI><a href="#[50]">DMA2_Stream3_IRQHandler</a> from startup_stm32f4xx.o(.text) referenced from startup_stm32f4xx.o(RESET)
 <LI><a href="#[51]">DMA2_Stream4_IRQHandler</a> from startup_stm32f4xx.o(.text) referenced from startup_stm32f4xx.o(RESET)
 <LI><a href="#[59]">DMA2_Stream5_IRQHandler</a> from startup_stm32f4xx.o(.text) referenced from startup_stm32f4xx.o(RESET)
 <LI><a href="#[5a]">DMA2_Stream6_IRQHandler</a> from startup_stm32f4xx.o(.text) referenced from startup_stm32f4xx.o(RESET)
 <LI><a href="#[5b]">DMA2_Stream7_IRQHandler</a> from startup_stm32f4xx.o(.text) referenced from startup_stm32f4xx.o(RESET)
 <LI><a href="#[12]">DebugMon_Handler</a> from stm32f4xx_it.o(i.DebugMon_Handler) referenced from startup_stm32f4xx.o(RESET)
 <LI><a href="#[52]">ETH_IRQHandler</a> from startup_stm32f4xx.o(.text) referenced from startup_stm32f4xx.o(RESET)
 <LI><a href="#[53]">ETH_WKUP_IRQHandler</a> from startup_stm32f4xx.o(.text) referenced from startup_stm32f4xx.o(RESET)
 <LI><a href="#[1b]">EXTI0_IRQHandler</a> from startup_stm32f4xx.o(.text) referenced from startup_stm32f4xx.o(RESET)
 <LI><a href="#[3d]">EXTI15_10_IRQHandler</a> from startup_stm32f4xx.o(.text) referenced from startup_stm32f4xx.o(RESET)
 <LI><a href="#[1c]">EXTI1_IRQHandler</a> from startup_stm32f4xx.o(.text) referenced from startup_stm32f4xx.o(RESET)
 <LI><a href="#[1d]">EXTI2_IRQHandler</a> from startup_stm32f4xx.o(.text) referenced from startup_stm32f4xx.o(RESET)
 <LI><a href="#[1e]">EXTI3_IRQHandler</a> from startup_stm32f4xx.o(.text) referenced from startup_stm32f4xx.o(RESET)
 <LI><a href="#[1f]">EXTI4_IRQHandler</a> from startup_stm32f4xx.o(.text) referenced from startup_stm32f4xx.o(RESET)
 <LI><a href="#[2c]">EXTI9_5_IRQHandler</a> from startup_stm32f4xx.o(.text) referenced from startup_stm32f4xx.o(RESET)
 <LI><a href="#[19]">FLASH_IRQHandler</a> from startup_stm32f4xx.o(.text) referenced from startup_stm32f4xx.o(RESET)
 <LI><a href="#[66]">FPU_IRQHandler</a> from startup_stm32f4xx.o(.text) referenced from startup_stm32f4xx.o(RESET)
 <LI><a href="#[45]">FSMC_IRQHandler</a> from startup_stm32f4xx.o(.text) referenced from startup_stm32f4xx.o(RESET)
 <LI><a href="#[65]">HASH_RNG_IRQHandler</a> from startup_stm32f4xx.o(.text) referenced from startup_stm32f4xx.o(RESET)
 <LI><a href="#[d]">HardFault_Handler</a> from stm32f4xx_it.o(i.HardFault_Handler) referenced from startup_stm32f4xx.o(RESET)
 <LI><a href="#[35]">I2C1_ER_IRQHandler</a> from startup_stm32f4xx.o(.text) referenced from startup_stm32f4xx.o(RESET)
 <LI><a href="#[34]">I2C1_EV_IRQHandler</a> from startup_stm32f4xx.o(.text) referenced from startup_stm32f4xx.o(RESET)
 <LI><a href="#[37]">I2C2_ER_IRQHandler</a> from startup_stm32f4xx.o(.text) referenced from startup_stm32f4xx.o(RESET)
 <LI><a href="#[36]">I2C2_EV_IRQHandler</a> from startup_stm32f4xx.o(.text) referenced from startup_stm32f4xx.o(RESET)
 <LI><a href="#[5e]">I2C3_ER_IRQHandler</a> from startup_stm32f4xx.o(.text) referenced from startup_stm32f4xx.o(RESET)
 <LI><a href="#[5d]">I2C3_EV_IRQHandler</a> from startup_stm32f4xx.o(.text) referenced from startup_stm32f4xx.o(RESET)
 <LI><a href="#[e]">MemManage_Handler</a> from stm32f4xx_it.o(i.MemManage_Handler) referenced from startup_stm32f4xx.o(RESET)
 <LI><a href="#[c]">NMI_Handler</a> from stm32f4xx_it.o(i.NMI_Handler) referenced from startup_stm32f4xx.o(RESET)
 <LI><a href="#[58]">OTG_FS_IRQHandler</a> from startup_stm32f4xx.o(.text) referenced from startup_stm32f4xx.o(RESET)
 <LI><a href="#[3f]">OTG_FS_WKUP_IRQHandler</a> from startup_stm32f4xx.o(.text) referenced from startup_stm32f4xx.o(RESET)
 <LI><a href="#[60]">OTG_HS_EP1_IN_IRQHandler</a> from startup_stm32f4xx.o(.text) referenced from startup_stm32f4xx.o(RESET)
 <LI><a href="#[5f]">OTG_HS_EP1_OUT_IRQHandler</a> from startup_stm32f4xx.o(.text) referenced from startup_stm32f4xx.o(RESET)
 <LI><a href="#[62]">OTG_HS_IRQHandler</a> from startup_stm32f4xx.o(.text) referenced from startup_stm32f4xx.o(RESET)
 <LI><a href="#[61]">OTG_HS_WKUP_IRQHandler</a> from startup_stm32f4xx.o(.text) referenced from startup_stm32f4xx.o(RESET)
 <LI><a href="#[16]">PVD_IRQHandler</a> from startup_stm32f4xx.o(.text) referenced from startup_stm32f4xx.o(RESET)
 <LI><a href="#[13]">PendSV_Handler</a> from startup_stm32f4xx.o(.text) referenced from startup_stm32f4xx.o(RESET)
 <LI><a href="#[1a]">RCC_IRQHandler</a> from startup_stm32f4xx.o(.text) referenced from startup_stm32f4xx.o(RESET)
 <LI><a href="#[3e]">RTC_Alarm_IRQHandler</a> from startup_stm32f4xx.o(.text) referenced from startup_stm32f4xx.o(RESET)
 <LI><a href="#[18]">RTC_WKUP_IRQHandler</a> from startup_stm32f4xx.o(.text) referenced from startup_stm32f4xx.o(RESET)
 <LI><a href="#[b]">Reset_Handler</a> from startup_stm32f4xx.o(.text) referenced from startup_stm32f4xx.o(RESET)
 <LI><a href="#[46]">SDIO_IRQHandler</a> from startup_stm32f4xx.o(.text) referenced from startup_stm32f4xx.o(RESET)
 <LI><a href="#[38]">SPI1_IRQHandler</a> from startup_stm32f4xx.o(.text) referenced from startup_stm32f4xx.o(RESET)
 <LI><a href="#[39]">SPI2_IRQHandler</a> from startup_stm32f4xx.o(.text) referenced from startup_stm32f4xx.o(RESET)
 <LI><a href="#[48]">SPI3_IRQHandler</a> from startup_stm32f4xx.o(.text) referenced from startup_stm32f4xx.o(RESET)
 <LI><a href="#[11]">SVC_Handler</a> from stm32f4xx_it.o(i.SVC_Handler) referenced from startup_stm32f4xx.o(RESET)
 <LI><a href="#[14]">SysTick_Handler</a> from startup_stm32f4xx.o(.text) referenced from startup_stm32f4xx.o(RESET)
 <LI><a href="#[67]">SystemInit</a> from system_stm32f4xx.o(i.SystemInit) referenced from startup_stm32f4xx.o(.text)
 <LI><a href="#[17]">TAMP_STAMP_IRQHandler</a> from startup_stm32f4xx.o(.text) referenced from startup_stm32f4xx.o(RESET)
 <LI><a href="#[2d]">TIM1_BRK_TIM9_IRQHandler</a> from startup_stm32f4xx.o(.text) referenced from startup_stm32f4xx.o(RESET)
 <LI><a href="#[30]">TIM1_CC_IRQHandler</a> from startup_stm32f4xx.o(.text) referenced from startup_stm32f4xx.o(RESET)
 <LI><a href="#[2f]">TIM1_TRG_COM_TIM11_IRQHandler</a> from startup_stm32f4xx.o(.text) referenced from startup_stm32f4xx.o(RESET)
 <LI><a href="#[2e]">TIM1_UP_TIM10_IRQHandler</a> from stm32f4xx_it.o(i.TIM1_UP_TIM10_IRQHandler) referenced from startup_stm32f4xx.o(RESET)
 <LI><a href="#[31]">TIM2_IRQHandler</a> from stm32f4xx_it.o(i.TIM2_IRQHandler) referenced from startup_stm32f4xx.o(RESET)
 <LI><a href="#[32]">TIM3_IRQHandler</a> from stm32f4xx_it.o(i.TIM3_IRQHandler) referenced from startup_stm32f4xx.o(RESET)
 <LI><a href="#[33]">TIM4_IRQHandler</a> from stm32f4xx_it.o(i.TIM4_IRQHandler) referenced from startup_stm32f4xx.o(RESET)
 <LI><a href="#[47]">TIM5_IRQHandler</a> from stm32f4xx_it.o(i.TIM5_IRQHandler) referenced from startup_stm32f4xx.o(RESET)
 <LI><a href="#[4b]">TIM6_DAC_IRQHandler</a> from startup_stm32f4xx.o(.text) referenced from startup_stm32f4xx.o(RESET)
 <LI><a href="#[4c]">TIM7_IRQHandler</a> from startup_stm32f4xx.o(.text) referenced from startup_stm32f4xx.o(RESET)
 <LI><a href="#[40]">TIM8_BRK_TIM12_IRQHandler</a> from startup_stm32f4xx.o(.text) referenced from startup_stm32f4xx.o(RESET)
 <LI><a href="#[43]">TIM8_CC_IRQHandler</a> from startup_stm32f4xx.o(.text) referenced from startup_stm32f4xx.o(RESET)
 <LI><a href="#[42]">TIM8_TRG_COM_TIM14_IRQHandler</a> from startup_stm32f4xx.o(.text) referenced from startup_stm32f4xx.o(RESET)
 <LI><a href="#[41]">TIM8_UP_TIM13_IRQHandler</a> from stm32f4xx_it.o(i.TIM8_UP_TIM13_IRQHandler) referenced from startup_stm32f4xx.o(RESET)
 <LI><a href="#[49]">UART4_IRQHandler</a> from startup_stm32f4xx.o(.text) referenced from startup_stm32f4xx.o(RESET)
 <LI><a href="#[4a]">UART5_IRQHandler</a> from stm32f4xx_it.o(i.UART5_IRQHandler) referenced from startup_stm32f4xx.o(RESET)
 <LI><a href="#[3a]">USART1_IRQHandler</a> from startup_stm32f4xx.o(.text) referenced from startup_stm32f4xx.o(RESET)
 <LI><a href="#[3b]">USART2_IRQHandler</a> from startup_stm32f4xx.o(.text) referenced from startup_stm32f4xx.o(RESET)
 <LI><a href="#[3c]">USART3_IRQHandler</a> from stm32f4xx_it.o(i.USART3_IRQHandler) referenced from startup_stm32f4xx.o(RESET)
 <LI><a href="#[5c]">USART6_IRQHandler</a> from startup_stm32f4xx.o(.text) referenced from startup_stm32f4xx.o(RESET)
 <LI><a href="#[10]">UsageFault_Handler</a> from stm32f4xx_it.o(i.UsageFault_Handler) referenced from startup_stm32f4xx.o(RESET)
 <LI><a href="#[15]">WWDG_IRQHandler</a> from startup_stm32f4xx.o(.text) referenced from startup_stm32f4xx.o(RESET)
 <LI><a href="#[69]">__main</a> from __main.o(!!!main) referenced from startup_stm32f4xx.o(.text)
</UL>
<P>
<H3>
Global Symbols
</H3>
<P><STRONG><a name="[69]"></a>__main</STRONG> (Thumb, 8 bytes, Stack size 0 bytes, __main.o(!!!main))
<BR><BR>[Calls]<UL><LI><a href="#[6b]">&gt;&gt;</a>&nbsp;&nbsp;&nbsp;__rt_entry
<LI><a href="#[6a]">&gt;&gt;</a>&nbsp;&nbsp;&nbsp;__scatterload
</UL>

<P><STRONG><a name="[6a]"></a>__scatterload</STRONG> (Thumb, 0 bytes, Stack size unknown bytes, __scatter.o(!!!scatter))
<BR><BR>[Called By]<UL><LI><a href="#[69]">&gt;&gt;</a>&nbsp;&nbsp;&nbsp;__main
</UL>

<P><STRONG><a name="[6c]"></a>__scatterload_rt2</STRONG> (Thumb, 44 bytes, Stack size unknown bytes, __scatter.o(!!!scatter), UNUSED)
<BR><BR>[Calls]<UL><LI><a href="#[6b]">&gt;&gt;</a>&nbsp;&nbsp;&nbsp;__rt_entry
</UL>

<P><STRONG><a name="[c3]"></a>__scatterload_rt2_thumb_only</STRONG> (Thumb, 0 bytes, Stack size unknown bytes, __scatter.o(!!!scatter), UNUSED)

<P><STRONG><a name="[c4]"></a>__scatterload_null</STRONG> (Thumb, 0 bytes, Stack size unknown bytes, __scatter.o(!!!scatter), UNUSED)

<P><STRONG><a name="[6d]"></a>__scatterload_copy</STRONG> (Thumb, 26 bytes, Stack size unknown bytes, __scatter_copy.o(!!handler_copy), UNUSED)
<BR><BR>[Calls]<UL><LI><a href="#[6d]">&gt;&gt;</a>&nbsp;&nbsp;&nbsp;__scatterload_copy
</UL>
<BR>[Called By]<UL><LI><a href="#[6d]">&gt;&gt;</a>&nbsp;&nbsp;&nbsp;__scatterload_copy
</UL>

<P><STRONG><a name="[c5]"></a>__scatterload_zeroinit</STRONG> (Thumb, 28 bytes, Stack size unknown bytes, __scatter_zi.o(!!handler_zi), UNUSED)

<P><STRONG><a name="[73]"></a>__rt_lib_init</STRONG> (Thumb, 0 bytes, Stack size unknown bytes, libinit.o(.ARM.Collect$$libinit$$00000000))
<BR><BR>[Called By]<UL><LI><a href="#[72]">&gt;&gt;</a>&nbsp;&nbsp;&nbsp;__rt_entry_li
</UL>

<P><STRONG><a name="[6e]"></a>__rt_lib_init_fp_1</STRONG> (Thumb, 0 bytes, Stack size unknown bytes, libinit2.o(.ARM.Collect$$libinit$$00000001))
<BR><BR>[Calls]<UL><LI><a href="#[6f]">&gt;&gt;</a>&nbsp;&nbsp;&nbsp;_fp_init
</UL>

<P><STRONG><a name="[c6]"></a>__rt_lib_init_alloca_1</STRONG> (Thumb, 0 bytes, Stack size unknown bytes, libinit2.o(.ARM.Collect$$libinit$$0000002E))

<P><STRONG><a name="[c7]"></a>__rt_lib_init_argv_1</STRONG> (Thumb, 0 bytes, Stack size unknown bytes, libinit2.o(.ARM.Collect$$libinit$$0000002C))

<P><STRONG><a name="[c8]"></a>__rt_lib_init_atexit_1</STRONG> (Thumb, 0 bytes, Stack size unknown bytes, libinit2.o(.ARM.Collect$$libinit$$0000001B))

<P><STRONG><a name="[c9]"></a>__rt_lib_init_clock_1</STRONG> (Thumb, 0 bytes, Stack size unknown bytes, libinit2.o(.ARM.Collect$$libinit$$00000021))

<P><STRONG><a name="[ca]"></a>__rt_lib_init_cpp_1</STRONG> (Thumb, 0 bytes, Stack size unknown bytes, libinit2.o(.ARM.Collect$$libinit$$00000032))

<P><STRONG><a name="[cb]"></a>__rt_lib_init_exceptions_1</STRONG> (Thumb, 0 bytes, Stack size unknown bytes, libinit2.o(.ARM.Collect$$libinit$$00000030))

<P><STRONG><a name="[cc]"></a>__rt_lib_init_fp_trap_1</STRONG> (Thumb, 0 bytes, Stack size unknown bytes, libinit2.o(.ARM.Collect$$libinit$$0000001F))

<P><STRONG><a name="[cd]"></a>__rt_lib_init_getenv_1</STRONG> (Thumb, 0 bytes, Stack size unknown bytes, libinit2.o(.ARM.Collect$$libinit$$00000023))

<P><STRONG><a name="[ce]"></a>__rt_lib_init_heap_1</STRONG> (Thumb, 0 bytes, Stack size unknown bytes, libinit2.o(.ARM.Collect$$libinit$$0000000A))

<P><STRONG><a name="[cf]"></a>__rt_lib_init_lc_collate_1</STRONG> (Thumb, 0 bytes, Stack size unknown bytes, libinit2.o(.ARM.Collect$$libinit$$00000011))

<P><STRONG><a name="[d0]"></a>__rt_lib_init_lc_ctype_1</STRONG> (Thumb, 0 bytes, Stack size unknown bytes, libinit2.o(.ARM.Collect$$libinit$$00000013))

<P><STRONG><a name="[d1]"></a>__rt_lib_init_lc_monetary_1</STRONG> (Thumb, 0 bytes, Stack size unknown bytes, libinit2.o(.ARM.Collect$$libinit$$00000015))

<P><STRONG><a name="[d2]"></a>__rt_lib_init_lc_numeric_1</STRONG> (Thumb, 0 bytes, Stack size unknown bytes, libinit2.o(.ARM.Collect$$libinit$$00000017))

<P><STRONG><a name="[d3]"></a>__rt_lib_init_lc_time_1</STRONG> (Thumb, 0 bytes, Stack size unknown bytes, libinit2.o(.ARM.Collect$$libinit$$00000019))

<P><STRONG><a name="[d4]"></a>__rt_lib_init_preinit_1</STRONG> (Thumb, 0 bytes, Stack size unknown bytes, libinit2.o(.ARM.Collect$$libinit$$00000004))

<P><STRONG><a name="[d5]"></a>__rt_lib_init_rand_1</STRONG> (Thumb, 0 bytes, Stack size unknown bytes, libinit2.o(.ARM.Collect$$libinit$$0000000E))

<P><STRONG><a name="[d6]"></a>__rt_lib_init_return</STRONG> (Thumb, 0 bytes, Stack size unknown bytes, libinit2.o(.ARM.Collect$$libinit$$00000033))

<P><STRONG><a name="[d7]"></a>__rt_lib_init_signal_1</STRONG> (Thumb, 0 bytes, Stack size unknown bytes, libinit2.o(.ARM.Collect$$libinit$$0000001D))

<P><STRONG><a name="[d8]"></a>__rt_lib_init_stdio_1</STRONG> (Thumb, 0 bytes, Stack size unknown bytes, libinit2.o(.ARM.Collect$$libinit$$00000025))

<P><STRONG><a name="[d9]"></a>__rt_lib_init_user_alloc_1</STRONG> (Thumb, 0 bytes, Stack size unknown bytes, libinit2.o(.ARM.Collect$$libinit$$0000000C))

<P><STRONG><a name="[78]"></a>__rt_lib_shutdown</STRONG> (Thumb, 0 bytes, Stack size unknown bytes, libshutdown.o(.ARM.Collect$$libshutdown$$00000000))
<BR><BR>[Called By]<UL><LI><a href="#[77]">&gt;&gt;</a>&nbsp;&nbsp;&nbsp;__rt_exit_ls
</UL>

<P><STRONG><a name="[da]"></a>__rt_lib_shutdown_cpp_1</STRONG> (Thumb, 0 bytes, Stack size unknown bytes, libshutdown2.o(.ARM.Collect$$libshutdown$$00000002))

<P><STRONG><a name="[db]"></a>__rt_lib_shutdown_fp_trap_1</STRONG> (Thumb, 0 bytes, Stack size unknown bytes, libshutdown2.o(.ARM.Collect$$libshutdown$$00000007))

<P><STRONG><a name="[dc]"></a>__rt_lib_shutdown_heap_1</STRONG> (Thumb, 0 bytes, Stack size unknown bytes, libshutdown2.o(.ARM.Collect$$libshutdown$$0000000F))

<P><STRONG><a name="[dd]"></a>__rt_lib_shutdown_return</STRONG> (Thumb, 0 bytes, Stack size unknown bytes, libshutdown2.o(.ARM.Collect$$libshutdown$$00000010))

<P><STRONG><a name="[de]"></a>__rt_lib_shutdown_signal_1</STRONG> (Thumb, 0 bytes, Stack size unknown bytes, libshutdown2.o(.ARM.Collect$$libshutdown$$0000000A))

<P><STRONG><a name="[df]"></a>__rt_lib_shutdown_stdio_1</STRONG> (Thumb, 0 bytes, Stack size unknown bytes, libshutdown2.o(.ARM.Collect$$libshutdown$$00000004))

<P><STRONG><a name="[e0]"></a>__rt_lib_shutdown_user_alloc_1</STRONG> (Thumb, 0 bytes, Stack size unknown bytes, libshutdown2.o(.ARM.Collect$$libshutdown$$0000000C))

<P><STRONG><a name="[6b]"></a>__rt_entry</STRONG> (Thumb, 0 bytes, Stack size unknown bytes, __rtentry.o(.ARM.Collect$$rtentry$$00000000))
<BR><BR>[Called By]<UL><LI><a href="#[69]">&gt;&gt;</a>&nbsp;&nbsp;&nbsp;__main
<LI><a href="#[6c]">&gt;&gt;</a>&nbsp;&nbsp;&nbsp;__scatterload_rt2
</UL>

<P><STRONG><a name="[e1]"></a>__rt_entry_presh_1</STRONG> (Thumb, 0 bytes, Stack size unknown bytes, __rtentry2.o(.ARM.Collect$$rtentry$$00000002))

<P><STRONG><a name="[70]"></a>__rt_entry_sh</STRONG> (Thumb, 0 bytes, Stack size unknown bytes, __rtentry4.o(.ARM.Collect$$rtentry$$00000004))
<BR><BR>[Stack]<UL><LI>Max Depth = 8 + Unknown Stack Size
<LI>Call Chain = __rt_entry_sh &rArr; __user_setup_stackheap
</UL>
<BR>[Calls]<UL><LI><a href="#[71]">&gt;&gt;</a>&nbsp;&nbsp;&nbsp;__user_setup_stackheap
</UL>

<P><STRONG><a name="[72]"></a>__rt_entry_li</STRONG> (Thumb, 0 bytes, Stack size unknown bytes, __rtentry2.o(.ARM.Collect$$rtentry$$0000000A))
<BR><BR>[Calls]<UL><LI><a href="#[73]">&gt;&gt;</a>&nbsp;&nbsp;&nbsp;__rt_lib_init
</UL>

<P><STRONG><a name="[e2]"></a>__rt_entry_postsh_1</STRONG> (Thumb, 0 bytes, Stack size unknown bytes, __rtentry2.o(.ARM.Collect$$rtentry$$00000009))

<P><STRONG><a name="[74]"></a>__rt_entry_main</STRONG> (Thumb, 0 bytes, Stack size unknown bytes, __rtentry2.o(.ARM.Collect$$rtentry$$0000000D))
<BR><BR>[Stack]<UL><LI>Max Depth = 180 + Unknown Stack Size
<LI>Call Chain = __rt_entry_main &rArr; main &rArr; init &rArr; USART3_DMA_Init &rArr; USART_Init &rArr; RCC_GetClocksFreq
</UL>
<BR>[Calls]<UL><LI><a href="#[75]">&gt;&gt;</a>&nbsp;&nbsp;&nbsp;main
<LI><a href="#[76]">&gt;&gt;</a>&nbsp;&nbsp;&nbsp;exit
</UL>

<P><STRONG><a name="[e3]"></a>__rt_entry_postli_1</STRONG> (Thumb, 0 bytes, Stack size unknown bytes, __rtentry2.o(.ARM.Collect$$rtentry$$0000000C))

<P><STRONG><a name="[80]"></a>__rt_exit</STRONG> (Thumb, 0 bytes, Stack size unknown bytes, rtexit.o(.ARM.Collect$$rtexit$$00000000))
<BR><BR>[Called By]<UL><LI><a href="#[76]">&gt;&gt;</a>&nbsp;&nbsp;&nbsp;exit
</UL>

<P><STRONG><a name="[77]"></a>__rt_exit_ls</STRONG> (Thumb, 0 bytes, Stack size unknown bytes, rtexit2.o(.ARM.Collect$$rtexit$$00000003))
<BR><BR>[Calls]<UL><LI><a href="#[78]">&gt;&gt;</a>&nbsp;&nbsp;&nbsp;__rt_lib_shutdown
</UL>

<P><STRONG><a name="[e4]"></a>__rt_exit_prels_1</STRONG> (Thumb, 0 bytes, Stack size unknown bytes, rtexit2.o(.ARM.Collect$$rtexit$$00000002))

<P><STRONG><a name="[79]"></a>__rt_exit_exit</STRONG> (Thumb, 0 bytes, Stack size unknown bytes, rtexit2.o(.ARM.Collect$$rtexit$$00000004))
<BR><BR>[Calls]<UL><LI><a href="#[7a]">&gt;&gt;</a>&nbsp;&nbsp;&nbsp;_sys_exit
</UL>

<P><STRONG><a name="[b]"></a>Reset_Handler</STRONG> (Thumb, 8 bytes, Stack size 0 bytes, startup_stm32f4xx.o(.text))
<BR>[Address Reference Count : 1]<UL><LI> startup_stm32f4xx.o(RESET)
</UL>
<P><STRONG><a name="[13]"></a>PendSV_Handler</STRONG> (Thumb, 2 bytes, Stack size 0 bytes, startup_stm32f4xx.o(.text))
<BR><BR>[Calls]<UL><LI><a href="#[13]">&gt;&gt;</a>&nbsp;&nbsp;&nbsp;PendSV_Handler
</UL>
<BR>[Called By]<UL><LI><a href="#[13]">&gt;&gt;</a>&nbsp;&nbsp;&nbsp;PendSV_Handler
</UL>
<BR>[Address Reference Count : 1]<UL><LI> startup_stm32f4xx.o(RESET)
</UL>
<P><STRONG><a name="[14]"></a>SysTick_Handler</STRONG> (Thumb, 2 bytes, Stack size 0 bytes, startup_stm32f4xx.o(.text))
<BR><BR>[Calls]<UL><LI><a href="#[14]">&gt;&gt;</a>&nbsp;&nbsp;&nbsp;SysTick_Handler
</UL>
<BR>[Called By]<UL><LI><a href="#[14]">&gt;&gt;</a>&nbsp;&nbsp;&nbsp;SysTick_Handler
</UL>
<BR>[Address Reference Count : 1]<UL><LI> startup_stm32f4xx.o(RESET)
</UL>
<P><STRONG><a name="[27]"></a>ADC_IRQHandler</STRONG> (Thumb, 0 bytes, Stack size 0 bytes, startup_stm32f4xx.o(.text))
<BR><BR>[Calls]<UL><LI><a href="#[27]">&gt;&gt;</a>&nbsp;&nbsp;&nbsp;ADC_IRQHandler
</UL>
<BR>[Called By]<UL><LI><a href="#[27]">&gt;&gt;</a>&nbsp;&nbsp;&nbsp;ADC_IRQHandler
</UL>
<BR>[Address Reference Count : 1]<UL><LI> startup_stm32f4xx.o(RESET)
</UL>
<P><STRONG><a name="[2a]"></a>CAN1_RX1_IRQHandler</STRONG> (Thumb, 0 bytes, Stack size 0 bytes, startup_stm32f4xx.o(.text))
<BR>[Address Reference Count : 1]<UL><LI> startup_stm32f4xx.o(RESET)
</UL>
<P><STRONG><a name="[2b]"></a>CAN1_SCE_IRQHandler</STRONG> (Thumb, 0 bytes, Stack size 0 bytes, startup_stm32f4xx.o(.text))
<BR>[Address Reference Count : 1]<UL><LI> startup_stm32f4xx.o(RESET)
</UL>
<P><STRONG><a name="[28]"></a>CAN1_TX_IRQHandler</STRONG> (Thumb, 0 bytes, Stack size 0 bytes, startup_stm32f4xx.o(.text))
<BR>[Address Reference Count : 1]<UL><LI> startup_stm32f4xx.o(RESET)
</UL>
<P><STRONG><a name="[55]"></a>CAN2_RX0_IRQHandler</STRONG> (Thumb, 0 bytes, Stack size 0 bytes, startup_stm32f4xx.o(.text))
<BR>[Address Reference Count : 1]<UL><LI> startup_stm32f4xx.o(RESET)
</UL>
<P><STRONG><a name="[56]"></a>CAN2_RX1_IRQHandler</STRONG> (Thumb, 0 bytes, Stack size 0 bytes, startup_stm32f4xx.o(.text))
<BR>[Address Reference Count : 1]<UL><LI> startup_stm32f4xx.o(RESET)
</UL>
<P><STRONG><a name="[57]"></a>CAN2_SCE_IRQHandler</STRONG> (Thumb, 0 bytes, Stack size 0 bytes, startup_stm32f4xx.o(.text))
<BR>[Address Reference Count : 1]<UL><LI> startup_stm32f4xx.o(RESET)
</UL>
<P><STRONG><a name="[54]"></a>CAN2_TX_IRQHandler</STRONG> (Thumb, 0 bytes, Stack size 0 bytes, startup_stm32f4xx.o(.text))
<BR>[Address Reference Count : 1]<UL><LI> startup_stm32f4xx.o(RESET)
</UL>
<P><STRONG><a name="[64]"></a>CRYP_IRQHandler</STRONG> (Thumb, 0 bytes, Stack size 0 bytes, startup_stm32f4xx.o(.text))
<BR>[Address Reference Count : 1]<UL><LI> startup_stm32f4xx.o(RESET)
</UL>
<P><STRONG><a name="[63]"></a>DCMI_IRQHandler</STRONG> (Thumb, 0 bytes, Stack size 0 bytes, startup_stm32f4xx.o(.text))
<BR>[Address Reference Count : 1]<UL><LI> startup_stm32f4xx.o(RESET)
</UL>
<P><STRONG><a name="[20]"></a>DMA1_Stream0_IRQHandler</STRONG> (Thumb, 0 bytes, Stack size 0 bytes, startup_stm32f4xx.o(.text))
<BR>[Address Reference Count : 1]<UL><LI> startup_stm32f4xx.o(RESET)
</UL>
<P><STRONG><a name="[21]"></a>DMA1_Stream1_IRQHandler</STRONG> (Thumb, 0 bytes, Stack size 0 bytes, startup_stm32f4xx.o(.text))
<BR>[Address Reference Count : 1]<UL><LI> startup_stm32f4xx.o(RESET)
</UL>
<P><STRONG><a name="[22]"></a>DMA1_Stream2_IRQHandler</STRONG> (Thumb, 0 bytes, Stack size 0 bytes, startup_stm32f4xx.o(.text))
<BR>[Address Reference Count : 1]<UL><LI> startup_stm32f4xx.o(RESET)
</UL>
<P><STRONG><a name="[24]"></a>DMA1_Stream4_IRQHandler</STRONG> (Thumb, 0 bytes, Stack size 0 bytes, startup_stm32f4xx.o(.text))
<BR>[Address Reference Count : 1]<UL><LI> startup_stm32f4xx.o(RESET)
</UL>
<P><STRONG><a name="[25]"></a>DMA1_Stream5_IRQHandler</STRONG> (Thumb, 0 bytes, Stack size 0 bytes, startup_stm32f4xx.o(.text))
<BR>[Address Reference Count : 1]<UL><LI> startup_stm32f4xx.o(RESET)
</UL>
<P><STRONG><a name="[26]"></a>DMA1_Stream6_IRQHandler</STRONG> (Thumb, 0 bytes, Stack size 0 bytes, startup_stm32f4xx.o(.text))
<BR>[Address Reference Count : 1]<UL><LI> startup_stm32f4xx.o(RESET)
</UL>
<P><STRONG><a name="[44]"></a>DMA1_Stream7_IRQHandler</STRONG> (Thumb, 0 bytes, Stack size 0 bytes, startup_stm32f4xx.o(.text))
<BR>[Address Reference Count : 1]<UL><LI> startup_stm32f4xx.o(RESET)
</UL>
<P><STRONG><a name="[4d]"></a>DMA2_Stream0_IRQHandler</STRONG> (Thumb, 0 bytes, Stack size 0 bytes, startup_stm32f4xx.o(.text))
<BR>[Address Reference Count : 1]<UL><LI> startup_stm32f4xx.o(RESET)
</UL>
<P><STRONG><a name="[4e]"></a>DMA2_Stream1_IRQHandler</STRONG> (Thumb, 0 bytes, Stack size 0 bytes, startup_stm32f4xx.o(.text))
<BR>[Address Reference Count : 1]<UL><LI> startup_stm32f4xx.o(RESET)
</UL>
<P><STRONG><a name="[4f]"></a>DMA2_Stream2_IRQHandler</STRONG> (Thumb, 0 bytes, Stack size 0 bytes, startup_stm32f4xx.o(.text))
<BR>[Address Reference Count : 1]<UL><LI> startup_stm32f4xx.o(RESET)
</UL>
<P><STRONG><a name="[50]"></a>DMA2_Stream3_IRQHandler</STRONG> (Thumb, 0 bytes, Stack size 0 bytes, startup_stm32f4xx.o(.text))
<BR>[Address Reference Count : 1]<UL><LI> startup_stm32f4xx.o(RESET)
</UL>
<P><STRONG><a name="[51]"></a>DMA2_Stream4_IRQHandler</STRONG> (Thumb, 0 bytes, Stack size 0 bytes, startup_stm32f4xx.o(.text))
<BR>[Address Reference Count : 1]<UL><LI> startup_stm32f4xx.o(RESET)
</UL>
<P><STRONG><a name="[59]"></a>DMA2_Stream5_IRQHandler</STRONG> (Thumb, 0 bytes, Stack size 0 bytes, startup_stm32f4xx.o(.text))
<BR>[Address Reference Count : 1]<UL><LI> startup_stm32f4xx.o(RESET)
</UL>
<P><STRONG><a name="[5a]"></a>DMA2_Stream6_IRQHandler</STRONG> (Thumb, 0 bytes, Stack size 0 bytes, startup_stm32f4xx.o(.text))
<BR>[Address Reference Count : 1]<UL><LI> startup_stm32f4xx.o(RESET)
</UL>
<P><STRONG><a name="[5b]"></a>DMA2_Stream7_IRQHandler</STRONG> (Thumb, 0 bytes, Stack size 0 bytes, startup_stm32f4xx.o(.text))
<BR>[Address Reference Count : 1]<UL><LI> startup_stm32f4xx.o(RESET)
</UL>
<P><STRONG><a name="[52]"></a>ETH_IRQHandler</STRONG> (Thumb, 0 bytes, Stack size 0 bytes, startup_stm32f4xx.o(.text))
<BR>[Address Reference Count : 1]<UL><LI> startup_stm32f4xx.o(RESET)
</UL>
<P><STRONG><a name="[53]"></a>ETH_WKUP_IRQHandler</STRONG> (Thumb, 0 bytes, Stack size 0 bytes, startup_stm32f4xx.o(.text))
<BR>[Address Reference Count : 1]<UL><LI> startup_stm32f4xx.o(RESET)
</UL>
<P><STRONG><a name="[1b]"></a>EXTI0_IRQHandler</STRONG> (Thumb, 0 bytes, Stack size 0 bytes, startup_stm32f4xx.o(.text))
<BR>[Address Reference Count : 1]<UL><LI> startup_stm32f4xx.o(RESET)
</UL>
<P><STRONG><a name="[3d]"></a>EXTI15_10_IRQHandler</STRONG> (Thumb, 0 bytes, Stack size 0 bytes, startup_stm32f4xx.o(.text))
<BR>[Address Reference Count : 1]<UL><LI> startup_stm32f4xx.o(RESET)
</UL>
<P><STRONG><a name="[1c]"></a>EXTI1_IRQHandler</STRONG> (Thumb, 0 bytes, Stack size 0 bytes, startup_stm32f4xx.o(.text))
<BR>[Address Reference Count : 1]<UL><LI> startup_stm32f4xx.o(RESET)
</UL>
<P><STRONG><a name="[1d]"></a>EXTI2_IRQHandler</STRONG> (Thumb, 0 bytes, Stack size 0 bytes, startup_stm32f4xx.o(.text))
<BR>[Address Reference Count : 1]<UL><LI> startup_stm32f4xx.o(RESET)
</UL>
<P><STRONG><a name="[1e]"></a>EXTI3_IRQHandler</STRONG> (Thumb, 0 bytes, Stack size 0 bytes, startup_stm32f4xx.o(.text))
<BR>[Address Reference Count : 1]<UL><LI> startup_stm32f4xx.o(RESET)
</UL>
<P><STRONG><a name="[1f]"></a>EXTI4_IRQHandler</STRONG> (Thumb, 0 bytes, Stack size 0 bytes, startup_stm32f4xx.o(.text))
<BR>[Address Reference Count : 1]<UL><LI> startup_stm32f4xx.o(RESET)
</UL>
<P><STRONG><a name="[2c]"></a>EXTI9_5_IRQHandler</STRONG> (Thumb, 0 bytes, Stack size 0 bytes, startup_stm32f4xx.o(.text))
<BR>[Address Reference Count : 1]<UL><LI> startup_stm32f4xx.o(RESET)
</UL>
<P><STRONG><a name="[19]"></a>FLASH_IRQHandler</STRONG> (Thumb, 0 bytes, Stack size 0 bytes, startup_stm32f4xx.o(.text))
<BR>[Address Reference Count : 1]<UL><LI> startup_stm32f4xx.o(RESET)
</UL>
<P><STRONG><a name="[66]"></a>FPU_IRQHandler</STRONG> (Thumb, 0 bytes, Stack size 0 bytes, startup_stm32f4xx.o(.text))
<BR>[Address Reference Count : 1]<UL><LI> startup_stm32f4xx.o(RESET)
</UL>
<P><STRONG><a name="[45]"></a>FSMC_IRQHandler</STRONG> (Thumb, 0 bytes, Stack size 0 bytes, startup_stm32f4xx.o(.text))
<BR>[Address Reference Count : 1]<UL><LI> startup_stm32f4xx.o(RESET)
</UL>
<P><STRONG><a name="[65]"></a>HASH_RNG_IRQHandler</STRONG> (Thumb, 0 bytes, Stack size 0 bytes, startup_stm32f4xx.o(.text))
<BR>[Address Reference Count : 1]<UL><LI> startup_stm32f4xx.o(RESET)
</UL>
<P><STRONG><a name="[35]"></a>I2C1_ER_IRQHandler</STRONG> (Thumb, 0 bytes, Stack size 0 bytes, startup_stm32f4xx.o(.text))
<BR>[Address Reference Count : 1]<UL><LI> startup_stm32f4xx.o(RESET)
</UL>
<P><STRONG><a name="[34]"></a>I2C1_EV_IRQHandler</STRONG> (Thumb, 0 bytes, Stack size 0 bytes, startup_stm32f4xx.o(.text))
<BR>[Address Reference Count : 1]<UL><LI> startup_stm32f4xx.o(RESET)
</UL>
<P><STRONG><a name="[37]"></a>I2C2_ER_IRQHandler</STRONG> (Thumb, 0 bytes, Stack size 0 bytes, startup_stm32f4xx.o(.text))
<BR>[Address Reference Count : 1]<UL><LI> startup_stm32f4xx.o(RESET)
</UL>
<P><STRONG><a name="[36]"></a>I2C2_EV_IRQHandler</STRONG> (Thumb, 0 bytes, Stack size 0 bytes, startup_stm32f4xx.o(.text))
<BR>[Address Reference Count : 1]<UL><LI> startup_stm32f4xx.o(RESET)
</UL>
<P><STRONG><a name="[5e]"></a>I2C3_ER_IRQHandler</STRONG> (Thumb, 0 bytes, Stack size 0 bytes, startup_stm32f4xx.o(.text))
<BR>[Address Reference Count : 1]<UL><LI> startup_stm32f4xx.o(RESET)
</UL>
<P><STRONG><a name="[5d]"></a>I2C3_EV_IRQHandler</STRONG> (Thumb, 0 bytes, Stack size 0 bytes, startup_stm32f4xx.o(.text))
<BR>[Address Reference Count : 1]<UL><LI> startup_stm32f4xx.o(RESET)
</UL>
<P><STRONG><a name="[58]"></a>OTG_FS_IRQHandler</STRONG> (Thumb, 0 bytes, Stack size 0 bytes, startup_stm32f4xx.o(.text))
<BR>[Address Reference Count : 1]<UL><LI> startup_stm32f4xx.o(RESET)
</UL>
<P><STRONG><a name="[3f]"></a>OTG_FS_WKUP_IRQHandler</STRONG> (Thumb, 0 bytes, Stack size 0 bytes, startup_stm32f4xx.o(.text))
<BR>[Address Reference Count : 1]<UL><LI> startup_stm32f4xx.o(RESET)
</UL>
<P><STRONG><a name="[60]"></a>OTG_HS_EP1_IN_IRQHandler</STRONG> (Thumb, 0 bytes, Stack size 0 bytes, startup_stm32f4xx.o(.text))
<BR>[Address Reference Count : 1]<UL><LI> startup_stm32f4xx.o(RESET)
</UL>
<P><STRONG><a name="[5f]"></a>OTG_HS_EP1_OUT_IRQHandler</STRONG> (Thumb, 0 bytes, Stack size 0 bytes, startup_stm32f4xx.o(.text))
<BR>[Address Reference Count : 1]<UL><LI> startup_stm32f4xx.o(RESET)
</UL>
<P><STRONG><a name="[62]"></a>OTG_HS_IRQHandler</STRONG> (Thumb, 0 bytes, Stack size 0 bytes, startup_stm32f4xx.o(.text))
<BR>[Address Reference Count : 1]<UL><LI> startup_stm32f4xx.o(RESET)
</UL>
<P><STRONG><a name="[61]"></a>OTG_HS_WKUP_IRQHandler</STRONG> (Thumb, 0 bytes, Stack size 0 bytes, startup_stm32f4xx.o(.text))
<BR>[Address Reference Count : 1]<UL><LI> startup_stm32f4xx.o(RESET)
</UL>
<P><STRONG><a name="[16]"></a>PVD_IRQHandler</STRONG> (Thumb, 0 bytes, Stack size 0 bytes, startup_stm32f4xx.o(.text))
<BR>[Address Reference Count : 1]<UL><LI> startup_stm32f4xx.o(RESET)
</UL>
<P><STRONG><a name="[1a]"></a>RCC_IRQHandler</STRONG> (Thumb, 0 bytes, Stack size 0 bytes, startup_stm32f4xx.o(.text))
<BR>[Address Reference Count : 1]<UL><LI> startup_stm32f4xx.o(RESET)
</UL>
<P><STRONG><a name="[3e]"></a>RTC_Alarm_IRQHandler</STRONG> (Thumb, 0 bytes, Stack size 0 bytes, startup_stm32f4xx.o(.text))
<BR>[Address Reference Count : 1]<UL><LI> startup_stm32f4xx.o(RESET)
</UL>
<P><STRONG><a name="[18]"></a>RTC_WKUP_IRQHandler</STRONG> (Thumb, 0 bytes, Stack size 0 bytes, startup_stm32f4xx.o(.text))
<BR>[Address Reference Count : 1]<UL><LI> startup_stm32f4xx.o(RESET)
</UL>
<P><STRONG><a name="[46]"></a>SDIO_IRQHandler</STRONG> (Thumb, 0 bytes, Stack size 0 bytes, startup_stm32f4xx.o(.text))
<BR>[Address Reference Count : 1]<UL><LI> startup_stm32f4xx.o(RESET)
</UL>
<P><STRONG><a name="[38]"></a>SPI1_IRQHandler</STRONG> (Thumb, 0 bytes, Stack size 0 bytes, startup_stm32f4xx.o(.text))
<BR>[Address Reference Count : 1]<UL><LI> startup_stm32f4xx.o(RESET)
</UL>
<P><STRONG><a name="[39]"></a>SPI2_IRQHandler</STRONG> (Thumb, 0 bytes, Stack size 0 bytes, startup_stm32f4xx.o(.text))
<BR>[Address Reference Count : 1]<UL><LI> startup_stm32f4xx.o(RESET)
</UL>
<P><STRONG><a name="[48]"></a>SPI3_IRQHandler</STRONG> (Thumb, 0 bytes, Stack size 0 bytes, startup_stm32f4xx.o(.text))
<BR>[Address Reference Count : 1]<UL><LI> startup_stm32f4xx.o(RESET)
</UL>
<P><STRONG><a name="[17]"></a>TAMP_STAMP_IRQHandler</STRONG> (Thumb, 0 bytes, Stack size 0 bytes, startup_stm32f4xx.o(.text))
<BR>[Address Reference Count : 1]<UL><LI> startup_stm32f4xx.o(RESET)
</UL>
<P><STRONG><a name="[2d]"></a>TIM1_BRK_TIM9_IRQHandler</STRONG> (Thumb, 0 bytes, Stack size 0 bytes, startup_stm32f4xx.o(.text))
<BR>[Address Reference Count : 1]<UL><LI> startup_stm32f4xx.o(RESET)
</UL>
<P><STRONG><a name="[30]"></a>TIM1_CC_IRQHandler</STRONG> (Thumb, 0 bytes, Stack size 0 bytes, startup_stm32f4xx.o(.text))
<BR>[Address Reference Count : 1]<UL><LI> startup_stm32f4xx.o(RESET)
</UL>
<P><STRONG><a name="[2f]"></a>TIM1_TRG_COM_TIM11_IRQHandler</STRONG> (Thumb, 0 bytes, Stack size 0 bytes, startup_stm32f4xx.o(.text))
<BR>[Address Reference Count : 1]<UL><LI> startup_stm32f4xx.o(RESET)
</UL>
<P><STRONG><a name="[4b]"></a>TIM6_DAC_IRQHandler</STRONG> (Thumb, 0 bytes, Stack size 0 bytes, startup_stm32f4xx.o(.text))
<BR>[Address Reference Count : 1]<UL><LI> startup_stm32f4xx.o(RESET)
</UL>
<P><STRONG><a name="[4c]"></a>TIM7_IRQHandler</STRONG> (Thumb, 0 bytes, Stack size 0 bytes, startup_stm32f4xx.o(.text))
<BR>[Address Reference Count : 1]<UL><LI> startup_stm32f4xx.o(RESET)
</UL>
<P><STRONG><a name="[40]"></a>TIM8_BRK_TIM12_IRQHandler</STRONG> (Thumb, 0 bytes, Stack size 0 bytes, startup_stm32f4xx.o(.text))
<BR>[Address Reference Count : 1]<UL><LI> startup_stm32f4xx.o(RESET)
</UL>
<P><STRONG><a name="[43]"></a>TIM8_CC_IRQHandler</STRONG> (Thumb, 0 bytes, Stack size 0 bytes, startup_stm32f4xx.o(.text))
<BR>[Address Reference Count : 1]<UL><LI> startup_stm32f4xx.o(RESET)
</UL>
<P><STRONG><a name="[42]"></a>TIM8_TRG_COM_TIM14_IRQHandler</STRONG> (Thumb, 0 bytes, Stack size 0 bytes, startup_stm32f4xx.o(.text))
<BR>[Address Reference Count : 1]<UL><LI> startup_stm32f4xx.o(RESET)
</UL>
<P><STRONG><a name="[49]"></a>UART4_IRQHandler</STRONG> (Thumb, 0 bytes, Stack size 0 bytes, startup_stm32f4xx.o(.text))
<BR>[Address Reference Count : 1]<UL><LI> startup_stm32f4xx.o(RESET)
</UL>
<P><STRONG><a name="[3a]"></a>USART1_IRQHandler</STRONG> (Thumb, 0 bytes, Stack size 0 bytes, startup_stm32f4xx.o(.text))
<BR>[Address Reference Count : 1]<UL><LI> startup_stm32f4xx.o(RESET)
</UL>
<P><STRONG><a name="[3b]"></a>USART2_IRQHandler</STRONG> (Thumb, 0 bytes, Stack size 0 bytes, startup_stm32f4xx.o(.text))
<BR>[Address Reference Count : 1]<UL><LI> startup_stm32f4xx.o(RESET)
</UL>
<P><STRONG><a name="[5c]"></a>USART6_IRQHandler</STRONG> (Thumb, 0 bytes, Stack size 0 bytes, startup_stm32f4xx.o(.text))
<BR>[Address Reference Count : 1]<UL><LI> startup_stm32f4xx.o(RESET)
</UL>
<P><STRONG><a name="[15]"></a>WWDG_IRQHandler</STRONG> (Thumb, 0 bytes, Stack size 0 bytes, startup_stm32f4xx.o(.text))
<BR>[Address Reference Count : 1]<UL><LI> startup_stm32f4xx.o(RESET)
</UL>
<P><STRONG><a name="[7f]"></a>__user_initial_stackheap</STRONG> (Thumb, 0 bytes, Stack size unknown bytes, startup_stm32f4xx.o(.text))
<BR><BR>[Called By]<UL><LI><a href="#[71]">&gt;&gt;</a>&nbsp;&nbsp;&nbsp;__user_setup_stackheap
</UL>

<P><STRONG><a name="[e5]"></a>__use_two_region_memory</STRONG> (Thumb, 2 bytes, Stack size 0 bytes, heapauxi.o(.text), UNUSED)

<P><STRONG><a name="[6]"></a>__rt_heap_escrow</STRONG> (Thumb, 2 bytes, Stack size 0 bytes, heapauxi.o(.text), UNUSED)

<P><STRONG><a name="[5]"></a>__rt_heap_expand</STRONG> (Thumb, 2 bytes, Stack size 0 bytes, heapauxi.o(.text), UNUSED)

<P><STRONG><a name="[7b]"></a>__read_errno</STRONG> (Thumb, 10 bytes, Stack size 8 bytes, _rserrno.o(.text), UNUSED)
<BR><BR>[Calls]<UL><LI><a href="#[7c]">&gt;&gt;</a>&nbsp;&nbsp;&nbsp;__aeabi_errno_addr
</UL>

<P><STRONG><a name="[7d]"></a>__set_errno</STRONG> (Thumb, 12 bytes, Stack size 8 bytes, _rserrno.o(.text))
<BR><BR>[Stack]<UL><LI>Max Depth = 8<LI>Call Chain = __set_errno
</UL>
<BR>[Calls]<UL><LI><a href="#[7c]">&gt;&gt;</a>&nbsp;&nbsp;&nbsp;__aeabi_errno_addr
</UL>
<BR>[Called By]<UL><LI><a href="#[a3]">&gt;&gt;</a>&nbsp;&nbsp;&nbsp;__hardfp_sqrt
</UL>

<P><STRONG><a name="[7c]"></a>__aeabi_errno_addr</STRONG> (Thumb, 8 bytes, Stack size 0 bytes, rt_errno_addr_intlibspace.o(.text))
<BR><BR>[Called By]<UL><LI><a href="#[7d]">&gt;&gt;</a>&nbsp;&nbsp;&nbsp;__set_errno
<LI><a href="#[7b]">&gt;&gt;</a>&nbsp;&nbsp;&nbsp;__read_errno
</UL>

<P><STRONG><a name="[e6]"></a>__errno$intlibspace</STRONG> (Thumb, 0 bytes, Stack size 0 bytes, rt_errno_addr_intlibspace.o(.text), UNUSED)

<P><STRONG><a name="[e7]"></a>__rt_errno_addr$intlibspace</STRONG> (Thumb, 0 bytes, Stack size 0 bytes, rt_errno_addr_intlibspace.o(.text), UNUSED)

<P><STRONG><a name="[e8]"></a>__user_libspace</STRONG> (Thumb, 8 bytes, Stack size 0 bytes, libspace.o(.text), UNUSED)

<P><STRONG><a name="[7e]"></a>__user_perproc_libspace</STRONG> (Thumb, 0 bytes, Stack size 0 bytes, libspace.o(.text))
<BR><BR>[Called By]<UL><LI><a href="#[71]">&gt;&gt;</a>&nbsp;&nbsp;&nbsp;__user_setup_stackheap
</UL>

<P><STRONG><a name="[e9]"></a>__user_perthread_libspace</STRONG> (Thumb, 0 bytes, Stack size 0 bytes, libspace.o(.text), UNUSED)

<P><STRONG><a name="[71]"></a>__user_setup_stackheap</STRONG> (Thumb, 74 bytes, Stack size 8 bytes, sys_stackheap_outer.o(.text))
<BR><BR>[Stack]<UL><LI>Max Depth = 8 + Unknown Stack Size
<LI>Call Chain = __user_setup_stackheap
</UL>
<BR>[Calls]<UL><LI><a href="#[7e]">&gt;&gt;</a>&nbsp;&nbsp;&nbsp;__user_perproc_libspace
<LI><a href="#[7f]">&gt;&gt;</a>&nbsp;&nbsp;&nbsp;__user_initial_stackheap
</UL>
<BR>[Called By]<UL><LI><a href="#[70]">&gt;&gt;</a>&nbsp;&nbsp;&nbsp;__rt_entry_sh
</UL>

<P><STRONG><a name="[76]"></a>exit</STRONG> (Thumb, 18 bytes, Stack size 8 bytes, exit.o(.text))
<BR><BR>[Stack]<UL><LI>Max Depth = 8 + Unknown Stack Size
<LI>Call Chain = exit
</UL>
<BR>[Calls]<UL><LI><a href="#[80]">&gt;&gt;</a>&nbsp;&nbsp;&nbsp;__rt_exit
</UL>
<BR>[Called By]<UL><LI><a href="#[74]">&gt;&gt;</a>&nbsp;&nbsp;&nbsp;__rt_entry_main
</UL>

<P><STRONG><a name="[7a]"></a>_sys_exit</STRONG> (Thumb, 8 bytes, Stack size 0 bytes, sys_exit.o(.text))
<BR><BR>[Called By]<UL><LI><a href="#[79]">&gt;&gt;</a>&nbsp;&nbsp;&nbsp;__rt_exit_exit
</UL>

<P><STRONG><a name="[ea]"></a>__I$use$semihosting</STRONG> (Thumb, 0 bytes, Stack size 0 bytes, use_no_semi.o(.text), UNUSED)

<P><STRONG><a name="[eb]"></a>__use_no_semihosting_swi</STRONG> (Thumb, 2 bytes, Stack size 0 bytes, use_no_semi.o(.text), UNUSED)

<P><STRONG><a name="[f]"></a>BusFault_Handler</STRONG> (Thumb, 4 bytes, Stack size 0 bytes, stm32f4xx_it.o(i.BusFault_Handler))
<BR>[Address Reference Count : 1]<UL><LI> startup_stm32f4xx.o(RESET)
</UL>
<P><STRONG><a name="[ec]"></a>__semihosting_library_function</STRONG> (Thumb, 0 bytes, Stack size 0 bytes, indicate_semi.o(.text), UNUSED)

<P><STRONG><a name="[29]"></a>CAN1_RX0_IRQHandler</STRONG> (Thumb, 196 bytes, Stack size 8 bytes, stm32f4xx_it.o(i.CAN1_RX0_IRQHandler))
<BR><BR>[Stack]<UL><LI>Max Depth = 64<LI>Call Chain = CAN1_RX0_IRQHandler &rArr; CAN_RxMsg &rArr; CAN_Receive
</UL>
<BR>[Calls]<UL><LI><a href="#[81]">&gt;&gt;</a>&nbsp;&nbsp;&nbsp;CAN_RxMsg
<LI><a href="#[82]">&gt;&gt;</a>&nbsp;&nbsp;&nbsp;CAN_ClearFlag
</UL>
<BR>[Address Reference Count : 1]<UL><LI> startup_stm32f4xx.o(RESET)
</UL>
<P><STRONG><a name="[82]"></a>CAN_ClearFlag</STRONG> (Thumb, 52 bytes, Stack size 0 bytes, stm32f4xx_can.o(i.CAN_ClearFlag))
<BR><BR>[Called By]<UL><LI><a href="#[29]">&gt;&gt;</a>&nbsp;&nbsp;&nbsp;CAN1_RX0_IRQHandler
</UL>

<P><STRONG><a name="[83]"></a>CAN_Config</STRONG> (Thumb, 940 bytes, Stack size 80 bytes, can.o(i.CAN_Config))
<BR><BR>[Stack]<UL><LI>Max Depth = 100<LI>Call Chain = CAN_Config &rArr; GPIO_PinAFConfig
</UL>
<BR>[Calls]<UL><LI><a href="#[84]">&gt;&gt;</a>&nbsp;&nbsp;&nbsp;RCC_APB1PeriphClockCmd
<LI><a href="#[85]">&gt;&gt;</a>&nbsp;&nbsp;&nbsp;RCC_AHB1PeriphClockCmd
<LI><a href="#[8b]">&gt;&gt;</a>&nbsp;&nbsp;&nbsp;NVIC_Init
<LI><a href="#[86]">&gt;&gt;</a>&nbsp;&nbsp;&nbsp;GPIO_PinAFConfig
<LI><a href="#[87]">&gt;&gt;</a>&nbsp;&nbsp;&nbsp;GPIO_Init
<LI><a href="#[89]">&gt;&gt;</a>&nbsp;&nbsp;&nbsp;CAN_Init
<LI><a href="#[8c]">&gt;&gt;</a>&nbsp;&nbsp;&nbsp;CAN_ITConfig
<LI><a href="#[8a]">&gt;&gt;</a>&nbsp;&nbsp;&nbsp;CAN_FilterInit
<LI><a href="#[88]">&gt;&gt;</a>&nbsp;&nbsp;&nbsp;CAN_DeInit
</UL>
<BR>[Called By]<UL><LI><a href="#[bc]">&gt;&gt;</a>&nbsp;&nbsp;&nbsp;init
</UL>

<P><STRONG><a name="[88]"></a>CAN_DeInit</STRONG> (Thumb, 50 bytes, Stack size 8 bytes, stm32f4xx_can.o(i.CAN_DeInit))
<BR><BR>[Stack]<UL><LI>Max Depth = 8<LI>Call Chain = CAN_DeInit
</UL>
<BR>[Calls]<UL><LI><a href="#[8d]">&gt;&gt;</a>&nbsp;&nbsp;&nbsp;RCC_APB1PeriphResetCmd
</UL>
<BR>[Called By]<UL><LI><a href="#[83]">&gt;&gt;</a>&nbsp;&nbsp;&nbsp;CAN_Config
</UL>

<P><STRONG><a name="[8a]"></a>CAN_FilterInit</STRONG> (Thumb, 258 bytes, Stack size 8 bytes, stm32f4xx_can.o(i.CAN_FilterInit))
<BR><BR>[Stack]<UL><LI>Max Depth = 8<LI>Call Chain = CAN_FilterInit
</UL>
<BR>[Called By]<UL><LI><a href="#[83]">&gt;&gt;</a>&nbsp;&nbsp;&nbsp;CAN_Config
</UL>

<P><STRONG><a name="[8c]"></a>CAN_ITConfig</STRONG> (Thumb, 18 bytes, Stack size 0 bytes, stm32f4xx_can.o(i.CAN_ITConfig))
<BR><BR>[Called By]<UL><LI><a href="#[83]">&gt;&gt;</a>&nbsp;&nbsp;&nbsp;CAN_Config
</UL>

<P><STRONG><a name="[89]"></a>CAN_Init</STRONG> (Thumb, 276 bytes, Stack size 12 bytes, stm32f4xx_can.o(i.CAN_Init))
<BR><BR>[Stack]<UL><LI>Max Depth = 12<LI>Call Chain = CAN_Init
</UL>
<BR>[Called By]<UL><LI><a href="#[83]">&gt;&gt;</a>&nbsp;&nbsp;&nbsp;CAN_Config
</UL>

<P><STRONG><a name="[8e]"></a>CAN_MessagePending</STRONG> (Thumb, 30 bytes, Stack size 0 bytes, stm32f4xx_can.o(i.CAN_MessagePending))
<BR><BR>[Called By]<UL><LI><a href="#[81]">&gt;&gt;</a>&nbsp;&nbsp;&nbsp;CAN_RxMsg
</UL>

<P><STRONG><a name="[8f]"></a>CAN_Receive</STRONG> (Thumb, 240 bytes, Stack size 8 bytes, stm32f4xx_can.o(i.CAN_Receive))
<BR><BR>[Stack]<UL><LI>Max Depth = 8<LI>Call Chain = CAN_Receive
</UL>
<BR>[Called By]<UL><LI><a href="#[81]">&gt;&gt;</a>&nbsp;&nbsp;&nbsp;CAN_RxMsg
</UL>

<P><STRONG><a name="[81]"></a>CAN_RxMsg</STRONG> (Thumb, 72 bytes, Stack size 48 bytes, can.o(i.CAN_RxMsg))
<BR><BR>[Stack]<UL><LI>Max Depth = 56<LI>Call Chain = CAN_RxMsg &rArr; CAN_Receive
</UL>
<BR>[Calls]<UL><LI><a href="#[8f]">&gt;&gt;</a>&nbsp;&nbsp;&nbsp;CAN_Receive
<LI><a href="#[8e]">&gt;&gt;</a>&nbsp;&nbsp;&nbsp;CAN_MessagePending
</UL>
<BR>[Called By]<UL><LI><a href="#[29]">&gt;&gt;</a>&nbsp;&nbsp;&nbsp;CAN1_RX0_IRQHandler
</UL>

<P><STRONG><a name="[90]"></a>CalculSpeed</STRONG> (Thumb, 182 bytes, Stack size 16 bytes, ctrl.o(i.CalculSpeed))
<BR><BR>[Stack]<UL><LI>Max Depth = 16<LI>Call Chain = CalculSpeed
</UL>
<BR>[Calls]<UL><LI><a href="#[91]">&gt;&gt;</a>&nbsp;&nbsp;&nbsp;GetMotorPos
</UL>
<BR>[Called By]<UL><LI><a href="#[9a]">&gt;&gt;</a>&nbsp;&nbsp;&nbsp;PosCtrlInit
<LI><a href="#[9e]">&gt;&gt;</a>&nbsp;&nbsp;&nbsp;MotorCtrl
</UL>

<P><STRONG><a name="[23]"></a>DMA1_Stream3_IRQHandler</STRONG> (Thumb, 40 bytes, Stack size 8 bytes, usart.o(i.DMA1_Stream3_IRQHandler))
<BR><BR>[Stack]<UL><LI>Max Depth = 24<LI>Call Chain = DMA1_Stream3_IRQHandler &rArr; DMA_GetITStatus
</UL>
<BR>[Calls]<UL><LI><a href="#[95]">&gt;&gt;</a>&nbsp;&nbsp;&nbsp;DMA_SetCurrDataCounter
<LI><a href="#[92]">&gt;&gt;</a>&nbsp;&nbsp;&nbsp;DMA_GetITStatus
<LI><a href="#[93]">&gt;&gt;</a>&nbsp;&nbsp;&nbsp;DMA_Cmd
<LI><a href="#[94]">&gt;&gt;</a>&nbsp;&nbsp;&nbsp;DMA_ClearITPendingBit
</UL>
<BR>[Address Reference Count : 1]<UL><LI> startup_stm32f4xx.o(RESET)
</UL>
<P><STRONG><a name="[94]"></a>DMA_ClearITPendingBit</STRONG> (Thumb, 38 bytes, Stack size 0 bytes, stm32f4xx_dma.o(i.DMA_ClearITPendingBit))
<BR><BR>[Called By]<UL><LI><a href="#[23]">&gt;&gt;</a>&nbsp;&nbsp;&nbsp;DMA1_Stream3_IRQHandler
</UL>

<P><STRONG><a name="[93]"></a>DMA_Cmd</STRONG> (Thumb, 22 bytes, Stack size 0 bytes, stm32f4xx_dma.o(i.DMA_Cmd))
<BR><BR>[Called By]<UL><LI><a href="#[96]">&gt;&gt;</a>&nbsp;&nbsp;&nbsp;DMA_Send_Data
<LI><a href="#[23]">&gt;&gt;</a>&nbsp;&nbsp;&nbsp;DMA1_Stream3_IRQHandler
<LI><a href="#[b4]">&gt;&gt;</a>&nbsp;&nbsp;&nbsp;USART3_DMA_Init
</UL>

<P><STRONG><a name="[92]"></a>DMA_GetITStatus</STRONG> (Thumb, 82 bytes, Stack size 16 bytes, stm32f4xx_dma.o(i.DMA_GetITStatus))
<BR><BR>[Stack]<UL><LI>Max Depth = 16<LI>Call Chain = DMA_GetITStatus
</UL>
<BR>[Called By]<UL><LI><a href="#[23]">&gt;&gt;</a>&nbsp;&nbsp;&nbsp;DMA1_Stream3_IRQHandler
</UL>

<P><STRONG><a name="[b9]"></a>DMA_ITConfig</STRONG> (Thumb, 58 bytes, Stack size 8 bytes, stm32f4xx_dma.o(i.DMA_ITConfig))
<BR><BR>[Stack]<UL><LI>Max Depth = 8<LI>Call Chain = DMA_ITConfig
</UL>
<BR>[Called By]<UL><LI><a href="#[b4]">&gt;&gt;</a>&nbsp;&nbsp;&nbsp;USART3_DMA_Init
</UL>

<P><STRONG><a name="[b8]"></a>DMA_Init</STRONG> (Thumb, 82 bytes, Stack size 8 bytes, stm32f4xx_dma.o(i.DMA_Init))
<BR><BR>[Stack]<UL><LI>Max Depth = 8<LI>Call Chain = DMA_Init
</UL>
<BR>[Called By]<UL><LI><a href="#[b4]">&gt;&gt;</a>&nbsp;&nbsp;&nbsp;USART3_DMA_Init
</UL>

<P><STRONG><a name="[96]"></a>DMA_Send_Data</STRONG> (Thumb, 112 bytes, Stack size 16 bytes, usart.o(i.DMA_Send_Data))
<BR><BR>[Stack]<UL><LI>Max Depth = 56<LI>Call Chain = DMA_Send_Data &rArr; SendDMA &rArr; t_pow
</UL>
<BR>[Calls]<UL><LI><a href="#[93]">&gt;&gt;</a>&nbsp;&nbsp;&nbsp;DMA_Cmd
<LI><a href="#[97]">&gt;&gt;</a>&nbsp;&nbsp;&nbsp;SendDMA
</UL>
<BR>[Called By]<UL><LI><a href="#[9e]">&gt;&gt;</a>&nbsp;&nbsp;&nbsp;MotorCtrl
</UL>

<P><STRONG><a name="[95]"></a>DMA_SetCurrDataCounter</STRONG> (Thumb, 4 bytes, Stack size 0 bytes, stm32f4xx_dma.o(i.DMA_SetCurrDataCounter))
<BR><BR>[Called By]<UL><LI><a href="#[23]">&gt;&gt;</a>&nbsp;&nbsp;&nbsp;DMA1_Stream3_IRQHandler
</UL>

<P><STRONG><a name="[12]"></a>DebugMon_Handler</STRONG> (Thumb, 2 bytes, Stack size 0 bytes, stm32f4xx_it.o(i.DebugMon_Handler))
<BR>[Address Reference Count : 1]<UL><LI> startup_stm32f4xx.o(RESET)
</UL>
<P><STRONG><a name="[98]"></a>DriverInit</STRONG> (Thumb, 40 bytes, Stack size 8 bytes, ctrl.o(i.DriverInit))
<BR><BR>[Stack]<UL><LI>Max Depth = 32<LI>Call Chain = DriverInit &rArr; PosCtrlInit &rArr; CalculSpeed
</UL>
<BR>[Calls]<UL><LI><a href="#[99]">&gt;&gt;</a>&nbsp;&nbsp;&nbsp;VelCtrlInit
<LI><a href="#[9a]">&gt;&gt;</a>&nbsp;&nbsp;&nbsp;PosCtrlInit
<LI><a href="#[9b]">&gt;&gt;</a>&nbsp;&nbsp;&nbsp;HomingModeInit
</UL>
<BR>[Called By]<UL><LI><a href="#[bc]">&gt;&gt;</a>&nbsp;&nbsp;&nbsp;init
</UL>

<P><STRONG><a name="[87]"></a>GPIO_Init</STRONG> (Thumb, 144 bytes, Stack size 20 bytes, stm32f4xx_gpio.o(i.GPIO_Init))
<BR><BR>[Stack]<UL><LI>Max Depth = 20<LI>Call Chain = GPIO_Init
</UL>
<BR>[Called By]<UL><LI><a href="#[b4]">&gt;&gt;</a>&nbsp;&nbsp;&nbsp;USART3_DMA_Init
<LI><a href="#[83]">&gt;&gt;</a>&nbsp;&nbsp;&nbsp;CAN_Config
</UL>

<P><STRONG><a name="[86]"></a>GPIO_PinAFConfig</STRONG> (Thumb, 70 bytes, Stack size 20 bytes, stm32f4xx_gpio.o(i.GPIO_PinAFConfig))
<BR><BR>[Stack]<UL><LI>Max Depth = 20<LI>Call Chain = GPIO_PinAFConfig
</UL>
<BR>[Called By]<UL><LI><a href="#[b4]">&gt;&gt;</a>&nbsp;&nbsp;&nbsp;USART3_DMA_Init
<LI><a href="#[83]">&gt;&gt;</a>&nbsp;&nbsp;&nbsp;CAN_Config
</UL>

<P><STRONG><a name="[91]"></a>GetMotorPos</STRONG> (Thumb, 14 bytes, Stack size 0 bytes, rm_motor.o(i.GetMotorPos))
<BR><BR>[Called By]<UL><LI><a href="#[90]">&gt;&gt;</a>&nbsp;&nbsp;&nbsp;CalculSpeed
</UL>

<P><STRONG><a name="[d]"></a>HardFault_Handler</STRONG> (Thumb, 4 bytes, Stack size 0 bytes, stm32f4xx_it.o(i.HardFault_Handler))
<BR>[Address Reference Count : 1]<UL><LI> startup_stm32f4xx.o(RESET)
</UL>
<P><STRONG><a name="[9c]"></a>HomingMode</STRONG> (Thumb, 126 bytes, Stack size 4 bytes, ctrl.o(i.HomingMode))
<BR><BR>[Stack]<UL><LI>Max Depth = 8<LI>Call Chain = HomingMode &rArr; VelCtrl
</UL>
<BR>[Calls]<UL><LI><a href="#[9d]">&gt;&gt;</a>&nbsp;&nbsp;&nbsp;VelCtrl
</UL>
<BR>[Called By]<UL><LI><a href="#[9e]">&gt;&gt;</a>&nbsp;&nbsp;&nbsp;MotorCtrl
</UL>

<P><STRONG><a name="[9b]"></a>HomingModeInit</STRONG> (Thumb, 24 bytes, Stack size 0 bytes, ctrl.o(i.HomingModeInit))
<BR><BR>[Called By]<UL><LI><a href="#[98]">&gt;&gt;</a>&nbsp;&nbsp;&nbsp;DriverInit
</UL>

<P><STRONG><a name="[a1]"></a>MaxMinLimit</STRONG> (Thumb, 38 bytes, Stack size 0 bytes, ctrl.o(i.MaxMinLimit))
<BR><BR>[Called By]<UL><LI><a href="#[9d]">&gt;&gt;</a>&nbsp;&nbsp;&nbsp;VelCtrl
<LI><a href="#[9f]">&gt;&gt;</a>&nbsp;&nbsp;&nbsp;PosCtrl
</UL>

<P><STRONG><a name="[e]"></a>MemManage_Handler</STRONG> (Thumb, 4 bytes, Stack size 0 bytes, stm32f4xx_it.o(i.MemManage_Handler))
<BR>[Address Reference Count : 1]<UL><LI> startup_stm32f4xx.o(RESET)
</UL>
<P><STRONG><a name="[9e]"></a>MotorCtrl</STRONG> (Thumb, 154 bytes, Stack size 16 bytes, ctrl.o(i.MotorCtrl))
<BR><BR>[Stack]<UL><LI>Max Depth = 120<LI>Call Chain = MotorCtrl &rArr; PosCtrl &rArr; __hardfp_sqrt &rArr; _dsqrt &rArr; __fpl_dnaninf
</UL>
<BR>[Calls]<UL><LI><a href="#[a0]">&gt;&gt;</a>&nbsp;&nbsp;&nbsp;VelSlope
<LI><a href="#[9d]">&gt;&gt;</a>&nbsp;&nbsp;&nbsp;VelCtrl
<LI><a href="#[9f]">&gt;&gt;</a>&nbsp;&nbsp;&nbsp;PosCtrl
<LI><a href="#[9c]">&gt;&gt;</a>&nbsp;&nbsp;&nbsp;HomingMode
<LI><a href="#[90]">&gt;&gt;</a>&nbsp;&nbsp;&nbsp;CalculSpeed
<LI><a href="#[96]">&gt;&gt;</a>&nbsp;&nbsp;&nbsp;DMA_Send_Data
</UL>
<BR>[Called By]<UL><LI><a href="#[31]">&gt;&gt;</a>&nbsp;&nbsp;&nbsp;TIM2_IRQHandler
</UL>

<P><STRONG><a name="[c]"></a>NMI_Handler</STRONG> (Thumb, 4 bytes, Stack size 0 bytes, stm32f4xx_it.o(i.NMI_Handler))
<BR>[Address Reference Count : 1]<UL><LI> startup_stm32f4xx.o(RESET)
</UL>
<P><STRONG><a name="[8b]"></a>NVIC_Init</STRONG> (Thumb, 106 bytes, Stack size 16 bytes, misc.o(i.NVIC_Init))
<BR><BR>[Stack]<UL><LI>Max Depth = 16<LI>Call Chain = NVIC_Init
</UL>
<BR>[Called By]<UL><LI><a href="#[b4]">&gt;&gt;</a>&nbsp;&nbsp;&nbsp;USART3_DMA_Init
<LI><a href="#[b0]">&gt;&gt;</a>&nbsp;&nbsp;&nbsp;TIM_Init
<LI><a href="#[83]">&gt;&gt;</a>&nbsp;&nbsp;&nbsp;CAN_Config
</UL>

<P><STRONG><a name="[bd]"></a>NVIC_PriorityGroupConfig</STRONG> (Thumb, 10 bytes, Stack size 0 bytes, misc.o(i.NVIC_PriorityGroupConfig))
<BR><BR>[Called By]<UL><LI><a href="#[bc]">&gt;&gt;</a>&nbsp;&nbsp;&nbsp;init
</UL>

<P><STRONG><a name="[9f]"></a>PosCtrl</STRONG> (Thumb, 2308 bytes, Stack size 32 bytes, ctrl.o(i.PosCtrl))
<BR><BR>[Stack]<UL><LI>Max Depth = 104<LI>Call Chain = PosCtrl &rArr; __hardfp_sqrt &rArr; _dsqrt &rArr; __fpl_dnaninf
</UL>
<BR>[Calls]<UL><LI><a href="#[a1]">&gt;&gt;</a>&nbsp;&nbsp;&nbsp;MaxMinLimit
<LI><a href="#[a3]">&gt;&gt;</a>&nbsp;&nbsp;&nbsp;__hardfp_sqrt
<LI><a href="#[a2]">&gt;&gt;</a>&nbsp;&nbsp;&nbsp;__aeabi_f2d
<LI><a href="#[a4]">&gt;&gt;</a>&nbsp;&nbsp;&nbsp;__aeabi_d2iz
</UL>
<BR>[Called By]<UL><LI><a href="#[9e]">&gt;&gt;</a>&nbsp;&nbsp;&nbsp;MotorCtrl
</UL>

<P><STRONG><a name="[9a]"></a>PosCtrlInit</STRONG> (Thumb, 78 bytes, Stack size 8 bytes, ctrl.o(i.PosCtrlInit))
<BR><BR>[Stack]<UL><LI>Max Depth = 24<LI>Call Chain = PosCtrlInit &rArr; CalculSpeed
</UL>
<BR>[Calls]<UL><LI><a href="#[90]">&gt;&gt;</a>&nbsp;&nbsp;&nbsp;CalculSpeed
</UL>
<BR>[Called By]<UL><LI><a href="#[98]">&gt;&gt;</a>&nbsp;&nbsp;&nbsp;DriverInit
</UL>

<P><STRONG><a name="[85]"></a>RCC_AHB1PeriphClockCmd</STRONG> (Thumb, 26 bytes, Stack size 0 bytes, stm32f4xx_rcc.o(i.RCC_AHB1PeriphClockCmd))
<BR><BR>[Called By]<UL><LI><a href="#[b4]">&gt;&gt;</a>&nbsp;&nbsp;&nbsp;USART3_DMA_Init
<LI><a href="#[83]">&gt;&gt;</a>&nbsp;&nbsp;&nbsp;CAN_Config
</UL>

<P><STRONG><a name="[84]"></a>RCC_APB1PeriphClockCmd</STRONG> (Thumb, 26 bytes, Stack size 0 bytes, stm32f4xx_rcc.o(i.RCC_APB1PeriphClockCmd))
<BR><BR>[Called By]<UL><LI><a href="#[a9]">&gt;&gt;</a>&nbsp;&nbsp;&nbsp;TIM_Delay100us
<LI><a href="#[b4]">&gt;&gt;</a>&nbsp;&nbsp;&nbsp;USART3_DMA_Init
<LI><a href="#[b0]">&gt;&gt;</a>&nbsp;&nbsp;&nbsp;TIM_Init
<LI><a href="#[83]">&gt;&gt;</a>&nbsp;&nbsp;&nbsp;CAN_Config
</UL>

<P><STRONG><a name="[8d]"></a>RCC_APB1PeriphResetCmd</STRONG> (Thumb, 26 bytes, Stack size 0 bytes, stm32f4xx_rcc.o(i.RCC_APB1PeriphResetCmd))
<BR><BR>[Called By]<UL><LI><a href="#[88]">&gt;&gt;</a>&nbsp;&nbsp;&nbsp;CAN_DeInit
</UL>

<P><STRONG><a name="[aa]"></a>RCC_APB2PeriphClockCmd</STRONG> (Thumb, 26 bytes, Stack size 0 bytes, stm32f4xx_rcc.o(i.RCC_APB2PeriphClockCmd))
<BR><BR>[Called By]<UL><LI><a href="#[a9]">&gt;&gt;</a>&nbsp;&nbsp;&nbsp;TIM_Delay100us
<LI><a href="#[b0]">&gt;&gt;</a>&nbsp;&nbsp;&nbsp;TIM_Init
</UL>

<P><STRONG><a name="[ba]"></a>RCC_GetClocksFreq</STRONG> (Thumb, 214 bytes, Stack size 20 bytes, stm32f4xx_rcc.o(i.RCC_GetClocksFreq))
<BR><BR>[Stack]<UL><LI>Max Depth = 20<LI>Call Chain = RCC_GetClocksFreq
</UL>
<BR>[Called By]<UL><LI><a href="#[b5]">&gt;&gt;</a>&nbsp;&nbsp;&nbsp;USART_Init
</UL>

<P><STRONG><a name="[11]"></a>SVC_Handler</STRONG> (Thumb, 2 bytes, Stack size 0 bytes, stm32f4xx_it.o(i.SVC_Handler))
<BR>[Address Reference Count : 1]<UL><LI> startup_stm32f4xx.o(RESET)
</UL>
<P><STRONG><a name="[97]"></a>SendDMA</STRONG> (Thumb, 122 bytes, Stack size 32 bytes, usart.o(i.SendDMA))
<BR><BR>[Stack]<UL><LI>Max Depth = 40<LI>Call Chain = SendDMA &rArr; t_pow
</UL>
<BR>[Calls]<UL><LI><a href="#[a5]">&gt;&gt;</a>&nbsp;&nbsp;&nbsp;t_pow
</UL>
<BR>[Called By]<UL><LI><a href="#[96]">&gt;&gt;</a>&nbsp;&nbsp;&nbsp;DMA_Send_Data
</UL>

<P><STRONG><a name="[67]"></a>SystemInit</STRONG> (Thumb, 88 bytes, Stack size 8 bytes, system_stm32f4xx.o(i.SystemInit))
<BR><BR>[Stack]<UL><LI>Max Depth = 20<LI>Call Chain = SystemInit &rArr; SetSysClock
</UL>
<BR>[Calls]<UL><LI><a href="#[a6]">&gt;&gt;</a>&nbsp;&nbsp;&nbsp;SetSysClock
</UL>
<BR>[Address Reference Count : 1]<UL><LI> startup_stm32f4xx.o(.text)
</UL>
<P><STRONG><a name="[2e]"></a>TIM1_UP_TIM10_IRQHandler</STRONG> (Thumb, 24 bytes, Stack size 8 bytes, stm32f4xx_it.o(i.TIM1_UP_TIM10_IRQHandler))
<BR><BR>[Stack]<UL><LI>Max Depth = 20<LI>Call Chain = TIM1_UP_TIM10_IRQHandler &rArr; TIM_GetITStatus
</UL>
<BR>[Calls]<UL><LI><a href="#[a7]">&gt;&gt;</a>&nbsp;&nbsp;&nbsp;TIM_GetITStatus
<LI><a href="#[a8]">&gt;&gt;</a>&nbsp;&nbsp;&nbsp;TIM_ClearITPendingBit
</UL>
<BR>[Address Reference Count : 1]<UL><LI> startup_stm32f4xx.o(RESET)
</UL>
<P><STRONG><a name="[31]"></a>TIM2_IRQHandler</STRONG> (Thumb, 28 bytes, Stack size 8 bytes, stm32f4xx_it.o(i.TIM2_IRQHandler))
<BR><BR>[Stack]<UL><LI>Max Depth = 128<LI>Call Chain = TIM2_IRQHandler &rArr; MotorCtrl &rArr; PosCtrl &rArr; __hardfp_sqrt &rArr; _dsqrt &rArr; __fpl_dnaninf
</UL>
<BR>[Calls]<UL><LI><a href="#[a7]">&gt;&gt;</a>&nbsp;&nbsp;&nbsp;TIM_GetITStatus
<LI><a href="#[a8]">&gt;&gt;</a>&nbsp;&nbsp;&nbsp;TIM_ClearITPendingBit
<LI><a href="#[9e]">&gt;&gt;</a>&nbsp;&nbsp;&nbsp;MotorCtrl
</UL>
<BR>[Address Reference Count : 1]<UL><LI> startup_stm32f4xx.o(RESET)
</UL>
<P><STRONG><a name="[32]"></a>TIM3_IRQHandler</STRONG> (Thumb, 24 bytes, Stack size 8 bytes, stm32f4xx_it.o(i.TIM3_IRQHandler))
<BR><BR>[Stack]<UL><LI>Max Depth = 20<LI>Call Chain = TIM3_IRQHandler &rArr; TIM_GetITStatus
</UL>
<BR>[Calls]<UL><LI><a href="#[a7]">&gt;&gt;</a>&nbsp;&nbsp;&nbsp;TIM_GetITStatus
<LI><a href="#[a8]">&gt;&gt;</a>&nbsp;&nbsp;&nbsp;TIM_ClearITPendingBit
</UL>
<BR>[Address Reference Count : 1]<UL><LI> startup_stm32f4xx.o(RESET)
</UL>
<P><STRONG><a name="[33]"></a>TIM4_IRQHandler</STRONG> (Thumb, 24 bytes, Stack size 8 bytes, stm32f4xx_it.o(i.TIM4_IRQHandler))
<BR><BR>[Stack]<UL><LI>Max Depth = 20<LI>Call Chain = TIM4_IRQHandler &rArr; TIM_GetITStatus
</UL>
<BR>[Calls]<UL><LI><a href="#[a7]">&gt;&gt;</a>&nbsp;&nbsp;&nbsp;TIM_GetITStatus
<LI><a href="#[a8]">&gt;&gt;</a>&nbsp;&nbsp;&nbsp;TIM_ClearITPendingBit
</UL>
<BR>[Address Reference Count : 1]<UL><LI> startup_stm32f4xx.o(RESET)
</UL>
<P><STRONG><a name="[47]"></a>TIM5_IRQHandler</STRONG> (Thumb, 24 bytes, Stack size 8 bytes, stm32f4xx_it.o(i.TIM5_IRQHandler))
<BR><BR>[Stack]<UL><LI>Max Depth = 20<LI>Call Chain = TIM5_IRQHandler &rArr; TIM_GetITStatus
</UL>
<BR>[Calls]<UL><LI><a href="#[a7]">&gt;&gt;</a>&nbsp;&nbsp;&nbsp;TIM_GetITStatus
<LI><a href="#[a8]">&gt;&gt;</a>&nbsp;&nbsp;&nbsp;TIM_ClearITPendingBit
</UL>
<BR>[Address Reference Count : 1]<UL><LI> startup_stm32f4xx.o(RESET)
</UL>
<P><STRONG><a name="[41]"></a>TIM8_UP_TIM13_IRQHandler</STRONG> (Thumb, 24 bytes, Stack size 8 bytes, stm32f4xx_it.o(i.TIM8_UP_TIM13_IRQHandler))
<BR><BR>[Stack]<UL><LI>Max Depth = 20<LI>Call Chain = TIM8_UP_TIM13_IRQHandler &rArr; TIM_GetITStatus
</UL>
<BR>[Calls]<UL><LI><a href="#[a7]">&gt;&gt;</a>&nbsp;&nbsp;&nbsp;TIM_GetITStatus
<LI><a href="#[a8]">&gt;&gt;</a>&nbsp;&nbsp;&nbsp;TIM_ClearITPendingBit
</UL>
<BR>[Address Reference Count : 1]<UL><LI> startup_stm32f4xx.o(RESET)
</UL>
<P><STRONG><a name="[a8]"></a>TIM_ClearITPendingBit</STRONG> (Thumb, 6 bytes, Stack size 0 bytes, stm32f4xx_tim.o(i.TIM_ClearITPendingBit))
<BR><BR>[Called By]<UL><LI><a href="#[41]">&gt;&gt;</a>&nbsp;&nbsp;&nbsp;TIM8_UP_TIM13_IRQHandler
<LI><a href="#[47]">&gt;&gt;</a>&nbsp;&nbsp;&nbsp;TIM5_IRQHandler
<LI><a href="#[33]">&gt;&gt;</a>&nbsp;&nbsp;&nbsp;TIM4_IRQHandler
<LI><a href="#[32]">&gt;&gt;</a>&nbsp;&nbsp;&nbsp;TIM3_IRQHandler
<LI><a href="#[31]">&gt;&gt;</a>&nbsp;&nbsp;&nbsp;TIM2_IRQHandler
<LI><a href="#[2e]">&gt;&gt;</a>&nbsp;&nbsp;&nbsp;TIM1_UP_TIM10_IRQHandler
<LI><a href="#[b0]">&gt;&gt;</a>&nbsp;&nbsp;&nbsp;TIM_Init
</UL>

<P><STRONG><a name="[ac]"></a>TIM_Cmd</STRONG> (Thumb, 24 bytes, Stack size 0 bytes, stm32f4xx_tim.o(i.TIM_Cmd))
<BR><BR>[Called By]<UL><LI><a href="#[a9]">&gt;&gt;</a>&nbsp;&nbsp;&nbsp;TIM_Delay100us
<LI><a href="#[b0]">&gt;&gt;</a>&nbsp;&nbsp;&nbsp;TIM_Init
<LI><a href="#[bc]">&gt;&gt;</a>&nbsp;&nbsp;&nbsp;init
</UL>

<P><STRONG><a name="[a9]"></a>TIM_Delay100us</STRONG> (Thumb, 454 bytes, Stack size 32 bytes, timer.o(i.TIM_Delay100us))
<BR><BR>[Stack]<UL><LI>Max Depth = 32<LI>Call Chain = TIM_Delay100us
</UL>
<BR>[Calls]<UL><LI><a href="#[ab]">&gt;&gt;</a>&nbsp;&nbsp;&nbsp;TIM_TimeBaseInit
<LI><a href="#[ad]">&gt;&gt;</a>&nbsp;&nbsp;&nbsp;TIM_SetCounter
<LI><a href="#[ae]">&gt;&gt;</a>&nbsp;&nbsp;&nbsp;TIM_GetCounter
<LI><a href="#[aa]">&gt;&gt;</a>&nbsp;&nbsp;&nbsp;RCC_APB2PeriphClockCmd
<LI><a href="#[84]">&gt;&gt;</a>&nbsp;&nbsp;&nbsp;RCC_APB1PeriphClockCmd
<LI><a href="#[ac]">&gt;&gt;</a>&nbsp;&nbsp;&nbsp;TIM_Cmd
</UL>
<BR>[Called By]<UL><LI><a href="#[af]">&gt;&gt;</a>&nbsp;&nbsp;&nbsp;TIM_Delayms
</UL>

<P><STRONG><a name="[af]"></a>TIM_Delayms</STRONG> (Thumb, 28 bytes, Stack size 16 bytes, timer.o(i.TIM_Delayms))
<BR><BR>[Stack]<UL><LI>Max Depth = 48<LI>Call Chain = TIM_Delayms &rArr; TIM_Delay100us
</UL>
<BR>[Calls]<UL><LI><a href="#[a9]">&gt;&gt;</a>&nbsp;&nbsp;&nbsp;TIM_Delay100us
</UL>
<BR>[Called By]<UL><LI><a href="#[75]">&gt;&gt;</a>&nbsp;&nbsp;&nbsp;main
</UL>

<P><STRONG><a name="[ae]"></a>TIM_GetCounter</STRONG> (Thumb, 6 bytes, Stack size 0 bytes, stm32f4xx_tim.o(i.TIM_GetCounter))
<BR><BR>[Called By]<UL><LI><a href="#[a9]">&gt;&gt;</a>&nbsp;&nbsp;&nbsp;TIM_Delay100us
</UL>

<P><STRONG><a name="[a7]"></a>TIM_GetITStatus</STRONG> (Thumb, 34 bytes, Stack size 12 bytes, stm32f4xx_tim.o(i.TIM_GetITStatus))
<BR><BR>[Stack]<UL><LI>Max Depth = 12<LI>Call Chain = TIM_GetITStatus
</UL>
<BR>[Called By]<UL><LI><a href="#[41]">&gt;&gt;</a>&nbsp;&nbsp;&nbsp;TIM8_UP_TIM13_IRQHandler
<LI><a href="#[47]">&gt;&gt;</a>&nbsp;&nbsp;&nbsp;TIM5_IRQHandler
<LI><a href="#[33]">&gt;&gt;</a>&nbsp;&nbsp;&nbsp;TIM4_IRQHandler
<LI><a href="#[32]">&gt;&gt;</a>&nbsp;&nbsp;&nbsp;TIM3_IRQHandler
<LI><a href="#[31]">&gt;&gt;</a>&nbsp;&nbsp;&nbsp;TIM2_IRQHandler
<LI><a href="#[2e]">&gt;&gt;</a>&nbsp;&nbsp;&nbsp;TIM1_UP_TIM10_IRQHandler
</UL>

<P><STRONG><a name="[b1]"></a>TIM_ITConfig</STRONG> (Thumb, 18 bytes, Stack size 0 bytes, stm32f4xx_tim.o(i.TIM_ITConfig))
<BR><BR>[Called By]<UL><LI><a href="#[b0]">&gt;&gt;</a>&nbsp;&nbsp;&nbsp;TIM_Init
</UL>

<P><STRONG><a name="[b0]"></a>TIM_Init</STRONG> (Thumb, 440 bytes, Stack size 40 bytes, timer.o(i.TIM_Init))
<BR><BR>[Stack]<UL><LI>Max Depth = 56<LI>Call Chain = TIM_Init &rArr; NVIC_Init
</UL>
<BR>[Calls]<UL><LI><a href="#[ab]">&gt;&gt;</a>&nbsp;&nbsp;&nbsp;TIM_TimeBaseInit
<LI><a href="#[b1]">&gt;&gt;</a>&nbsp;&nbsp;&nbsp;TIM_ITConfig
<LI><a href="#[aa]">&gt;&gt;</a>&nbsp;&nbsp;&nbsp;RCC_APB2PeriphClockCmd
<LI><a href="#[84]">&gt;&gt;</a>&nbsp;&nbsp;&nbsp;RCC_APB1PeriphClockCmd
<LI><a href="#[8b]">&gt;&gt;</a>&nbsp;&nbsp;&nbsp;NVIC_Init
<LI><a href="#[a8]">&gt;&gt;</a>&nbsp;&nbsp;&nbsp;TIM_ClearITPendingBit
<LI><a href="#[ac]">&gt;&gt;</a>&nbsp;&nbsp;&nbsp;TIM_Cmd
</UL>
<BR>[Called By]<UL><LI><a href="#[bc]">&gt;&gt;</a>&nbsp;&nbsp;&nbsp;init
</UL>

<P><STRONG><a name="[ad]"></a>TIM_SetCounter</STRONG> (Thumb, 4 bytes, Stack size 0 bytes, stm32f4xx_tim.o(i.TIM_SetCounter))
<BR><BR>[Called By]<UL><LI><a href="#[a9]">&gt;&gt;</a>&nbsp;&nbsp;&nbsp;TIM_Delay100us
</UL>

<P><STRONG><a name="[ab]"></a>TIM_TimeBaseInit</STRONG> (Thumb, 104 bytes, Stack size 0 bytes, stm32f4xx_tim.o(i.TIM_TimeBaseInit))
<BR><BR>[Called By]<UL><LI><a href="#[a9]">&gt;&gt;</a>&nbsp;&nbsp;&nbsp;TIM_Delay100us
<LI><a href="#[b0]">&gt;&gt;</a>&nbsp;&nbsp;&nbsp;TIM_Init
</UL>

<P><STRONG><a name="[4a]"></a>UART5_IRQHandler</STRONG> (Thumb, 28 bytes, Stack size 8 bytes, stm32f4xx_it.o(i.UART5_IRQHandler))
<BR><BR>[Stack]<UL><LI>Max Depth = 24<LI>Call Chain = UART5_IRQHandler &rArr; USART_GetITStatus
</UL>
<BR>[Calls]<UL><LI><a href="#[b2]">&gt;&gt;</a>&nbsp;&nbsp;&nbsp;USART_GetITStatus
<LI><a href="#[b3]">&gt;&gt;</a>&nbsp;&nbsp;&nbsp;USART_ClearITPendingBit
</UL>
<BR>[Address Reference Count : 1]<UL><LI> startup_stm32f4xx.o(RESET)
</UL>
<P><STRONG><a name="[b4]"></a>USART3_DMA_Init</STRONG> (Thumb, 260 bytes, Stack size 96 bytes, usart.o(i.USART3_DMA_Init))
<BR><BR>[Stack]<UL><LI>Max Depth = 164<LI>Call Chain = USART3_DMA_Init &rArr; USART_Init &rArr; RCC_GetClocksFreq
</UL>
<BR>[Calls]<UL><LI><a href="#[b5]">&gt;&gt;</a>&nbsp;&nbsp;&nbsp;USART_Init
<LI><a href="#[b7]">&gt;&gt;</a>&nbsp;&nbsp;&nbsp;USART_DMACmd
<LI><a href="#[b6]">&gt;&gt;</a>&nbsp;&nbsp;&nbsp;USART_Cmd
<LI><a href="#[b8]">&gt;&gt;</a>&nbsp;&nbsp;&nbsp;DMA_Init
<LI><a href="#[b9]">&gt;&gt;</a>&nbsp;&nbsp;&nbsp;DMA_ITConfig
<LI><a href="#[93]">&gt;&gt;</a>&nbsp;&nbsp;&nbsp;DMA_Cmd
<LI><a href="#[84]">&gt;&gt;</a>&nbsp;&nbsp;&nbsp;RCC_APB1PeriphClockCmd
<LI><a href="#[85]">&gt;&gt;</a>&nbsp;&nbsp;&nbsp;RCC_AHB1PeriphClockCmd
<LI><a href="#[8b]">&gt;&gt;</a>&nbsp;&nbsp;&nbsp;NVIC_Init
<LI><a href="#[86]">&gt;&gt;</a>&nbsp;&nbsp;&nbsp;GPIO_PinAFConfig
<LI><a href="#[87]">&gt;&gt;</a>&nbsp;&nbsp;&nbsp;GPIO_Init
</UL>
<BR>[Called By]<UL><LI><a href="#[bc]">&gt;&gt;</a>&nbsp;&nbsp;&nbsp;init
</UL>

<P><STRONG><a name="[3c]"></a>USART3_IRQHandler</STRONG> (Thumb, 28 bytes, Stack size 8 bytes, stm32f4xx_it.o(i.USART3_IRQHandler))
<BR><BR>[Stack]<UL><LI>Max Depth = 24<LI>Call Chain = USART3_IRQHandler &rArr; USART_GetITStatus
</UL>
<BR>[Calls]<UL><LI><a href="#[b2]">&gt;&gt;</a>&nbsp;&nbsp;&nbsp;USART_GetITStatus
<LI><a href="#[b3]">&gt;&gt;</a>&nbsp;&nbsp;&nbsp;USART_ClearITPendingBit
</UL>
<BR>[Address Reference Count : 1]<UL><LI> startup_stm32f4xx.o(RESET)
</UL>
<P><STRONG><a name="[b3]"></a>USART_ClearITPendingBit</STRONG> (Thumb, 30 bytes, Stack size 8 bytes, stm32f4xx_usart.o(i.USART_ClearITPendingBit))
<BR><BR>[Stack]<UL><LI>Max Depth = 8<LI>Call Chain = USART_ClearITPendingBit
</UL>
<BR>[Called By]<UL><LI><a href="#[3c]">&gt;&gt;</a>&nbsp;&nbsp;&nbsp;USART3_IRQHandler
<LI><a href="#[4a]">&gt;&gt;</a>&nbsp;&nbsp;&nbsp;UART5_IRQHandler
</UL>

<P><STRONG><a name="[b6]"></a>USART_Cmd</STRONG> (Thumb, 24 bytes, Stack size 0 bytes, stm32f4xx_usart.o(i.USART_Cmd))
<BR><BR>[Called By]<UL><LI><a href="#[b4]">&gt;&gt;</a>&nbsp;&nbsp;&nbsp;USART3_DMA_Init
</UL>

<P><STRONG><a name="[b7]"></a>USART_DMACmd</STRONG> (Thumb, 18 bytes, Stack size 0 bytes, stm32f4xx_usart.o(i.USART_DMACmd))
<BR><BR>[Called By]<UL><LI><a href="#[b4]">&gt;&gt;</a>&nbsp;&nbsp;&nbsp;USART3_DMA_Init
</UL>

<P><STRONG><a name="[b2]"></a>USART_GetITStatus</STRONG> (Thumb, 84 bytes, Stack size 16 bytes, stm32f4xx_usart.o(i.USART_GetITStatus))
<BR><BR>[Stack]<UL><LI>Max Depth = 16<LI>Call Chain = USART_GetITStatus
</UL>
<BR>[Called By]<UL><LI><a href="#[3c]">&gt;&gt;</a>&nbsp;&nbsp;&nbsp;USART3_IRQHandler
<LI><a href="#[4a]">&gt;&gt;</a>&nbsp;&nbsp;&nbsp;UART5_IRQHandler
</UL>

<P><STRONG><a name="[b5]"></a>USART_Init</STRONG> (Thumb, 204 bytes, Stack size 48 bytes, stm32f4xx_usart.o(i.USART_Init))
<BR><BR>[Stack]<UL><LI>Max Depth = 68<LI>Call Chain = USART_Init &rArr; RCC_GetClocksFreq
</UL>
<BR>[Calls]<UL><LI><a href="#[ba]">&gt;&gt;</a>&nbsp;&nbsp;&nbsp;RCC_GetClocksFreq
</UL>
<BR>[Called By]<UL><LI><a href="#[b4]">&gt;&gt;</a>&nbsp;&nbsp;&nbsp;USART3_DMA_Init
</UL>

<P><STRONG><a name="[10]"></a>UsageFault_Handler</STRONG> (Thumb, 4 bytes, Stack size 0 bytes, stm32f4xx_it.o(i.UsageFault_Handler))
<BR>[Address Reference Count : 1]<UL><LI> startup_stm32f4xx.o(RESET)
</UL>
<P><STRONG><a name="[9d]"></a>VelCtrl</STRONG> (Thumb, 134 bytes, Stack size 4 bytes, ctrl.o(i.VelCtrl))
<BR><BR>[Stack]<UL><LI>Max Depth = 4<LI>Call Chain = VelCtrl
</UL>
<BR>[Calls]<UL><LI><a href="#[a1]">&gt;&gt;</a>&nbsp;&nbsp;&nbsp;MaxMinLimit
</UL>
<BR>[Called By]<UL><LI><a href="#[9c]">&gt;&gt;</a>&nbsp;&nbsp;&nbsp;HomingMode
<LI><a href="#[9e]">&gt;&gt;</a>&nbsp;&nbsp;&nbsp;MotorCtrl
</UL>

<P><STRONG><a name="[99]"></a>VelCtrlInit</STRONG> (Thumb, 60 bytes, Stack size 0 bytes, ctrl.o(i.VelCtrlInit))
<BR><BR>[Called By]<UL><LI><a href="#[98]">&gt;&gt;</a>&nbsp;&nbsp;&nbsp;DriverInit
</UL>

<P><STRONG><a name="[a0]"></a>VelSlope</STRONG> (Thumb, 114 bytes, Stack size 0 bytes, ctrl.o(i.VelSlope))
<BR><BR>[Called By]<UL><LI><a href="#[9e]">&gt;&gt;</a>&nbsp;&nbsp;&nbsp;MotorCtrl
</UL>

<P><STRONG><a name="[a3]"></a>__hardfp_sqrt</STRONG> (Thumb, 122 bytes, Stack size 32 bytes, sqrt.o(i.__hardfp_sqrt))
<BR><BR>[Stack]<UL><LI>Max Depth = 72<LI>Call Chain = __hardfp_sqrt &rArr; _dsqrt &rArr; __fpl_dnaninf
</UL>
<BR>[Calls]<UL><LI><a href="#[bb]">&gt;&gt;</a>&nbsp;&nbsp;&nbsp;_dsqrt
<LI><a href="#[7d]">&gt;&gt;</a>&nbsp;&nbsp;&nbsp;__set_errno
</UL>
<BR>[Called By]<UL><LI><a href="#[9f]">&gt;&gt;</a>&nbsp;&nbsp;&nbsp;PosCtrl
</UL>

<P><STRONG><a name="[bc]"></a>init</STRONG> (Thumb, 122 bytes, Stack size 8 bytes, main.o(i.init))
<BR><BR>[Stack]<UL><LI>Max Depth = 172<LI>Call Chain = init &rArr; USART3_DMA_Init &rArr; USART_Init &rArr; RCC_GetClocksFreq
</UL>
<BR>[Calls]<UL><LI><a href="#[b4]">&gt;&gt;</a>&nbsp;&nbsp;&nbsp;USART3_DMA_Init
<LI><a href="#[b0]">&gt;&gt;</a>&nbsp;&nbsp;&nbsp;TIM_Init
<LI><a href="#[ac]">&gt;&gt;</a>&nbsp;&nbsp;&nbsp;TIM_Cmd
<LI><a href="#[bd]">&gt;&gt;</a>&nbsp;&nbsp;&nbsp;NVIC_PriorityGroupConfig
<LI><a href="#[98]">&gt;&gt;</a>&nbsp;&nbsp;&nbsp;DriverInit
<LI><a href="#[83]">&gt;&gt;</a>&nbsp;&nbsp;&nbsp;CAN_Config
</UL>
<BR>[Called By]<UL><LI><a href="#[75]">&gt;&gt;</a>&nbsp;&nbsp;&nbsp;main
</UL>

<P><STRONG><a name="[75]"></a>main</STRONG> (Thumb, 50 bytes, Stack size 8 bytes, main.o(i.main))
<BR><BR>[Stack]<UL><LI>Max Depth = 180<LI>Call Chain = main &rArr; init &rArr; USART3_DMA_Init &rArr; USART_Init &rArr; RCC_GetClocksFreq
</UL>
<BR>[Calls]<UL><LI><a href="#[af]">&gt;&gt;</a>&nbsp;&nbsp;&nbsp;TIM_Delayms
<LI><a href="#[bc]">&gt;&gt;</a>&nbsp;&nbsp;&nbsp;init
</UL>
<BR>[Called By]<UL><LI><a href="#[74]">&gt;&gt;</a>&nbsp;&nbsp;&nbsp;__rt_entry_main
</UL>

<P><STRONG><a name="[a5]"></a>t_pow</STRONG> (Thumb, 24 bytes, Stack size 8 bytes, usart.o(i.t_pow))
<BR><BR>[Stack]<UL><LI>Max Depth = 8<LI>Call Chain = t_pow
</UL>
<BR>[Called By]<UL><LI><a href="#[97]">&gt;&gt;</a>&nbsp;&nbsp;&nbsp;SendDMA
</UL>

<P><STRONG><a name="[a4]"></a>__aeabi_d2iz</STRONG> (Thumb, 0 bytes, Stack size 32 bytes, dfix.o(x$fpl$dfix))
<BR><BR>[Stack]<UL><LI>Max Depth = 32<LI>Call Chain = __aeabi_d2iz
</UL>
<BR>[Called By]<UL><LI><a href="#[9f]">&gt;&gt;</a>&nbsp;&nbsp;&nbsp;PosCtrl
</UL>

<P><STRONG><a name="[be]"></a>_dfix</STRONG> (Thumb, 94 bytes, Stack size 32 bytes, dfix.o(x$fpl$dfix), UNUSED)
<BR><BR>[Calls]<UL><LI><a href="#[bf]">&gt;&gt;</a>&nbsp;&nbsp;&nbsp;__fpl_dnaninf
</UL>

<P><STRONG><a name="[bf]"></a>__fpl_dnaninf</STRONG> (Thumb, 156 bytes, Stack size 16 bytes, dnaninf.o(x$fpl$dnaninf))
<BR><BR>[Stack]<UL><LI>Max Depth = 16<LI>Call Chain = __fpl_dnaninf
</UL>
<BR>[Called By]<UL><LI><a href="#[bb]">&gt;&gt;</a>&nbsp;&nbsp;&nbsp;_dsqrt
<LI><a href="#[be]">&gt;&gt;</a>&nbsp;&nbsp;&nbsp;_dfix
</UL>

<P><STRONG><a name="[c2]"></a>__fpl_dretinf</STRONG> (Thumb, 12 bytes, Stack size 0 bytes, dretinf.o(x$fpl$dretinf), UNUSED)
<BR><BR>[Called By]<UL><LI><a href="#[c0]">&gt;&gt;</a>&nbsp;&nbsp;&nbsp;_f2d
</UL>

<P><STRONG><a name="[bb]"></a>_dsqrt</STRONG> (Thumb, 404 bytes, Stack size 24 bytes, dsqrt_umaal.o(x$fpl$dsqrt))
<BR><BR>[Stack]<UL><LI>Max Depth = 40<LI>Call Chain = _dsqrt &rArr; __fpl_dnaninf
</UL>
<BR>[Calls]<UL><LI><a href="#[bf]">&gt;&gt;</a>&nbsp;&nbsp;&nbsp;__fpl_dnaninf
</UL>
<BR>[Called By]<UL><LI><a href="#[a3]">&gt;&gt;</a>&nbsp;&nbsp;&nbsp;__hardfp_sqrt
</UL>

<P><STRONG><a name="[a2]"></a>__aeabi_f2d</STRONG> (Thumb, 0 bytes, Stack size 16 bytes, f2d.o(x$fpl$f2d))
<BR><BR>[Stack]<UL><LI>Max Depth = 16<LI>Call Chain = __aeabi_f2d
</UL>
<BR>[Called By]<UL><LI><a href="#[9f]">&gt;&gt;</a>&nbsp;&nbsp;&nbsp;PosCtrl
</UL>

<P><STRONG><a name="[c0]"></a>_f2d</STRONG> (Thumb, 86 bytes, Stack size 16 bytes, f2d.o(x$fpl$f2d), UNUSED)
<BR><BR>[Calls]<UL><LI><a href="#[c1]">&gt;&gt;</a>&nbsp;&nbsp;&nbsp;__fpl_fnaninf
<LI><a href="#[c2]">&gt;&gt;</a>&nbsp;&nbsp;&nbsp;__fpl_dretinf
</UL>

<P><STRONG><a name="[c1]"></a>__fpl_fnaninf</STRONG> (Thumb, 140 bytes, Stack size 8 bytes, fnaninf.o(x$fpl$fnaninf), UNUSED)
<BR><BR>[Called By]<UL><LI><a href="#[c0]">&gt;&gt;</a>&nbsp;&nbsp;&nbsp;_f2d
</UL>

<P><STRONG><a name="[6f]"></a>_fp_init</STRONG> (Thumb, 10 bytes, Stack size 0 bytes, fpinit.o(x$fpl$fpinit))
<BR><BR>[Called By]<UL><LI><a href="#[6e]">&gt;&gt;</a>&nbsp;&nbsp;&nbsp;__rt_lib_init_fp_1
</UL>

<P><STRONG><a name="[ed]"></a>__fplib_config_fpu_vfp</STRONG> (Thumb, 0 bytes, Stack size unknown bytes, fpinit.o(x$fpl$fpinit), UNUSED)

<P><STRONG><a name="[ee]"></a>__fplib_config_pureend_doubles</STRONG> (Thumb, 0 bytes, Stack size unknown bytes, fpinit.o(x$fpl$fpinit), UNUSED)
<P>
<H3>
Local Symbols
</H3>
<P><STRONG><a name="[a6]"></a>SetSysClock</STRONG> (Thumb, 220 bytes, Stack size 12 bytes, system_stm32f4xx.o(i.SetSysClock))
<BR><BR>[Stack]<UL><LI>Max Depth = 12<LI>Call Chain = SetSysClock
</UL>
<BR>[Called By]<UL><LI><a href="#[67]">&gt;&gt;</a>&nbsp;&nbsp;&nbsp;SystemInit
</UL>
<P>
<H3>
Undefined Global Symbols
</H3><HR></body></html>
