Component: ARM Compiler 5.06 update 3 (build 300) Tool: armlink [4d35c9]

==============================================================================

Section Cross References

    main.o(.ARM.exidx) refers to main.o(.rev16_text) for __asm___6_main_c_init____REV16
    main.o(.ARM.exidx) refers to main.o(.revsh_text) for __asm___6_main_c_init____REVSH
    main.o(.ARM.exidx) refers to main.o(.rrx_text) for __asm___6_main_c_init____RRX
    main.o(i.init) refers to misc.o(i.NVIC_PriorityGroupConfig) for NVIC_PriorityGroupConfig
    main.o(i.init) refers to timer.o(i.TIM_Init) for TIM_Init
    main.o(i.init) refers to stm32f4xx_tim.o(i.TIM_Cmd) for TIM_Cmd
    main.o(i.init) refers to usart.o(i.USART3_DMA_Init) for USART3_DMA_Init
    main.o(i.init) refers to can.o(i.CAN_Config) for CAN_Config
    main.o(i.init) refers to ctrl.o(i.DriverInit) for DriverInit
    main.o(i.init) refers to ctrl.o(.bss) for Driver
    main.o(i.main) refers to main.o(i.init) for init
    main.o(i.main) refers to timer.o(i.TIM_Delayms) for TIM_Delayms
    main.o(i.main) refers to ctrl.o(.bss) for Driver
    main.o(.ARM.exidx) refers to main.o(i.init) for i.init
    main.o(.ARM.exidx) refers to unwind_pr0.o(.text) for __aeabi_unwind_cpp_pr0
    main.o(.ARM.exidx) refers to main.o(i.main) for i.main
    main.o(.ARM.exidx) refers to unwind_pr0.o(.text) for __aeabi_unwind_cpp_pr0
    stm32f4xx_it.o(.ARM.exidx) refers to stm32f4xx_it.o(.rev16_text) for __asm___14_stm32f4xx_it_c_Pos____REV16
    stm32f4xx_it.o(.ARM.exidx) refers to stm32f4xx_it.o(.revsh_text) for __asm___14_stm32f4xx_it_c_Pos____REVSH
    stm32f4xx_it.o(.ARM.exidx) refers to stm32f4xx_it.o(.rrx_text) for __asm___14_stm32f4xx_it_c_Pos____RRX
    stm32f4xx_it.o(i.CAN1_RX0_IRQHandler) refers to can.o(i.CAN_RxMsg) for CAN_RxMsg
    stm32f4xx_it.o(i.CAN1_RX0_IRQHandler) refers to stm32f4xx_can.o(i.CAN_ClearFlag) for CAN_ClearFlag
    stm32f4xx_it.o(i.CAN1_RX0_IRQHandler) refers to stm32f4xx_it.o(.data) for buffer
    stm32f4xx_it.o(i.CAN1_RX0_IRQHandler) refers to rm_motor.o(.bss) for Motor
    stm32f4xx_it.o(i.TIM1_UP_TIM10_IRQHandler) refers to stm32f4xx_tim.o(i.TIM_GetITStatus) for TIM_GetITStatus
    stm32f4xx_it.o(i.TIM1_UP_TIM10_IRQHandler) refers to stm32f4xx_tim.o(i.TIM_ClearITPendingBit) for TIM_ClearITPendingBit
    stm32f4xx_it.o(i.TIM2_IRQHandler) refers to stm32f4xx_tim.o(i.TIM_GetITStatus) for TIM_GetITStatus
    stm32f4xx_it.o(i.TIM2_IRQHandler) refers to stm32f4xx_tim.o(i.TIM_ClearITPendingBit) for TIM_ClearITPendingBit
    stm32f4xx_it.o(i.TIM2_IRQHandler) refers to ctrl.o(i.MotorCtrl) for MotorCtrl
    stm32f4xx_it.o(i.TIM3_IRQHandler) refers to stm32f4xx_tim.o(i.TIM_GetITStatus) for TIM_GetITStatus
    stm32f4xx_it.o(i.TIM3_IRQHandler) refers to stm32f4xx_tim.o(i.TIM_ClearITPendingBit) for TIM_ClearITPendingBit
    stm32f4xx_it.o(i.TIM4_IRQHandler) refers to stm32f4xx_tim.o(i.TIM_GetITStatus) for TIM_GetITStatus
    stm32f4xx_it.o(i.TIM4_IRQHandler) refers to stm32f4xx_tim.o(i.TIM_ClearITPendingBit) for TIM_ClearITPendingBit
    stm32f4xx_it.o(i.TIM5_IRQHandler) refers to stm32f4xx_tim.o(i.TIM_GetITStatus) for TIM_GetITStatus
    stm32f4xx_it.o(i.TIM5_IRQHandler) refers to stm32f4xx_tim.o(i.TIM_ClearITPendingBit) for TIM_ClearITPendingBit
    stm32f4xx_it.o(i.TIM8_UP_TIM13_IRQHandler) refers to stm32f4xx_tim.o(i.TIM_GetITStatus) for TIM_GetITStatus
    stm32f4xx_it.o(i.TIM8_UP_TIM13_IRQHandler) refers to stm32f4xx_tim.o(i.TIM_ClearITPendingBit) for TIM_ClearITPendingBit
    stm32f4xx_it.o(i.UART5_IRQHandler) refers to stm32f4xx_usart.o(i.USART_GetITStatus) for USART_GetITStatus
    stm32f4xx_it.o(i.UART5_IRQHandler) refers to stm32f4xx_usart.o(i.USART_ClearITPendingBit) for USART_ClearITPendingBit
    stm32f4xx_it.o(i.USART3_IRQHandler) refers to stm32f4xx_usart.o(i.USART_GetITStatus) for USART_GetITStatus
    stm32f4xx_it.o(i.USART3_IRQHandler) refers to stm32f4xx_usart.o(i.USART_ClearITPendingBit) for USART_ClearITPendingBit
    stm32f4xx_it.o(.ARM.exidx) refers to stm32f4xx_it.o(i.CAN1_RX0_IRQHandler) for i.CAN1_RX0_IRQHandler
    stm32f4xx_it.o(.ARM.exidx) refers to unwind_pr0.o(.text) for __aeabi_unwind_cpp_pr0
    stm32f4xx_it.o(.ARM.exidx) refers to stm32f4xx_it.o(i.TIM2_IRQHandler) for i.TIM2_IRQHandler
    stm32f4xx_it.o(.ARM.exidx) refers to unwind_pr0.o(.text) for __aeabi_unwind_cpp_pr0
    stm32f4xx_it.o(.ARM.exidx) refers to stm32f4xx_it.o(i.TIM1_UP_TIM10_IRQHandler) for i.TIM1_UP_TIM10_IRQHandler
    stm32f4xx_it.o(.ARM.exidx) refers to unwind_pr0.o(.text) for __aeabi_unwind_cpp_pr0
    stm32f4xx_it.o(.ARM.exidx) refers to stm32f4xx_it.o(i.TIM8_UP_TIM13_IRQHandler) for i.TIM8_UP_TIM13_IRQHandler
    stm32f4xx_it.o(.ARM.exidx) refers to unwind_pr0.o(.text) for __aeabi_unwind_cpp_pr0
    stm32f4xx_it.o(.ARM.exidx) refers to stm32f4xx_it.o(i.TIM5_IRQHandler) for i.TIM5_IRQHandler
    stm32f4xx_it.o(.ARM.exidx) refers to unwind_pr0.o(.text) for __aeabi_unwind_cpp_pr0
[...]
    Removing stm32f4xx_usart.o(.ARM.exidx), (8 bytes).
    Removing stm32f4xx_usart.o(.ARM.exidx), (8 bytes).
    Removing stm32f4xx_usart.o(.ARM.exidx), (8 bytes).
    Removing stm32f4xx_usart.o(.ARM.exidx), (8 bytes).
    Removing stm32f4xx_usart.o(.ARM.exidx), (8 bytes).
    Removing stm32f4xx_usart.o(.ARM.exidx), (8 bytes).
    Removing stm32f4xx_usart.o(.ARM.exidx), (8 bytes).
    Removing stm32f4xx_usart.o(.ARM.exidx), (8 bytes).
    Removing stm32f4xx_usart.o(.ARM.exidx), (8 bytes).
    Removing stm32f4xx_usart.o(.ARM.exidx), (8 bytes).
    Removing stm32f4xx_usart.o(.ARM.exidx), (8 bytes).
    Removing stm32f4xx_usart.o(.ARM.exidx), (8 bytes).
    Removing stm32f4xx_usart.o(.ARM.exidx), (8 bytes).
    Removing stm32f4xx_usart.o(.ARM.exidx), (8 bytes).
    Removing stm32f4xx_usart.o(.ARM.exidx), (8 bytes).
    Removing stm32f4xx_usart.o(.ARM.exidx), (8 bytes).
    Removing stm32f4xx_usart.o(.ARM.exidx), (8 bytes).
    Removing stm32f4xx_usart.o(.ARM.exidx), (8 bytes).
    Removing stm32f4xx_usart.o(.ARM.exidx), (8 bytes).
    Removing stm32f4xx_usart.o(.ARM.exidx), (8 bytes).
    Removing stm32f4xx_usart.o(.ARM.exidx), (8 bytes).
    Removing stm32f4xx_usart.o(.ARM.exidx), (8 bytes).
    Removing stm32f4xx_usart.o(.ARM.exidx), (8 bytes).
    Removing stm32f4xx_usart.o(.ARM.exidx), (8 bytes).
    Removing stm32f4xx_usart.o(.ARM.exidx), (8 bytes).
    Removing stm32f4xx_usart.o(.ARM.exidx), (8 bytes).
    Removing stm32f4xx_usart.o(.ARM.exidx), (8 bytes).
    Removing stm32f4xx_usart.o(.ARM.exidx), (8 bytes).
    Removing stm32f4xx_wwdg.o(.rev16_text), (4 bytes).
    Removing stm32f4xx_wwdg.o(.revsh_text), (4 bytes).
    Removing stm32f4xx_wwdg.o(.rrx_text), (6 bytes).
    Removing stm32f4xx_wwdg.o(.ARM.exidx), (8 bytes).
    Removing stm32f4xx_wwdg.o(.ARM.exidx), (8 bytes).
    Removing stm32f4xx_wwdg.o(.ARM.exidx), (8 bytes).
    Removing stm32f4xx_wwdg.o(i.WWDG_ClearFlag), (12 bytes).
    Removing stm32f4xx_wwdg.o(i.WWDG_DeInit), (22 bytes).
    Removing stm32f4xx_wwdg.o(i.WWDG_Enable), (16 bytes).
    Removing stm32f4xx_wwdg.o(i.WWDG_EnableIT), (12 bytes).
    Removing stm32f4xx_wwdg.o(i.WWDG_GetFlagStatus), (20 bytes).
    Removing stm32f4xx_wwdg.o(i.WWDG_SetCounter), (16 bytes).
    Removing stm32f4xx_wwdg.o(i.WWDG_SetPrescaler), (24 bytes).
    Removing stm32f4xx_wwdg.o(i.WWDG_SetWindowValue), (40 bytes).
    Removing stm32f4xx_wwdg.o(.ARM.exidx), (8 bytes).
    Removing stm32f4xx_wwdg.o(.ARM.exidx), (8 bytes).
    Removing stm32f4xx_wwdg.o(.ARM.exidx), (8 bytes).
    Removing stm32f4xx_wwdg.o(.ARM.exidx), (8 bytes).
    Removing stm32f4xx_wwdg.o(.ARM.exidx), (8 bytes).
    Removing stm32f4xx_wwdg.o(.ARM.exidx), (8 bytes).
    Removing stm32f4xx_wwdg.o(.ARM.exidx), (8 bytes).
    Removing stm32f4xx_wwdg.o(.ARM.exidx), (8 bytes).
    Removing system_stm32f4xx.o(.rev16_text), (4 bytes).
    Removing system_stm32f4xx.o(.revsh_text), (4 bytes).
    Removing system_stm32f4xx.o(.rrx_text), (6 bytes).
    Removing system_stm32f4xx.o(.ARM.exidx), (8 bytes).
    Removing system_stm32f4xx.o(.ARM.exidx), (8 bytes).
    Removing system_stm32f4xx.o(.ARM.exidx), (8 bytes).
    Removing system_stm32f4xx.o(i.SystemCoreClockUpdate), (192 bytes).
    Removing system_stm32f4xx.o(.ARM.exidx), (8 bytes).
    Removing system_stm32f4xx.o(.ARM.exidx), (8 bytes).
    Removing system_stm32f4xx.o(.ARM.exidx), (8 bytes).
    Removing system_stm32f4xx.o(.data), (20 bytes).

1499 unused section(s) (total 36272 bytes) removed from the image.

==============================================================================

Image Symbol Table

    Local Symbols

    Symbol Name                              Value     Ov Type        Size  Object(Section)

    ../../../clib/unwind_pr.c                0x00000000   Number         0  unwind_pr0.o ABSOLUTE
    ../../../clib/unwind_pr.c                0x00000000   Number         0  unwind_prcommon.o ABSOLUTE
    ../../../clib/unwinder.c                 0x00000000   Number         0  unwinder.o ABSOLUTE
    ../../../clib/unwinder.c                 0x00000000   Number         0  unwind_activity.o ABSOLUTE
    ../../../clib/unwinder.c                 0x00000000   Number         0  unwind_activity.o ABSOLUTE
    ../../../clib/unwinder.c                 0x00000000   Number         0  unwinder.o ABSOLUTE
    ../clib/angel/boardlib.s                 0x00000000   Number         0  boardinit2.o ABSOLUTE
    ../clib/angel/boardlib.s                 0x00000000   Number         0  boardinit3.o ABSOLUTE
    ../clib/angel/boardlib.s                 0x00000000   Number         0  boardinit1.o ABSOLUTE
    ../clib/angel/boardlib.s                 0x00000000   Number         0  boardshut.o ABSOLUTE
    ../clib/angel/handlers.s                 0x00000000   Number         0  __scatter_copy.o ABSOLUTE
    ../clib/angel/handlers.s                 0x00000000   Number         0  __scatter_zi.o ABSOLUTE
    ../clib/angel/kernel.s                   0x00000000   Number         0  __rtentry4.o ABSOLUTE
    ../clib/angel/kernel.s                   0x00000000   Number         0  __rtentry2.o ABSOLUTE
    ../clib/angel/kernel.s                   0x00000000   Number         0  rtexit2.o ABSOLUTE
    ../clib/angel/kernel.s                   0x00000000   Number         0  __rtentry.o ABSOLUTE
    ../clib/angel/kernel.s                   0x00000000   Number         0  rtexit.o ABSOLUTE
    ../clib/angel/rt.s                       0x00000000   Number         0  rt_errno_addr_intlibspace.o ABSOLUTE
    ../clib/angel/rt.s                       0x00000000   Number         0  rt_errno_addr.o ABSOLUTE
    ../clib/angel/rt.s                       0x00000000   Number         0  rt_raise.o ABSOLUTE
    ../clib/angel/rt.s                       0x00000000   Number         0  rt_heap_descriptor_intlibspace.o ABSOLUTE
    ../clib/angel/rt.s                       0x00000000   Number         0  rt_heap_descriptor.o ABSOLUTE
    ../clib/angel/scatter.s                  0x00000000   Number         0  __scatter.o ABSOLUTE
    ../clib/angel/startup.s                  0x00000000   Number         0  __main.o ABSOLUTE
    ../clib/angel/sys.s                      0x00000000   Number         0  libspace.o ABSOLUTE
    ../clib/angel/sys.s                      0x00000000   Number         0  sys_stackheap_outer.o ABSOLUTE
    ../clib/angel/sys.s                      0x00000000   Number         0  use_no_semi.o ABSOLUTE
    ../clib/angel/sys.s                      0x00000000   Number         0  indicate_semi.o ABSOLUTE
    ../clib/angel/sys.s                      0x00000000   Number         0  mutex_dummy.o ABSOLUTE
    ../clib/angel/sysapp.c                   0x00000000   Number         0  sys_wrch.o ABSOLUTE
    ../clib/angel/sysapp.c                   0x00000000   Number         0  sys_exit.o ABSOLUTE
    ../clib/angel/sysapp.c                   0x00000000   Number         0  sys_command.o ABSOLUTE
    ../clib/armsys.c                         0x00000000   Number         0  argv_veneer.o ABSOLUTE
    ../clib/armsys.c                         0x00000000   Number         0  _get_argv.o ABSOLUTE
    ../clib/armsys.c                         0x00000000   Number         0  _get_argv_nomalloc.o ABSOLUTE
    ../clib/armsys.c                         0x00000000   Number         0  no_argv.o ABSOLUTE
    ../clib/armsys.c                         0x00000000   Number         0  argv_veneer.o ABSOLUTE
    ../clib/fenv.c                           0x00000000   Number         0  _rserrno.o ABSOLUTE
    ../clib/heap1.c                          0x00000000   Number         0  h1_extend.o ABSOLUTE
    ../clib/heap1.c                          0x00000000   Number         0  h1_final.o ABSOLUTE
    ../clib/heap1.c                          0x00000000   Number         0  h1_alloc.o ABSOLUTE
    ../clib/heap1.c                          0x00000000   Number         0  h1_free_mt.o ABSOLUTE
    ../clib/heap1.c                          0x00000000   Number         0  h1_alloc_mt.o ABSOLUTE
    ../clib/heap1.c                          0x00000000   Number         0  h1_free.o ABSOLUTE
    ../clib/heap1.c                          0x00000000   Number         0  h1_extend_mt.o ABSOLUTE
    ../clib/heap1.c                          0x00000000   Number         0  h1_init.o ABSOLUTE
    ../clib/heap1.c                          0x00000000   Number         0  h1_init_mt.o ABSOLUTE
    ../clib/heap1.c                          0x00000000   Number         0  h1_final_mt.o ABSOLUTE
    ../clib/heap2.c                          0x00000000   Number         0  heap2.o ABSOLUTE
    ../clib/heap2.c                          0x00000000   Number         0  fdtree.o ABSOLUTE
    ../clib/heap2.c                          0x00000000   Number         0  heap2mt.o ABSOLUTE
    ../clib/heapalloc.c                      0x00000000   Number         0  hrguard.o ABSOLUTE
    ../clib/heapalloc.c                      0x00000000   Number         0  malloc.o ABSOLUTE
    ../clib/heapalloc.c                      0x00000000   Number         0  maybetermalloc2.o ABSOLUTE
    ../clib/heapalloc.c                      0x00000000   Number         0  hguard.o ABSOLUTE
    ../clib/heapalloc.c                      0x00000000   Number         0  maybetermalloc1.o ABSOLUTE
    ../clib/heapalloc.c                      0x00000000   Number         0  heapstubs.o ABSOLUTE
    ../clib/heapalloc.c                      0x00000000   Number         0  init_alloc.o ABSOLUTE
    ../clib/heapalloc.c                      0x00000000   Number         0  maybetermalloc1.o ABSOLUTE
    ../clib/heapalloc.c                      0x00000000   Number         0  maybetermalloc2.o ABSOLUTE
    ../clib/heapalloc.c                      0x00000000   Number         0  free.o ABSOLUTE
    ../clib/heapalloc.c                      0x00000000   Number         0  term_alloc.o ABSOLUTE
    ../clib/heapaux.c                        0x00000000   Number         0  heapauxa.o ABSOLUTE
    ../clib/heapaux.c                        0x00000000   Number         0  heapauxi.o ABSOLUTE
    ../clib/libinit.s                        0x00000000   Number         0  libinit2.o ABSOLUTE
    ../clib/libinit.s                        0x00000000   Number         0  libinit.o ABSOLUTE
    ../clib/libinit.s                        0x00000000   Number         0  libshutdown.o ABSOLUTE
    ../clib/libinit.s                        0x00000000   Number         0  libshutdown2.o ABSOLUTE
    ../clib/memcpset.s                       0x00000000   Number         0  rt_memcpy_w.o ABSOLUTE
    ../clib/signal.c                         0x00000000   Number         0  defsig_abrt_outer.o ABSOLUTE
    ../clib/signal.c                         0x00000000   Number         0  defsig_fpe_inner.o ABSOLUTE
    ../clib/signal.c                         0x00000000   Number         0  defsig_rtmem_outer.o ABSOLUTE
    ../clib/signal.c                         0x00000000   Number         0  defsig_rtmem_inner.o ABSOLUTE
    ../clib/signal.c                         0x00000000   Number         0  defsig_abrt_inner.o ABSOLUTE
    ../clib/signal.c                         0x00000000   Number         0  defsig_exit.o ABSOLUTE
    ../clib/signal.c                         0x00000000   Number         0  defsig_abrt_formal.o ABSOLUTE
    ../clib/signal.c                         0x00000000   Number         0  defsig_rtmem_formal.o ABSOLUTE
    ../clib/signal.c                         0x00000000   Number         0  __raise.o ABSOLUTE
    ../clib/signal.c                         0x00000000   Number         0  defsig_other.o ABSOLUTE
    ../clib/signal.c                         0x00000000   Number         0  defsig_segv_inner.o ABSOLUTE
    ../clib/signal.c                         0x00000000   Number         0  defsig_cppl_inner.o ABSOLUTE
    ../clib/signal.c                         0x00000000   Number         0  defsig_general.o ABSOLUTE
    ../clib/signal.c                         0x00000000   Number         0  defsig_pvfn_inner.o ABSOLUTE
    ../clib/signal.c                         0x00000000   Number         0  defsig_stak_inner.o ABSOLUTE
    ../clib/signal.c                         0x00000000   Number         0  defsig_rtred_inner.o ABSOLUTE
    ../clib/signal.s                         0x00000000   Number         0  defsig.o ABSOLUTE
    ../clib/stdlib.c                         0x00000000   Number         0  bsearch.o ABSOLUTE
    ../clib/stdlib.c                         0x00000000   Number         0  abort.o ABSOLUTE
    ../clib/stdlib.c                         0x00000000   Number         0  exit.o ABSOLUTE
    ../fplib/dcmpi.s                         0x00000000   Number         0  dcmpi.o ABSOLUTE
    ../fplib/dfix.s                          0x00000000   Number         0  dfix.o ABSOLUTE
    ../fplib/dleqf.s                         0x00000000   Number         0  dleqf.o ABSOLUTE
    ../fplib/dnaninf.s                       0x00000000   Number         0  dnaninf.o ABSOLUTE
    ../fplib/dretinf.s                       0x00000000   Number         0  dretinf.o ABSOLUTE
    ../fplib/dsqrt.s                         0x00000000   Number         0  dsqrt_umaal.o ABSOLUTE
    ../fplib/f2d.s                           0x00000000   Number         0  f2d.o ABSOLUTE
    ../fplib/fnaninf.s                       0x00000000   Number         0  fnaninf.o ABSOLUTE
    ../fplib/fpinit.s                        0x00000000   Number         0  fpinit.o ABSOLUTE
    ../fplib/usenofp.s                       0x00000000   Number         0  usenofp.o ABSOLUTE
    ../mathlib/sqrt.c                        0x00000000   Number         0  sqrt.o ABSOLUTE
    ../mathlib/sqrt.c                        0x00000000   Number         0  sqrt_x.o ABSOLUTE
    ..\Action_User\can.c                     0x00000000   Number         0  can.o ABSOLUTE
    ..\Action_User\ctrl.c                    0x00000000   Number         0  ctrl.o ABSOLUTE
    ..\Action_User\elmo.c                    0x00000000   Number         0  elmo.o ABSOLUTE
    ..\Action_User\gpio.c                    0x00000000   Number         0  gpio.o ABSOLUTE
    ..\Action_User\main.c                    0x00000000   Number         0  main.o ABSOLUTE
    ..\Action_User\rm_motor.c                0x00000000   Number         0  rm_motor.o ABSOLUTE
    ..\Action_User\stm32f4xx_it.c            0x00000000   Number         0  stm32f4xx_it.o ABSOLUTE
    ..\Action_User\timer.c                   0x00000000   Number         0  timer.o ABSOLUTE
    ..\Action_User\usart.c                   0x00000000   Number         0  usart.o ABSOLUTE
    ..\Libraries\CMSIS\startup\startup_stm32f4xx.s 0x00000000   Number         0  startup_stm32f4xx.o ABSOLUTE
    ..\Libraries\CMSIS\system_stm32f4xx.c    0x00000000   Number         0  system_stm32f4xx.o ABSOLUTE
    ..\Libraries\STM32F4xx_StdPeriph_Driver\src\misc.c 0x00000000   Number         0  misc.o ABSOLUTE
    ..\Libraries\STM32F4xx_StdPeriph_Driver\src\stm32f4xx_adc.c 0x00000000   Number         0  stm32f4xx_adc.o ABSOLUTE
    ..\Libraries\STM32F4xx_StdPeriph_Driver\src\stm32f4xx_can.c 0x00000000   Number         0  stm32f4xx_can.o ABSOLUTE
    ..\Libraries\STM32F4xx_StdPeriph_Driver\src\stm32f4xx_crc.c 0x00000000   Number         0  stm32f4xx_crc.o ABSOLUTE
    ..\Libraries\STM32F4xx_StdPeriph_Driver\src\stm32f4xx_cryp.c 0x00000000   Number         0  stm32f4xx_cryp.o ABSOLUTE
    ..\Libraries\STM32F4xx_StdPeriph_Driver\src\stm32f4xx_cryp_aes.c 0x00000000   Number         0  stm32f4xx_cryp_aes.o ABSOLUTE
    ..\Libraries\STM32F4xx_StdPeriph_Driver\src\stm32f4xx_cryp_des.c 0x00000000   Number         0  stm32f4xx_cryp_des.o ABSOLUTE
    ..\Libraries\STM32F4xx_StdPeriph_Driver\src\stm32f4xx_cryp_tdes.c 0x00000000   Number         0  stm32f4xx_cryp_tdes.o ABSOLUTE
    ..\Libraries\STM32F4xx_StdPeriph_Driver\src\stm32f4xx_dac.c 0x00000000   Number         0  stm32f4xx_dac.o ABSOLUTE
    ..\Libraries\STM32F4xx_StdPeriph_Driver\src\stm32f4xx_dbgmcu.c 0x00000000   Number         0  stm32f4xx_dbgmcu.o ABSOLUTE
    ..\Libraries\STM32F4xx_StdPeriph_Driver\src\stm32f4xx_dcmi.c 0x00000000   Number         0  stm32f4xx_dcmi.o ABSOLUTE
    ..\Libraries\STM32F4xx_StdPeriph_Driver\src\stm32f4xx_dma.c 0x00000000   Number         0  stm32f4xx_dma.o ABSOLUTE
    ..\Libraries\STM32F4xx_StdPeriph_Driver\src\stm32f4xx_exti.c 0x00000000   Number         0  stm32f4xx_exti.o ABSOLUTE
    ..\Libraries\STM32F4xx_StdPeriph_Driver\src\stm32f4xx_flash.c 0x00000000   Number         0  stm32f4xx_flash.o ABSOLUTE
    ..\Libraries\STM32F4xx_StdPeriph_Driver\src\stm32f4xx_fsmc.c 0x00000000   Number         0  stm32f4xx_fsmc.o ABSOLUTE
    ..\Libraries\STM32F4xx_StdPeriph_Driver\src\stm32f4xx_gpio.c 0x00000000   Number         0  stm32f4xx_gpio.o ABSOLUTE
    ..\Libraries\STM32F4xx_StdPeriph_Driver\src\stm32f4xx_hash.c 0x00000000   Number         0  stm32f4xx_hash.o ABSOLUTE
    ..\Libraries\STM32F4xx_StdPeriph_Driver\src\stm32f4xx_hash_md5.c 0x00000000   Number         0  stm32f4xx_hash_md5.o ABSOLUTE
    ..\Libraries\STM32F4xx_StdPeriph_Driver\src\stm32f4xx_hash_sha1.c 0x00000000   Number         0  stm32f4xx_hash_sha1.o ABSOLUTE
    ..\Libraries\STM32F4xx_StdPeriph_Driver\src\stm32f4xx_i2c.c 0x00000000   Number         0  stm32f4xx_i2c.o ABSOLUTE
    ..\Libraries\STM32F4xx_StdPeriph_Driver\src\stm32f4xx_iwdg.c 0x00000000   Number         0  stm32f4xx_iwdg.o ABSOLUTE
    ..\Libraries\STM32F4xx_StdPeriph_Driver\src\stm32f4xx_pwr.c 0x00000000   Number         0  stm32f4xx_pwr.o ABSOLUTE
    ..\Libraries\STM32F4xx_StdPeriph_Driver\src\stm32f4xx_rcc.c 0x00000000   Number         0  stm32f4xx_rcc.o ABSOLUTE
    ..\Libraries\STM32F4xx_StdPeriph_Driver\src\stm32f4xx_rng.c 0x00000000   Number         0  stm32f4xx_rng.o ABSOLUTE
    ..\Libraries\STM32F4xx_StdPeriph_Driver\src\stm32f4xx_rtc.c 0x00000000   Number         0  stm32f4xx_rtc.o ABSOLUTE
    ..\Libraries\STM32F4xx_StdPeriph_Driver\src\stm32f4xx_sdio.c 0x00000000   Number         0  stm32f4xx_sdio.o ABSOLUTE
    ..\Libraries\STM32F4xx_StdPeriph_Driver\src\stm32f4xx_spi.c 0x00000000   Number         0  stm32f4xx_spi.o ABSOLUTE
    ..\Libraries\STM32F4xx_StdPeriph_Driver\src\stm32f4xx_syscfg.c 0x00000000   Number         0  stm32f4xx_syscfg.o ABSOLUTE
    ..\Libraries\STM32F4xx_StdPeriph_Driver\src\stm32f4xx_tim.c 0x00000000   Number         0  stm32f4xx_tim.o ABSOLUTE
    ..\Libraries\STM32F4xx_StdPeriph_Driver\src\stm32f4xx_usart.c 0x00000000   Number         0  stm32f4xx_usart.o ABSOLUTE
    ..\Libraries\STM32F4xx_StdPeriph_Driver\src\stm32f4xx_wwdg.c 0x00000000   Number         0  stm32f4xx_wwdg.o ABSOLUTE
    ..\\Action_User\\can.c                   0x00000000   Number         0  can.o ABSOLUTE
    ..\\Action_User\\ctrl.c                  0x00000000   Number         0  ctrl.o ABSOLUTE
    ..\\Action_User\\elmo.c                  0x00000000   Number         0  elmo.o ABSOLUTE
    ..\\Action_User\\gpio.c                  0x00000000   Number         0  gpio.o ABSOLUTE
    ..\\Action_User\\main.c                  0x00000000   Number         0  main.o ABSOLUTE
    ..\\Action_User\\stm32f4xx_it.c          0x00000000   Number         0  stm32f4xx_it.o ABSOLUTE
    ..\\Action_User\\timer.c                 0x00000000   Number         0  timer.o ABSOLUTE
    ..\\Action_User\\usart.c                 0x00000000   Number         0  usart.o ABSOLUTE
    ..\\Libraries\\CMSIS\\system_stm32f4xx.c 0x00000000   Number         0  system_stm32f4xx.o ABSOLUTE
    ..\\Libraries\\STM32F4xx_StdPeriph_Driver\\src\\misc.c 0x00000000   Number         0  misc.o ABSOLUTE
    ..\\Libraries\\STM32F4xx_StdPeriph_Driver\\src\\stm32f4xx_adc.c 0x00000000   Number         0  stm32f4xx_adc.o ABSOLUTE
    ..\\Libraries\\STM32F4xx_StdPeriph_Driver\\src\\stm32f4xx_can.c 0x00000000   Number         0  stm32f4xx_can.o ABSOLUTE
    ..\\Libraries\\STM32F4xx_StdPeriph_Driver\\src\\stm32f4xx_crc.c 0x00000000   Number         0  stm32f4xx_crc.o ABSOLUTE
    ..\\Libraries\\STM32F4xx_StdPeriph_Driver\\src\\stm32f4xx_cryp.c 0x00000000   Number         0  stm32f4xx_cryp.o ABSOLUTE
    ..\\Libraries\\STM32F4xx_StdPeriph_Driver\\src\\stm32f4xx_cryp_aes.c 0x00000000   Number         0  stm32f4xx_cryp_aes.o ABSOLUTE
    ..\\Libraries\\STM32F4xx_StdPeriph_Driver\\src\\stm32f4xx_cryp_des.c 0x00000000   Number         0  stm32f4xx_cryp_des.o ABSOLUTE
    ..\\Libraries\\STM32F4xx_StdPeriph_Driver\\src\\stm32f4xx_cryp_tdes.c 0x00000000   Number         0  stm32f4xx_cryp_tdes.o ABSOLUTE
    ..\\Libraries\\STM32F4xx_StdPeriph_Driver\\src\\stm32f4xx_dac.c 0x00000000   Number         0  stm32f4xx_dac.o ABSOLUTE
    ..\\Libraries\\STM32F4xx_StdPeriph_Driver\\src\\stm32f4xx_dbgmcu.c 0x00000000   Number         0  stm32f4xx_dbgmcu.o ABSOLUTE
    ..\\Libraries\\STM32F4xx_StdPeriph_Driver\\src\\stm32f4xx_dcmi.c 0x00000000   Number         0  stm32f4xx_dcmi.o ABSOLUTE
    ..\\Libraries\\STM32F4xx_StdPeriph_Driver\\src\\stm32f4xx_dma.c 0x00000000   Number         0  stm32f4xx_dma.o ABSOLUTE
    ..\\Libraries\\STM32F4xx_StdPeriph_Driver\\src\\stm32f4xx_exti.c 0x00000000   Number         0  stm32f4xx_exti.o ABSOLUTE
    ..\\Libraries\\STM32F4xx_StdPeriph_Driver\\src\\stm32f4xx_flash.c 0x00000000   Number         0  stm32f4xx_flash.o ABSOLUTE
    ..\\Libraries\\STM32F4xx_StdPeriph_Driver\\src\\stm32f4xx_fsmc.c 0x00000000   Number         0  stm32f4xx_fsmc.o ABSOLUTE
    ..\\Libraries\\STM32F4xx_StdPeriph_Driver\\src\\stm32f4xx_gpio.c 0x00000000   Number         0  stm32f4xx_gpio.o ABSOLUTE
    ..\\Libraries\\STM32F4xx_StdPeriph_Driver\\src\\stm32f4xx_hash.c 0x00000000   Number         0  stm32f4xx_hash.o ABSOLUTE
    ..\\Libraries\\STM32F4xx_StdPeriph_Driver\\src\\stm32f4xx_hash_md5.c 0x00000000   Number         0  stm32f4xx_hash_md5.o ABSOLUTE
    ..\\Libraries\\STM32F4xx_StdPeriph_Driver\\src\\stm32f4xx_hash_sha1.c 0x00000000   Number         0  stm32f4xx_hash_sha1.o ABSOLUTE
    ..\\Libraries\\STM32F4xx_StdPeriph_Driver\\src\\stm32f4xx_i2c.c 0x00000000   Number         0  stm32f4xx_i2c.o ABSOLUTE
    ..\\Libraries\\STM32F4xx_StdPeriph_Driver\\src\\stm32f4xx_iwdg.c 0x00000000   Number         0  stm32f4xx_iwdg.o ABSOLUTE
    ..\\Libraries\\STM32F4xx_StdPeriph_Driver\\src\\stm32f4xx_pwr.c 0x00000000   Number         0  stm32f4xx_pwr.o ABSOLUTE
    ..\\Libraries\\STM32F4xx_StdPeriph_Driver\\src\\stm32f4xx_rcc.c 0x00000000   Number         0  stm32f4xx_rcc.o ABSOLUTE
    ..\\Libraries\\STM32F4xx_StdPeriph_Driver\\src\\stm32f4xx_rng.c 0x00000000   Number         0  stm32f4xx_rng.o ABSOLUTE
    ..\\Libraries\\STM32F4xx_StdPeriph_Driver\\src\\stm32f4xx_rtc.c 0x00000000   Number         0  stm32f4xx_rtc.o ABSOLUTE
    ..\\Libraries\\STM32F4xx_StdPeriph_Driver\\src\\stm32f4xx_sdio.c 0x00000000   Number         0  stm32f4xx_sdio.o ABSOLUTE
    ..\\Libraries\\STM32F4xx_StdPeriph_Driver\\src\\stm32f4xx_spi.c 0x00000000   Number         0  stm32f4xx_spi.o ABSOLUTE
    ..\\Libraries\\STM32F4xx_StdPeriph_Driver\\src\\stm32f4xx_syscfg.c 0x00000000   Number         0  stm32f4xx_syscfg.o ABSOLUTE
    ..\\Libraries\\STM32F4xx_StdPeriph_Driver\\src\\stm32f4xx_tim.c 0x00000000   Number         0  stm32f4xx_tim.o ABSOLUTE
    ..\\Libraries\\STM32F4xx_StdPeriph_Driver\\src\\stm32f4xx_usart.c 0x00000000   Number         0  stm32f4xx_usart.o ABSOLUTE
    ..\\Libraries\\STM32F4xx_StdPeriph_Driver\\src\\stm32f4xx_wwdg.c 0x00000000   Number         0  stm32f4xx_wwdg.o ABSOLUTE
    dc.s                                     0x00000000   Number         0  dc.o ABSOLUTE
    RESET                                    0x08000000   Section      392  startup_stm32f4xx.o(RESET)
    !!!main                                  0x08000188   Section        8  __main.o(!!!main)
    !!!scatter                               0x08000190   Section       52  __scatter.o(!!!scatter)
    !!handler_copy                           0x080001c4   Section       26  __scatter_copy.o(!!handler_copy)
    !!handler_zi                             0x080001e0   Section       28  __scatter_zi.o(!!handler_zi)
    .ARM.Collect$$libinit$$00000000          0x080001fc   Section        2  libinit.o(.ARM.Collect$$libinit$$00000000)
    .ARM.Collect$$libinit$$00000001          0x080001fe   Section        4  libinit2.o(.ARM.Collect$$libinit$$00000001)
    .ARM.Collect$$libinit$$00000004          0x08000202   Section        0  libinit2.o(.ARM.Collect$$libinit$$00000004)
    .ARM.Collect$$libinit$$0000000A          0x08000202   Section        0  libinit2.o(.ARM.Collect$$libinit$$0000000A)
    .ARM.Collect$$libinit$$0000000C          0x08000202   Section        0  libinit2.o(.ARM.Collect$$libinit$$0000000C)
    .ARM.Collect$$libinit$$0000000E          0x08000202   Section        0  libinit2.o(.ARM.Collect$$libinit$$0000000E)
    .ARM.Collect$$libinit$$00000011          0x08000202   Section        0  libinit2.o(.ARM.Collect$$libinit$$00000011)
    .ARM.Collect$$libinit$$00000013          0x08000202   Section        0  libinit2.o(.ARM.Collect$$libinit$$00000013)
    .ARM.Collect$$libinit$$00000015          0x08000202   Section        0  libinit2.o(.ARM.Collect$$libinit$$00000015)
    .ARM.Collect$$libinit$$00000017          0x08000202   Section        0  libinit2.o(.ARM.Collect$$libinit$$00000017)
    .ARM.Collect$$libinit$$00000019          0x08000202   Section        0  libinit2.o(.ARM.Collect$$libinit$$00000019)
    .ARM.Collect$$libinit$$0000001B          0x08000202   Section        0  libinit2.o(.ARM.Collect$$libinit$$0000001B)
    .ARM.Collect$$libinit$$0000001D          0x08000202   Section        0  libinit2.o(.ARM.Collect$$libinit$$0000001D)
    .ARM.Collect$$libinit$$0000001F          0x08000202   Section        0  libinit2.o(.ARM.Collect$$libinit$$0000001F)
    .ARM.Collect$$libinit$$00000021          0x08000202   Section        0  libinit2.o(.ARM.Collect$$libinit$$00000021)
    .ARM.Collect$$libinit$$00000023          0x08000202   Section        0  libinit2.o(.ARM.Collect$$libinit$$00000023)
    .ARM.Collect$$libinit$$00000025          0x08000202   Section        0  libinit2.o(.ARM.Collect$$libinit$$00000025)
    .ARM.Collect$$libinit$$0000002C          0x08000202   Section        0  libinit2.o(.ARM.Collect$$libinit$$0000002C)
    .ARM.Collect$$libinit$$0000002E          0x08000202   Section        0  libinit2.o(.ARM.Collect$$libinit$$0000002E)
    .ARM.Collect$$libinit$$00000030          0x08000202   Section        0  libinit2.o(.ARM.Collect$$libinit$$00000030)
    .ARM.Collect$$libinit$$00000032          0x08000202   Section        0  libinit2.o(.ARM.Collect$$libinit$$00000032)
    .ARM.Collect$$libinit$$00000033          0x08000202   Section        2  libinit2.o(.ARM.Collect$$libinit$$00000033)
    .ARM.Collect$$libshutdown$$00000000      0x08000204   Section        2  libshutdown.o(.ARM.Collect$$libshutdown$$00000000)
    .ARM.Collect$$libshutdown$$00000002      0x08000206   Section        0  libshutdown2.o(.ARM.Collect$$libshutdown$$00000002)
    .ARM.Collect$$libshutdown$$00000004      0x08000206   Section        0  libshutdown2.o(.ARM.Collect$$libshutdown$$00000004)
    .ARM.Collect$$libshutdown$$00000007      0x08000206   Section        0  libshutdown2.o(.ARM.Collect$$libshutdown$$00000007)
    .ARM.Collect$$libshutdown$$0000000A      0x08000206   Section        0  libshutdown2.o(.ARM.Collect$$libshutdown$$0000000A)
    .ARM.Collect$$libshutdown$$0000000C      0x08000206   Section        0  libshutdown2.o(.ARM.Collect$$libshutdown$$0000000C)
    .ARM.Collect$$libshutdown$$0000000F      0x08000206   Section        0  libshutdown2.o(.ARM.Collect$$libshutdown$$0000000F)
    .ARM.Collect$$libshutdown$$00000010      0x08000206   Section        2  libshutdown2.o(.ARM.Collect$$libshutdown$$00000010)
    .ARM.Collect$$rtentry$$00000000          0x08000208   Section        0  __rtentry.o(.ARM.Collect$$rtentry$$00000000)
    .ARM.Collect$$rtentry$$00000002          0x08000208   Section        0  __rtentry2.o(.ARM.Collect$$rtentry$$00000002)
    .ARM.Collect$$rtentry$$00000004          0x08000208   Section        6  __rtentry4.o(.ARM.Collect$$rtentry$$00000004)
    .ARM.Collect$$rtentry$$00000009          0x0800020e   Section        0  __rtentry2.o(.ARM.Collect$$rtentry$$00000009)
    .ARM.Collect$$rtentry$$0000000A          0x0800020e   Section        4  __rtentry2.o(.ARM.Collect$$rtentry$$0000000A)
    .ARM.Collect$$rtentry$$0000000C          0x08000212   Section        0  __rtentry2.o(.ARM.Collect$$rtentry$$0000000C)
    .ARM.Collect$$rtentry$$0000000D          0x08000212   Section        8  __rtentry2.o(.ARM.Collect$$rtentry$$0000000D)
    .ARM.Collect$$rtexit$$00000000           0x0800021a   Section        2  rtexit.o(.ARM.Collect$$rtexit$$00000000)
    .ARM.Collect$$rtexit$$00000002           0x0800021c   Section        0  rtexit2.o(.ARM.Collect$$rtexit$$00000002)
    .ARM.Collect$$rtexit$$00000003           0x0800021c   Section        4  rtexit2.o(.ARM.Collect$$rtexit$$00000003)
    .ARM.Collect$$rtexit$$00000004           0x08000220   Section        6  rtexit2.o(.ARM.Collect$$rtexit$$00000004)
    .text                                    0x08000228   Section       64  startup_stm32f4xx.o(.text)
    $v0                                      0x08000228   Number         0  startup_stm32f4xx.o(.text)
    .text                                    0x08000268   Section        0  heapauxi.o(.text)
    .text                                    0x0800026e   Section        0  _rserrno.o(.text)
    .text                                    0x08000284   Section        8  rt_errno_addr_intlibspace.o(.text)
    .text                                    0x0800028c   Section        8  libspace.o(.text)
    .text                                    0x08000294   Section       74  sys_stackheap_outer.o(.text)
    .text                                    0x080002de   Section        0  exit.o(.text)
    .text                                    0x080002f0   Section        0  sys_exit.o(.text)
    .text                                    0x080002fc   Section        2  use_no_semi.o(.text)
    .text                                    0x080002fe   Section        0  indicate_semi.o(.text)
    i.BusFault_Handler                       0x080002fe   Section        0  stm32f4xx_it.o(i.BusFault_Handler)
    i.CAN1_RX0_IRQHandler                    0x08000304   Section        0  stm32f4xx_it.o(i.CAN1_RX0_IRQHandler)
    i.CAN_ClearFlag                          0x080003f4   Section        0  stm32f4xx_can.o(i.CAN_ClearFlag)
    i.CAN_Config                             0x0800042c   Section        0  can.o(i.CAN_Config)
    i.CAN_DeInit                             0x080007dc   Section        0  stm32f4xx_can.o(i.CAN_DeInit)
    i.CAN_FilterInit                         0x08000814   Section        0  stm32f4xx_can.o(i.CAN_FilterInit)
    i.CAN_ITConfig                           0x0800091c   Section        0  stm32f4xx_can.o(i.CAN_ITConfig)
    i.CAN_Init                               0x0800092e   Section        0  stm32f4xx_can.o(i.CAN_Init)
    i.CAN_MessagePending                     0x08000a42   Section        0  stm32f4xx_can.o(i.CAN_MessagePending)
    i.CAN_Receive                            0x08000a60   Section        0  stm32f4xx_can.o(i.CAN_Receive)
    i.CAN_RxMsg                              0x08000b50   Section        0  can.o(i.CAN_RxMsg)
    i.CAN_Transmit                           0x08000b98   Section        0  stm32f4xx_can.o(i.CAN_Transmit)
    i.CAN_TransmitStatus                     0x08000cc0   Section        0  stm32f4xx_can.o(i.CAN_TransmitStatus)
    i.CalculSpeed                            0x08000d60   Section        0  ctrl.o(i.CalculSpeed)
    i.DMA1_Stream3_IRQHandler                0x08000e2c   Section        0  usart.o(i.DMA1_Stream3_IRQHandler)
    i.DMA_ClearITPendingBit                  0x08000e5c   Section        0  stm32f4xx_dma.o(i.DMA_ClearITPendingBit)
    i.DMA_Cmd                                0x08000e90   Section        0  stm32f4xx_dma.o(i.DMA_Cmd)
    i.DMA_GetITStatus                        0x08000ea8   Section        0  stm32f4xx_dma.o(i.DMA_GetITStatus)
    i.DMA_ITConfig                           0x08000f0c   Section        0  stm32f4xx_dma.o(i.DMA_ITConfig)
    i.DMA_Init                               0x08000f48   Section        0  stm32f4xx_dma.o(i.DMA_Init)
    i.DMA_Send_Data                          0x08000fa0   Section        0  usart.o(i.DMA_Send_Data)
    i.DMA_SetCurrDataCounter                 0x0800101c   Section        0  stm32f4xx_dma.o(i.DMA_SetCurrDataCounter)
    i.DebugMon_Handler                       0x08001020   Section        0  stm32f4xx_it.o(i.DebugMon_Handler)
    i.DriverInit                             0x08001024   Section        0  ctrl.o(i.DriverInit)
    i.GPIO_Init                              0x08001054   Section        0  stm32f4xx_gpio.o(i.GPIO_Init)
    i.GPIO_PinAFConfig                       0x080010e4   Section        0  stm32f4xx_gpio.o(i.GPIO_PinAFConfig)
    i.GetMotorPos                            0x0800112c   Section        0  rm_motor.o(i.GetMotorPos)
    i.HardFault_Handler                      0x08001140   Section        0  stm32f4xx_it.o(i.HardFault_Handler)
    i.HomingMode                             0x08001144   Section        0  ctrl.o(i.HomingMode)
    i.HomingModeInit                         0x080011d4   Section        0  ctrl.o(i.HomingModeInit)
    i.MaxMinLimit                            0x080011f4   Section        0  ctrl.o(i.MaxMinLimit)
    i.MemManage_Handler                      0x0800121a   Section        0  stm32f4xx_it.o(i.MemManage_Handler)
    i.MotorCtrl                              0x08001220   Section        0  ctrl.o(i.MotorCtrl)
    i.NMI_Handler                            0x080012cc   Section        0  stm32f4xx_it.o(i.NMI_Handler)
    i.NVIC_Init                              0x080012d0   Section        0  misc.o(i.NVIC_Init)
    i.NVIC_PriorityGroupConfig               0x08001348   Section        0  misc.o(i.NVIC_PriorityGroupConfig)
    i.PosCtrl                                0x0800135c   Section        0  ctrl.o(i.PosCtrl)
    i.PosCtrlInit                            0x08001c7c   Section        0  ctrl.o(i.PosCtrlInit)
    i.RCC_AHB1PeriphClockCmd                 0x08001ce4   Section        0  stm32f4xx_rcc.o(i.RCC_AHB1PeriphClockCmd)
    i.RCC_APB1PeriphClockCmd                 0x08001d04   Section        0  stm32f4xx_rcc.o(i.RCC_APB1PeriphClockCmd)
    i.RCC_APB1PeriphResetCmd                 0x08001d24   Section        0  stm32f4xx_rcc.o(i.RCC_APB1PeriphResetCmd)
    i.RCC_APB2PeriphClockCmd                 0x08001d44   Section        0  stm32f4xx_rcc.o(i.RCC_APB2PeriphClockCmd)
    i.RCC_GetClocksFreq                      0x08001d64   Section        0  stm32f4xx_rcc.o(i.RCC_GetClocksFreq)
    i.SVC_Handler                            0x08001e4c   Section        0  stm32f4xx_it.o(i.SVC_Handler)
    i.SendDMA                                0x08001e4e   Section        0  usart.o(i.SendDMA)
    i.SetCur                                 0x08001ec8   Section        0  elmo.o(i.SetCur)
    i.SetSysClock                            0x08001f90   Section        0  system_stm32f4xx.o(i.SetSysClock)
    SetSysClock                              0x08001f91   Thumb Code   220  system_stm32f4xx.o(i.SetSysClock)
    i.SystemInit                             0x0800207c   Section        0  system_stm32f4xx.o(i.SystemInit)
    i.TIM1_UP_TIM10_IRQHandler               0x080020e4   Section        0  stm32f4xx_it.o(i.TIM1_UP_TIM10_IRQHandler)
    i.TIM2_IRQHandler                        0x08002100   Section        0  stm32f4xx_it.o(i.TIM2_IRQHandler)
    i.TIM3_IRQHandler                        0x0800211c   Section        0  stm32f4xx_it.o(i.TIM3_IRQHandler)
    i.TIM4_IRQHandler                        0x08002138   Section        0  stm32f4xx_it.o(i.TIM4_IRQHandler)
    i.TIM5_IRQHandler                        0x08002154   Section        0  stm32f4xx_it.o(i.TIM5_IRQHandler)
    i.TIM8_UP_TIM13_IRQHandler               0x08002170   Section        0  stm32f4xx_it.o(i.TIM8_UP_TIM13_IRQHandler)
    i.TIM_ClearITPendingBit                  0x0800218c   Section        0  stm32f4xx_tim.o(i.TIM_ClearITPendingBit)
    i.TIM_Cmd                                0x08002192   Section        0  stm32f4xx_tim.o(i.TIM_Cmd)
    i.TIM_Delay100us                         0x080021ac   Section        0  timer.o(i.TIM_Delay100us)
    i.TIM_Delayms                            0x08002380   Section        0  timer.o(i.TIM_Delayms)
    i.TIM_GetCounter                         0x0800239c   Section        0  stm32f4xx_tim.o(i.TIM_GetCounter)
    i.TIM_GetITStatus                        0x080023a2   Section        0  stm32f4xx_tim.o(i.TIM_GetITStatus)
    i.TIM_ITConfig                           0x080023c4   Section        0  stm32f4xx_tim.o(i.TIM_ITConfig)
    i.TIM_Init                               0x080023d8   Section        0  timer.o(i.TIM_Init)
    i.TIM_SetCounter                         0x0800259c   Section        0  stm32f4xx_tim.o(i.TIM_SetCounter)
    i.TIM_TimeBaseInit                       0x080025a0   Section        0  stm32f4xx_tim.o(i.TIM_TimeBaseInit)
    i.UART5_IRQHandler                       0x08002624   Section        0  stm32f4xx_it.o(i.UART5_IRQHandler)
    i.USART3_DMA_Init                        0x08002644   Section        0  usart.o(i.USART3_DMA_Init)
    i.USART3_IRQHandler                      0x08002758   Section        0  stm32f4xx_it.o(i.USART3_IRQHandler)
    i.USART_ClearITPendingBit                0x08002778   Section        0  stm32f4xx_usart.o(i.USART_ClearITPendingBit)
    i.USART_Cmd                              0x08002796   Section        0  stm32f4xx_usart.o(i.USART_Cmd)
    i.USART_DMACmd                           0x080027ae   Section        0  stm32f4xx_usart.o(i.USART_DMACmd)
    i.USART_GetITStatus                      0x080027c0   Section        0  stm32f4xx_usart.o(i.USART_GetITStatus)
    i.USART_Init                             0x08002814   Section        0  stm32f4xx_usart.o(i.USART_Init)
    i.UsageFault_Handler                     0x080028e8   Section        0  stm32f4xx_it.o(i.UsageFault_Handler)
    i.VelCtrl                                0x080028ec   Section        0  ctrl.o(i.VelCtrl)
    i.VelCtrlInit                            0x08002978   Section        0  ctrl.o(i.VelCtrlInit)
    i.VelSlope                               0x080029c4   Section        0  ctrl.o(i.VelSlope)
    i.__hardfp_sqrt                          0x08002a40   Section        0  sqrt.o(i.__hardfp_sqrt)
    i.init                                   0x08002abc   Section        0  main.o(i.init)
    i.main                                   0x08002b50   Section        0  main.o(i.main)
    i.t_pow                                  0x08002b94   Section        0  usart.o(i.t_pow)
    x$fpl$dfix                               0x08002bac   Section       94  dfix.o(x$fpl$dfix)
    $v0                                      0x08002bac   Number         0  dfix.o(x$fpl$dfix)
    x$fpl$dnaninf                            0x08002c0a   Section      156  dnaninf.o(x$fpl$dnaninf)
    $v0                                      0x08002c0a   Number         0  dnaninf.o(x$fpl$dnaninf)
    x$fpl$dretinf                            0x08002ca6   Section       12  dretinf.o(x$fpl$dretinf)
    $v0                                      0x08002ca6   Number         0  dretinf.o(x$fpl$dretinf)
    x$fpl$dsqrt                              0x08002cb4   Section      408  dsqrt_umaal.o(x$fpl$dsqrt)
    $v0                                      0x08002cb4   Number         0  dsqrt_umaal.o(x$fpl$dsqrt)
    x$fpl$f2d                                0x08002e4c   Section       86  f2d.o(x$fpl$f2d)
    $v0                                      0x08002e4c   Number         0  f2d.o(x$fpl$f2d)
    x$fpl$fnaninf                            0x08002ea2   Section      140  fnaninf.o(x$fpl$fnaninf)
    $v0                                      0x08002ea2   Number         0  fnaninf.o(x$fpl$fnaninf)
    x$fpl$fpinit                             0x08002f2e   Section       10  fpinit.o(x$fpl$fpinit)
    $v0                                      0x08002f2e   Number         0  fpinit.o(x$fpl$fpinit)
    x$fpl$usenofp                            0x08002f38   Section        0  usenofp.o(x$fpl$usenofp)
    .data                                    0x20000000   Section       28  stm32f4xx_it.o(.data)
    buffer                                   0x2000000f   Data           8  stm32f4xx_it.o(.data)
    StdId                                    0x20000018   Data           4  stm32f4xx_it.o(.data)
    .data                                    0x2000001c   Section        2  usart.o(.data)
    DMA_Send_count                           0x2000001c   Data           2  usart.o(.data)
    .data                                    0x20000020   Section       72  ctrl.o(.data)
    desiredVel                               0x20000058   Data           4  ctrl.o(.data)
    posErrLast                               0x2000005c   Data           4  ctrl.o(.data)
    posLast                                  0x20000060   Data           4  ctrl.o(.data)
    PosOld                                   0x20000064   Data           4  ctrl.o(.data)
    .data                                    0x20000068   Section       16  stm32f4xx_rcc.o(.data)
    APBAHBPrescTable                         0x20000068   Data          16  stm32f4xx_rcc.o(.data)
    .bss                                     0x20000078   Section     1400  usart.o(.bss)
    .bss                                     0x200005f0   Section      132  ctrl.o(.bss)
    .bss                                     0x20000674   Section       96  rm_motor.o(.bss)
    .bss                                     0x200006d4   Section       96  libspace.o(.bss)
    HEAP                                     0x20000738   Section    16896  startup_stm32f4xx.o(HEAP)
    Heap_Mem                                 0x20000738   Data       16896  startup_stm32f4xx.o(HEAP)
    STACK                                    0x20004938   Section     1024  startup_stm32f4xx.o(STACK)
    Stack_Mem                                0x20004938   Data        1024  startup_stm32f4xx.o(STACK)
    __initial_sp                             0x20004d38   Data           0  startup_stm32f4xx.o(STACK)

    Global Symbols

    Symbol Name                              Value     Ov Type        Size  Object(Section)

    BuildAttributes$$THM_ISAv4$E$P$D$K$B$S$7EM$VFPi3$EXTD16$VFPS$VFMA$PE$A:L22UL41UL21$X:L11$S22US41US21$IEEE1$IW$USESV6$~STKCKD$USESV7$~SHL$OTIME$ROPI$IEEEJ$EBA8$UX$STANDARDLIB$REQ8$PRES8$EABIv2 0x00000000   Number         0  anon$$obj.o ABSOLUTE
    __ARM_use_no_argv                        0x00000000   Number         0  main.o ABSOLUTE
    SHT$$ARM_EXIDX$$Base                      - Undefined Reference
    SHT$$ARM_EXIDX$$Limit                     - Undefined Reference
    __ARM_exceptions_init                     - Undefined Weak Reference
    __aeabi_unwind_cpp_pr1                    - Undefined Weak Reference
    __aeabi_unwind_cpp_pr2                    - Undefined Weak Reference
    __alloca_initialize                       - Undefined Weak Reference
    __arm_preinit_                            - Undefined Weak Reference
    __cpp_initialize__aeabi_                  - Undefined Weak Reference
    __cxa_begin_cleanup                       - Undefined Weak Reference
    __cxa_call_unexpected                     - Undefined Weak Reference
    __cxa_finalize                            - Undefined Weak Reference
    __cxa_type_match                          - Undefined Weak Reference
    __rt_locale                               - Undefined Weak Reference
    __sigvec_lookup                           - Undefined Weak Reference
    __user_heap_extent                        - Undefined Weak Reference
    _atexit_init                              - Undefined Weak Reference
    _call_atexit_fns                          - Undefined Weak Reference
    _clock_init                               - Undefined Weak Reference
    _fp_trap_init                             - Undefined Weak Reference
    _fp_trap_shutdown                         - Undefined Weak Reference
    _get_lc_collate                           - Undefined Weak Reference
    _get_lc_ctype                             - Undefined Weak Reference
    _get_lc_monetary                          - Undefined Weak Reference
    _get_lc_numeric                           - Undefined Weak Reference
    _get_lc_time                              - Undefined Weak Reference
    _getenv_init                              - Undefined Weak Reference
    _handle_redirection                       - Undefined Weak Reference
    _initio                                   - Undefined Weak Reference
    _mutex_acquire                            - Undefined Weak Reference
    _mutex_free                               - Undefined Weak Reference
    _mutex_release                            - Undefined Weak Reference
    _rand_init                                - Undefined Weak Reference
    _signal_finish                            - Undefined Weak Reference
    _signal_init                              - Undefined Weak Reference
    _terminateio                              - Undefined Weak Reference
    __Vectors_Size                           0x00000188   Number         0  startup_stm32f4xx.o ABSOLUTE
    __Vectors                                0x08000000   Data           4  startup_stm32f4xx.o(RESET)
    __Vectors_End                            0x08000188   Data           0  startup_stm32f4xx.o(RESET)
    __main                                   0x08000189   Thumb Code     8  __main.o(!!!main)
    __scatterload                            0x08000191   Thumb Code     0  __scatter.o(!!!scatter)
    __scatterload_rt2                        0x08000191   Thumb Code    44  __scatter.o(!!!scatter)
    __scatterload_rt2_thumb_only             0x08000191   Thumb Code     0  __scatter.o(!!!scatter)
    __scatterload_null                       0x0800019f   Thumb Code     0  __scatter.o(!!!scatter)
    __scatterload_copy                       0x080001c5   Thumb Code    26  __scatter_copy.o(!!handler_copy)
    __scatterload_zeroinit                   0x080001e1   Thumb Code    28  __scatter_zi.o(!!handler_zi)
    __rt_lib_init                            0x080001fd   Thumb Code     0  libinit.o(.ARM.Collect$$libinit$$00000000)
    __rt_lib_init_fp_1                       0x080001ff   Thumb Code     0  libinit2.o(.ARM.Collect$$libinit$$00000001)
    __rt_lib_init_alloca_1                   0x08000203   Thumb Code     0  libinit2.o(.ARM.Collect$$libinit$$0000002E)
    __rt_lib_init_argv_1                     0x08000203   Thumb Code     0  libinit2.o(.ARM.Collect$$libinit$$0000002C)
    __rt_lib_init_atexit_1                   0x08000203   Thumb Code     0  libinit2.o(.ARM.Collect$$libinit$$0000001B)
    __rt_lib_init_clock_1                    0x08000203   Thumb Code     0  libinit2.o(.ARM.Collect$$libinit$$00000021)
    __rt_lib_init_cpp_1                      0x08000203   Thumb Code     0  libinit2.o(.ARM.Collect$$libinit$$00000032)
    __rt_lib_init_exceptions_1               0x08000203   Thumb Code     0  libinit2.o(.ARM.Collect$$libinit$$00000030)
    __rt_lib_init_fp_trap_1                  0x08000203   Thumb Code     0  libinit2.o(.ARM.Collect$$libinit$$0000001F)
    __rt_lib_init_getenv_1                   0x08000203   Thumb Code     0  libinit2.o(.ARM.Collect$$libinit$$00000023)
    __rt_lib_init_heap_1                     0x08000203   Thumb Code     0  libinit2.o(.ARM.Collect$$libinit$$0000000A)
    __rt_lib_init_lc_collate_1               0x08000203   Thumb Code     0  libinit2.o(.ARM.Collect$$libinit$$00000011)
    __rt_lib_init_lc_ctype_1                 0x08000203   Thumb Code     0  libinit2.o(.ARM.Collect$$libinit$$00000013)
    __rt_lib_init_lc_monetary_1              0x08000203   Thumb Code     0  libinit2.o(.ARM.Collect$$libinit$$00000015)
    __rt_lib_init_lc_numeric_1               0x08000203   Thumb Code     0  libinit2.o(.ARM.Collect$$libinit$$00000017)
    __rt_lib_init_lc_time_1                  0x08000203   Thumb Code     0  libinit2.o(.ARM.Collect$$libinit$$00000019)
    __rt_lib_init_preinit_1                  0x08000203   Thumb Code     0  libinit2.o(.ARM.Collect$$libinit$$00000004)
    __rt_lib_init_rand_1                     0x08000203   Thumb Code     0  libinit2.o(.ARM.Collect$$libinit$$0000000E)
    __rt_lib_init_return                     0x08000203   Thumb Code     0  libinit2.o(.ARM.Collect$$libinit$$00000033)
    __rt_lib_init_signal_1                   0x08000203   Thumb Code     0  libinit2.o(.ARM.Collect$$libinit$$0000001D)
    __rt_lib_init_stdio_1                    0x08000203   Thumb Code     0  libinit2.o(.ARM.Collect$$libinit$$00000025)
    __rt_lib_init_user_alloc_1               0x08000203   Thumb Code     0  libinit2.o(.ARM.Collect$$libinit$$0000000C)
    __rt_lib_shutdown                        0x08000205   Thumb Code     0  libshutdown.o(.ARM.Collect$$libshutdown$$00000000)
    __rt_lib_shutdown_cpp_1                  0x08000207   Thumb Code     0  libshutdown2.o(.ARM.Collect$$libshutdown$$00000002)
    __rt_lib_shutdown_fp_trap_1              0x08000207   Thumb Code     0  libshutdown2.o(.ARM.Collect$$libshutdown$$00000007)
    __rt_lib_shutdown_heap_1                 0x08000207   Thumb Code     0  libshutdown2.o(.ARM.Collect$$libshutdown$$0000000F)
    __rt_lib_shutdown_return                 0x08000207   Thumb Code     0  libshutdown2.o(.ARM.Collect$$libshutdown$$00000010)
    __rt_lib_shutdown_signal_1               0x08000207   Thumb Code     0  libshutdown2.o(.ARM.Collect$$libshutdown$$0000000A)
    __rt_lib_shutdown_stdio_1                0x08000207   Thumb Code     0  libshutdown2.o(.ARM.Collect$$libshutdown$$00000004)
    __rt_lib_shutdown_user_alloc_1           0x08000207   Thumb Code     0  libshutdown2.o(.ARM.Collect$$libshutdown$$0000000C)
    __rt_entry                               0x08000209   Thumb Code     0  __rtentry.o(.ARM.Collect$$rtentry$$00000000)
    __rt_entry_presh_1                       0x08000209   Thumb Code     0  __rtentry2.o(.ARM.Collect$$rtentry$$00000002)
    __rt_entry_sh                            0x08000209   Thumb Code     0  __rtentry4.o(.ARM.Collect$$rtentry$$00000004)
    __rt_entry_li                            0x0800020f   Thumb Code     0  __rtentry2.o(.ARM.Collect$$rtentry$$0000000A)
    __rt_entry_postsh_1                      0x0800020f   Thumb Code     0  __rtentry2.o(.ARM.Collect$$rtentry$$00000009)
    __rt_entry_main                          0x08000213   Thumb Code     0  __rtentry2.o(.ARM.Collect$$rtentry$$0000000D)
    __rt_entry_postli_1                      0x08000213   Thumb Code     0  __rtentry2.o(.ARM.Collect$$rtentry$$0000000C)
    __rt_exit                                0x0800021b   Thumb Code     0  rtexit.o(.ARM.Collect$$rtexit$$00000000)
    __rt_exit_ls                             0x0800021d   Thumb Code     0  rtexit2.o(.ARM.Collect$$rtexit$$00000003)
    __rt_exit_prels_1                        0x0800021d   Thumb Code     0  rtexit2.o(.ARM.Collect$$rtexit$$00000002)
    __rt_exit_exit                           0x08000221   Thumb Code     0  rtexit2.o(.ARM.Collect$$rtexit$$00000004)
    Reset_Handler                            0x08000229   Thumb Code     8  startup_stm32f4xx.o(.text)
    PendSV_Handler                           0x0800023f   Thumb Code     2  startup_stm32f4xx.o(.text)
    SysTick_Handler                          0x08000241   Thumb Code     2  startup_stm32f4xx.o(.text)
    ADC_IRQHandler                           0x08000243   Thumb Code     0  startup_stm32f4xx.o(.text)
    CAN1_RX1_IRQHandler                      0x08000243   Thumb Code     0  startup_stm32f4xx.o(.text)
    CAN1_SCE_IRQHandler                      0x08000243   Thumb Code     0  startup_stm32f4xx.o(.text)
    CAN1_TX_IRQHandler                       0x08000243   Thumb Code     0  startup_stm32f4xx.o(.text)
    CAN2_RX0_IRQHandler                      0x08000243   Thumb Code     0  startup_stm32f4xx.o(.text)
    CAN2_RX1_IRQHandler                      0x08000243   Thumb Code     0  startup_stm32f4xx.o(.text)
    CAN2_SCE_IRQHandler                      0x08000243   Thumb Code     0  startup_stm32f4xx.o(.text)
    CAN2_TX_IRQHandler                       0x08000243   Thumb Code     0  startup_stm32f4xx.o(.text)
    CRYP_IRQHandler                          0x08000243   Thumb Code     0  startup_stm32f4xx.o(.text)
    DCMI_IRQHandler                          0x08000243   Thumb Code     0  startup_stm32f4xx.o(.text)
    DMA1_Stream0_IRQHandler                  0x08000243   Thumb Code     0  startup_stm32f4xx.o(.text)
    DMA1_Stream1_IRQHandler                  0x08000243   Thumb Code     0  startup_stm32f4xx.o(.text)
    DMA1_Stream2_IRQHandler                  0x08000243   Thumb Code     0  startup_stm32f4xx.o(.text)
    DMA1_Stream4_IRQHandler                  0x08000243   Thumb Code     0  startup_stm32f4xx.o(.text)
    DMA1_Stream5_IRQHandler                  0x08000243   Thumb Code     0  startup_stm32f4xx.o(.text)
    DMA1_Stream6_IRQHandler                  0x08000243   Thumb Code     0  startup_stm32f4xx.o(.text)
    DMA1_Stream7_IRQHandler                  0x08000243   Thumb Code     0  startup_stm32f4xx.o(.text)
    DMA2_Stream0_IRQHandler                  0x08000243   Thumb Code     0  startup_stm32f4xx.o(.text)
    DMA2_Stream1_IRQHandler                  0x08000243   Thumb Code     0  startup_stm32f4xx.o(.text)
    DMA2_Stream2_IRQHandler                  0x08000243   Thumb Code     0  startup_stm32f4xx.o(.text)
    DMA2_Stream3_IRQHandler                  0x08000243   Thumb Code     0  startup_stm32f4xx.o(.text)
    DMA2_Stream4_IRQHandler                  0x08000243   Thumb Code     0  startup_stm32f4xx.o(.text)
    DMA2_Stream5_IRQHandler                  0x08000243   Thumb Code     0  startup_stm32f4xx.o(.text)
    DMA2_Stream6_IRQHandler                  0x08000243   Thumb Code     0  startup_stm32f4xx.o(.text)
    DMA2_Stream7_IRQHandler                  0x08000243   Thumb Code     0  startup_stm32f4xx.o(.text)
    ETH_IRQHandler                           0x08000243   Thumb Code     0  startup_stm32f4xx.o(.text)
    ETH_WKUP_IRQHandler                      0x08000243   Thumb Code     0  startup_stm32f4xx.o(.text)
    EXTI0_IRQHandler                         0x08000243   Thumb Code     0  startup_stm32f4xx.o(.text)
    EXTI15_10_IRQHandler                     0x08000243   Thumb Code     0  startup_stm32f4xx.o(.text)
    EXTI1_IRQHandler                         0x08000243   Thumb Code     0  startup_stm32f4xx.o(.text)
    EXTI2_IRQHandler                         0x08000243   Thumb Code     0  startup_stm32f4xx.o(.text)
    EXTI3_IRQHandler                         0x08000243   Thumb Code     0  startup_stm32f4xx.o(.text)
    EXTI4_IRQHandler                         0x08000243   Thumb Code     0  startup_stm32f4xx.o(.text)
    EXTI9_5_IRQHandler                       0x08000243   Thumb Code     0  startup_stm32f4xx.o(.text)
    FLASH_IRQHandler                         0x08000243   Thumb Code     0  startup_stm32f4xx.o(.text)
    FPU_IRQHandler                           0x08000243   Thumb Code     0  startup_stm32f4xx.o(.text)
    FSMC_IRQHandler                          0x08000243   Thumb Code     0  startup_stm32f4xx.o(.text)
    HASH_RNG_IRQHandler                      0x08000243   Thumb Code     0  startup_stm32f4xx.o(.text)
    I2C1_ER_IRQHandler                       0x08000243   Thumb Code     0  startup_stm32f4xx.o(.text)
    I2C1_EV_IRQHandler                       0x08000243   Thumb Code     0  startup_stm32f4xx.o(.text)
    I2C2_ER_IRQHandler                       0x08000243   Thumb Code     0  startup_stm32f4xx.o(.text)
    I2C2_EV_IRQHandler                       0x08000243   Thumb Code     0  startup_stm32f4xx.o(.text)
    I2C3_ER_IRQHandler                       0x08000243   Thumb Code     0  startup_stm32f4xx.o(.text)
    I2C3_EV_IRQHandler                       0x08000243   Thumb Code     0  startup_stm32f4xx.o(.text)
    OTG_FS_IRQHandler                        0x08000243   Thumb Code     0  startup_stm32f4xx.o(.text)
    OTG_FS_WKUP_IRQHandler                   0x08000243   Thumb Code     0  startup_stm32f4xx.o(.text)
    OTG_HS_EP1_IN_IRQHandler                 0x08000243   Thumb Code     0  startup_stm32f4xx.o(.text)
    OTG_HS_EP1_OUT_IRQHandler                0x08000243   Thumb Code     0  startup_stm32f4xx.o(.text)
    OTG_HS_IRQHandler                        0x08000243   Thumb Code     0  startup_stm32f4xx.o(.text)
    OTG_HS_WKUP_IRQHandler                   0x08000243   Thumb Code     0  startup_stm32f4xx.o(.text)
    PVD_IRQHandler                           0x08000243   Thumb Code     0  startup_stm32f4xx.o(.text)
    RCC_IRQHandler                           0x08000243   Thumb Code     0  startup_stm32f4xx.o(.text)
    RTC_Alarm_IRQHandler                     0x08000243   Thumb Code     0  startup_stm32f4xx.o(.text)
    RTC_WKUP_IRQHandler                      0x08000243   Thumb Code     0  startup_stm32f4xx.o(.text)
    SDIO_IRQHandler                          0x08000243   Thumb Code     0  startup_stm32f4xx.o(.text)
    SPI1_IRQHandler                          0x08000243   Thumb Code     0  startup_stm32f4xx.o(.text)
    SPI2_IRQHandler                          0x08000243   Thumb Code     0  startup_stm32f4xx.o(.text)
    SPI3_IRQHandler                          0x08000243   Thumb Code     0  startup_stm32f4xx.o(.text)
    TAMP_STAMP_IRQHandler                    0x08000243   Thumb Code     0  startup_stm32f4xx.o(.text)
    TIM1_BRK_TIM9_IRQHandler                 0x08000243   Thumb Code     0  startup_stm32f4xx.o(.text)
    TIM1_CC_IRQHandler                       0x08000243   Thumb Code     0  startup_stm32f4xx.o(.text)
    TIM1_TRG_COM_TIM11_IRQHandler            0x08000243   Thumb Code     0  startup_stm32f4xx.o(.text)
    TIM6_DAC_IRQHandler                      0x08000243   Thumb Code     0  startup_stm32f4xx.o(.text)
    TIM7_IRQHandler                          0x08000243   Thumb Code     0  startup_stm32f4xx.o(.text)
    TIM8_BRK_TIM12_IRQHandler                0x08000243   Thumb Code     0  startup_stm32f4xx.o(.text)
    TIM8_CC_IRQHandler                       0x08000243   Thumb Code     0  startup_stm32f4xx.o(.text)
    TIM8_TRG_COM_TIM14_IRQHandler            0x08000243   Thumb Code     0  startup_stm32f4xx.o(.text)
    UART4_IRQHandler                         0x08000243   Thumb Code     0  startup_stm32f4xx.o(.text)
    USART1_IRQHandler                        0x08000243   Thumb Code     0  startup_stm32f4xx.o(.text)
    USART2_IRQHandler                        0x08000243   Thumb Code     0  startup_stm32f4xx.o(.text)
    USART6_IRQHandler                        0x08000243   Thumb Code     0  startup_stm32f4xx.o(.text)
    WWDG_IRQHandler                          0x08000243   Thumb Code     0  startup_stm32f4xx.o(.text)
    __user_initial_stackheap                 0x08000245   Thumb Code     0  startup_stm32f4xx.o(.text)
    __use_two_region_memory                  0x08000269   Thumb Code     2  heapauxi.o(.text)
    __rt_heap_escrow                         0x0800026b   Thumb Code     2  heapauxi.o(.text)
    __rt_heap_expand                         0x0800026d   Thumb Code     2  heapauxi.o(.text)
    __read_errno                             0x0800026f   Thumb Code    10  _rserrno.o(.text)
    __set_errno                              0x08000279   Thumb Code    12  _rserrno.o(.text)
    __aeabi_errno_addr                       0x08000285   Thumb Code     8  rt_errno_addr_intlibspace.o(.text)
    __errno$intlibspace                      0x08000285   Thumb Code     0  rt_errno_addr_intlibspace.o(.text)
    __rt_errno_addr$intlibspace              0x08000285   Thumb Code     0  rt_errno_addr_intlibspace.o(.text)
    __user_libspace                          0x0800028d   Thumb Code     8  libspace.o(.text)
    __user_perproc_libspace                  0x0800028d   Thumb Code     0  libspace.o(.text)
    __user_perthread_libspace                0x0800028d   Thumb Code     0  libspace.o(.text)
    __user_setup_stackheap                   0x08000295   Thumb Code    74  sys_stackheap_outer.o(.text)
    exit                                     0x080002df   Thumb Code    18  exit.o(.text)
    _sys_exit                                0x080002f1   Thumb Code     8  sys_exit.o(.text)
    __I$use$semihosting                      0x080002fd   Thumb Code     0  use_no_semi.o(.text)
    __use_no_semihosting_swi                 0x080002fd   Thumb Code     2  use_no_semi.o(.text)
    BusFault_Handler                         0x080002ff   Thumb Code     4  stm32f4xx_it.o(i.BusFault_Handler)
    __semihosting_library_function           0x080002ff   Thumb Code     0  indicate_semi.o(.text)
    CAN1_RX0_IRQHandler                      0x08000305   Thumb Code   196  stm32f4xx_it.o(i.CAN1_RX0_IRQHandler)
    CAN_ClearFlag                            0x080003f5   Thumb Code    52  stm32f4xx_can.o(i.CAN_ClearFlag)
    CAN_Config                               0x0800042d   Thumb Code   940  can.o(i.CAN_Config)
    CAN_DeInit                               0x080007dd   Thumb Code    50  stm32f4xx_can.o(i.CAN_DeInit)
    CAN_FilterInit                           0x08000815   Thumb Code   258  stm32f4xx_can.o(i.CAN_FilterInit)
    CAN_ITConfig                             0x0800091d   Thumb Code    18  stm32f4xx_can.o(i.CAN_ITConfig)
    CAN_Init                                 0x0800092f   Thumb Code   276  stm32f4xx_can.o(i.CAN_Init)
    CAN_MessagePending                       0x08000a43   Thumb Code    30  stm32f4xx_can.o(i.CAN_MessagePending)
    CAN_Receive                              0x08000a61   Thumb Code   240  stm32f4xx_can.o(i.CAN_Receive)
    CAN_RxMsg                                0x08000b51   Thumb Code    72  can.o(i.CAN_RxMsg)
    CAN_Transmit                             0x08000b99   Thumb Code   294  stm32f4xx_can.o(i.CAN_Transmit)
    CAN_TransmitStatus                       0x08000cc1   Thumb Code   138  stm32f4xx_can.o(i.CAN_TransmitStatus)
    CalculSpeed                              0x08000d61   Thumb Code   182  ctrl.o(i.CalculSpeed)
    DMA1_Stream3_IRQHandler                  0x08000e2d   Thumb Code    40  usart.o(i.DMA1_Stream3_IRQHandler)
    DMA_ClearITPendingBit                    0x08000e5d   Thumb Code    38  stm32f4xx_dma.o(i.DMA_ClearITPendingBit)
    DMA_Cmd                                  0x08000e91   Thumb Code    22  stm32f4xx_dma.o(i.DMA_Cmd)
    DMA_GetITStatus                          0x08000ea9   Thumb Code    82  stm32f4xx_dma.o(i.DMA_GetITStatus)
    DMA_ITConfig                             0x08000f0d   Thumb Code    58  stm32f4xx_dma.o(i.DMA_ITConfig)
    DMA_Init                                 0x08000f49   Thumb Code    82  stm32f4xx_dma.o(i.DMA_Init)
    DMA_Send_Data                            0x08000fa1   Thumb Code   112  usart.o(i.DMA_Send_Data)
    DMA_SetCurrDataCounter                   0x0800101d   Thumb Code     4  stm32f4xx_dma.o(i.DMA_SetCurrDataCounter)
    DebugMon_Handler                         0x08001021   Thumb Code     2  stm32f4xx_it.o(i.DebugMon_Handler)
    DriverInit                               0x08001025   Thumb Code    40  ctrl.o(i.DriverInit)
    GPIO_Init                                0x08001055   Thumb Code   144  stm32f4xx_gpio.o(i.GPIO_Init)
    GPIO_PinAFConfig                         0x080010e5   Thumb Code    70  stm32f4xx_gpio.o(i.GPIO_PinAFConfig)
    GetMotorPos                              0x0800112d   Thumb Code    14  rm_motor.o(i.GetMotorPos)
    HardFault_Handler                        0x08001141   Thumb Code     4  stm32f4xx_it.o(i.HardFault_Handler)
    HomingMode                               0x08001145   Thumb Code   126  ctrl.o(i.HomingMode)
    HomingModeInit                           0x080011d5   Thumb Code    24  ctrl.o(i.HomingModeInit)
    MaxMinLimit                              0x080011f5   Thumb Code    38  ctrl.o(i.MaxMinLimit)
    MemManage_Handler                        0x0800121b   Thumb Code     4  stm32f4xx_it.o(i.MemManage_Handler)
    MotorCtrl                                0x08001221   Thumb Code   158  ctrl.o(i.MotorCtrl)
    NMI_Handler                              0x080012cd   Thumb Code     4  stm32f4xx_it.o(i.NMI_Handler)
    NVIC_Init                                0x080012d1   Thumb Code   106  misc.o(i.NVIC_Init)
    NVIC_PriorityGroupConfig                 0x08001349   Thumb Code    10  misc.o(i.NVIC_PriorityGroupConfig)
    PosCtrl                                  0x0800135d   Thumb Code  2308  ctrl.o(i.PosCtrl)
    PosCtrlInit                              0x08001c7d   Thumb Code    78  ctrl.o(i.PosCtrlInit)
    RCC_AHB1PeriphClockCmd                   0x08001ce5   Thumb Code    26  stm32f4xx_rcc.o(i.RCC_AHB1PeriphClockCmd)
    RCC_APB1PeriphClockCmd                   0x08001d05   Thumb Code    26  stm32f4xx_rcc.o(i.RCC_APB1PeriphClockCmd)
    RCC_APB1PeriphResetCmd                   0x08001d25   Thumb Code    26  stm32f4xx_rcc.o(i.RCC_APB1PeriphResetCmd)
    RCC_APB2PeriphClockCmd                   0x08001d45   Thumb Code    26  stm32f4xx_rcc.o(i.RCC_APB2PeriphClockCmd)
    RCC_GetClocksFreq                        0x08001d65   Thumb Code   214  stm32f4xx_rcc.o(i.RCC_GetClocksFreq)
    SVC_Handler                              0x08001e4d   Thumb Code     2  stm32f4xx_it.o(i.SVC_Handler)
    SendDMA                                  0x08001e4f   Thumb Code   122  usart.o(i.SendDMA)
    SetCur                                   0x08001ec9   Thumb Code   192  elmo.o(i.SetCur)
    SystemInit                               0x0800207d   Thumb Code    88  system_stm32f4xx.o(i.SystemInit)
    TIM1_UP_TIM10_IRQHandler                 0x080020e5   Thumb Code    24  stm32f4xx_it.o(i.TIM1_UP_TIM10_IRQHandler)
    TIM2_IRQHandler                          0x08002101   Thumb Code    28  stm32f4xx_it.o(i.TIM2_IRQHandler)
    TIM3_IRQHandler                          0x0800211d   Thumb Code    24  stm32f4xx_it.o(i.TIM3_IRQHandler)
    TIM4_IRQHandler                          0x08002139   Thumb Code    24  stm32f4xx_it.o(i.TIM4_IRQHandler)
    TIM5_IRQHandler                          0x08002155   Thumb Code    24  stm32f4xx_it.o(i.TIM5_IRQHandler)
    TIM8_UP_TIM13_IRQHandler                 0x08002171   Thumb Code    24  stm32f4xx_it.o(i.TIM8_UP_TIM13_IRQHandler)
    TIM_ClearITPendingBit                    0x0800218d   Thumb Code     6  stm32f4xx_tim.o(i.TIM_ClearITPendingBit)
    TIM_Cmd                                  0x08002193   Thumb Code    24  stm32f4xx_tim.o(i.TIM_Cmd)
    TIM_Delay100us                           0x080021ad   Thumb Code   454  timer.o(i.TIM_Delay100us)
    TIM_Delayms                              0x08002381   Thumb Code    28  timer.o(i.TIM_Delayms)
    TIM_GetCounter                           0x0800239d   Thumb Code     6  stm32f4xx_tim.o(i.TIM_GetCounter)
    TIM_GetITStatus                          0x080023a3   Thumb Code    34  stm32f4xx_tim.o(i.TIM_GetITStatus)
    TIM_ITConfig                             0x080023c5   Thumb Code    18  stm32f4xx_tim.o(i.TIM_ITConfig)
    TIM_Init                                 0x080023d9   Thumb Code   440  timer.o(i.TIM_Init)
    TIM_SetCounter                           0x0800259d   Thumb Code     4  stm32f4xx_tim.o(i.TIM_SetCounter)
    TIM_TimeBaseInit                         0x080025a1   Thumb Code   104  stm32f4xx_tim.o(i.TIM_TimeBaseInit)
    UART5_IRQHandler                         0x08002625   Thumb Code    28  stm32f4xx_it.o(i.UART5_IRQHandler)
    USART3_DMA_Init                          0x08002645   Thumb Code   260  usart.o(i.USART3_DMA_Init)
    USART3_IRQHandler                        0x08002759   Thumb Code    28  stm32f4xx_it.o(i.USART3_IRQHandler)
    USART_ClearITPendingBit                  0x08002779   Thumb Code    30  stm32f4xx_usart.o(i.USART_ClearITPendingBit)
    USART_Cmd                                0x08002797   Thumb Code    24  stm32f4xx_usart.o(i.USART_Cmd)
    USART_DMACmd                             0x080027af   Thumb Code    18  stm32f4xx_usart.o(i.USART_DMACmd)
    USART_GetITStatus                        0x080027c1   Thumb Code    84  stm32f4xx_usart.o(i.USART_GetITStatus)
    USART_Init                               0x08002815   Thumb Code   204  stm32f4xx_usart.o(i.USART_Init)
    UsageFault_Handler                       0x080028e9   Thumb Code     4  stm32f4xx_it.o(i.UsageFault_Handler)
    VelCtrl                                  0x080028ed   Thumb Code   134  ctrl.o(i.VelCtrl)
    VelCtrlInit                              0x08002979   Thumb Code    60  ctrl.o(i.VelCtrlInit)
    VelSlope                                 0x080029c5   Thumb Code   114  ctrl.o(i.VelSlope)
    __hardfp_sqrt                            0x08002a41   Thumb Code   122  sqrt.o(i.__hardfp_sqrt)
    init                                     0x08002abd   Thumb Code   122  main.o(i.init)
    main                                     0x08002b51   Thumb Code    50  main.o(i.main)
    t_pow                                    0x08002b95   Thumb Code    24  usart.o(i.t_pow)
    __aeabi_d2iz                             0x08002bad   Thumb Code     0  dfix.o(x$fpl$dfix)
    _dfix                                    0x08002bad   Thumb Code    94  dfix.o(x$fpl$dfix)
    __fpl_dnaninf                            0x08002c0b   Thumb Code   156  dnaninf.o(x$fpl$dnaninf)
    __fpl_dretinf                            0x08002ca7   Thumb Code    12  dretinf.o(x$fpl$dretinf)
    _dsqrt                                   0x08002cb5   Thumb Code   404  dsqrt_umaal.o(x$fpl$dsqrt)
    __aeabi_f2d                              0x08002e4d   Thumb Code     0  f2d.o(x$fpl$f2d)
    _f2d                                     0x08002e4d   Thumb Code    86  f2d.o(x$fpl$f2d)
    __fpl_fnaninf                            0x08002ea3   Thumb Code   140  fnaninf.o(x$fpl$fnaninf)
    _fp_init                                 0x08002f2f   Thumb Code    10  fpinit.o(x$fpl$fpinit)
    __fplib_config_fpu_vfp                   0x08002f37   Thumb Code     0  fpinit.o(x$fpl$fpinit)
    __fplib_config_pureend_doubles           0x08002f37   Thumb Code     0  fpinit.o(x$fpl$fpinit)
    Region$$Table$$Base                      0x08002f38   Number         0  anon$$obj.o(Region$$Table)
    __I$use$fp                               0x08002f38   Number         0  usenofp.o(x$fpl$usenofp)
    Region$$Table$$Limit                     0x08002f58   Number         0  anon$$obj.o(Region$$Table)
    Msg                                      0x20000000   Data           8  stm32f4xx_it.o(.data)
    Pos                                      0x20000008   Data           2  stm32f4xx_it.o(.data)
    Vel                                      0x2000000a   Data           2  stm32f4xx_it.o(.data)
    Cur                                      0x2000000c   Data           2  stm32f4xx_it.o(.data)
    Tem                                      0x2000000e   Data           1  stm32f4xx_it.o(.data)
    Sign                                     0x20000020   Data           1  ctrl.o(.data)
    SignDis                                  0x20000021   Data           1  ctrl.o(.data)
    SignVel                                  0x20000022   Data           1  ctrl.o(.data)
    Tim                                      0x20000024   Data           4  ctrl.o(.data)
    TimEnd                                   0x20000028   Data           4  ctrl.o(.data)
    TimAcc                                   0x2000002c   Data           4  ctrl.o(.data)
    TimEve                                   0x20000030   Data           4  ctrl.o(.data)
    Shape                                    0x20000034   Data           4  ctrl.o(.data)
    VelNow                                   0x20000038   Data           4  ctrl.o(.data)
    DelPos                                   0x2000003c   Data           4  ctrl.o(.data)
    DisAcc                                   0x20000040   Data           4  ctrl.o(.data)
    DisDec                                   0x20000044   Data           4  ctrl.o(.data)
    DisVelDec                                0x20000048   Data           4  ctrl.o(.data)
    TemAimPos                                0x2000004c   Data           4  ctrl.o(.data)
    SetposOld                                0x20000050   Data           4  ctrl.o(.data)
    PoStart                                  0x20000054   Data           4  ctrl.o(.data)
    USART_BUFF                               0x20000078   Data        1400  usart.o(.bss)
    Driver                                   0x200005f0   Data         116  ctrl.o(.bss)
    PerCur                                   0x20000664   Data          16  ctrl.o(.bss)
    Motor                                    0x20000674   Data          96  rm_motor.o(.bss)
    __libspace_start                         0x200006d4   Data          96  libspace.o(.bss)
    __temporary_stack_top$libspace           0x20000734   Data           0  libspace.o(.bss)



==============================================================================

Memory Map of the image

  Image Entry point : 0x08000189

  Load Region LR_IROM1 (Base: 0x08000000, Size: 0x00002fd0, Max: 0x00080000, ABSOLUTE)

    Execution Region ER_IROM1 (Base: 0x08000000, Size: 0x00002f58, Max: 0x00080000, ABSOLUTE)

    Base Addr    Size         Type   Attr      Idx    E Section Name        Object

    0x08000000   0x00000188   Data   RO         5702    RESET               startup_stm32f4xx.o
    0x08000188   0x00000008   Code   RO         5713  * !!!main             c_w.l(__main.o)
    0x08000190   0x00000034   Code   RO         6036    !!!scatter          c_w.l(__scatter.o)
    0x080001c4   0x0000001a   Code   RO         6038    !!handler_copy      c_w.l(__scatter_copy.o)
    0x080001de   0x00000002   PAD
    0x080001e0   0x0000001c   Code   RO         6040    !!handler_zi        c_w.l(__scatter_zi.o)
    0x080001fc   0x00000002   Code   RO         5861    .ARM.Collect$$libinit$$00000000  c_w.l(libinit.o)
    0x080001fe   0x00000004   Code   RO         5899    .ARM.Collect$$libinit$$00000001  c_w.l(libinit2.o)
    0x08000202   0x00000000   Code   RO         5902    .ARM.Collect$$libinit$$00000004  c_w.l(libinit2.o)
    0x08000202   0x00000000   Code   RO         5905    .ARM.Collect$$libinit$$0000000A  c_w.l(libinit2.o)
    0x08000202   0x00000000   Code   RO         5907    .ARM.Collect$$libinit$$0000000C  c_w.l(libinit2.o)
    0x08000202   0x00000000   Code   RO         5909    .ARM.Collect$$libinit$$0000000E  c_w.l(libinit2.o)
    0x08000202   0x00000000   Code   RO         5912    .ARM.Collect$$libinit$$00000011  c_w.l(libinit2.o)
    0x08000202   0x00000000   Code   RO         5914    .ARM.Collect$$libinit$$00000013  c_w.l(libinit2.o)
    0x08000202   0x00000000   Code   RO         5916    .ARM.Collect$$libinit$$00000015  c_w.l(libinit2.o)
    0x08000202   0x00000000   Code   RO         5918    .ARM.Collect$$libinit$$00000017  c_w.l(libinit2.o)
    0x08000202   0x00000000   Code   RO         5920    .ARM.Collect$$libinit$$00000019  c_w.l(libinit2.o)
    0x08000202   0x00000000   Code   RO         5922    .ARM.Collect$$libinit$$0000001B  c_w.l(libinit2.o)
    0x08000202   0x00000000   Code   RO         5924    .ARM.Collect$$libinit$$0000001D  c_w.l(libinit2.o)
    0x08000202   0x00000000   Code   RO         5926    .ARM.Collect$$libinit$$0000001F  c_w.l(libinit2.o)
    0x08000202   0x00000000   Code   RO         5928    .ARM.Collect$$libinit$$00000021  c_w.l(libinit2.o)
    0x08000202   0x00000000   Code   RO         5930    .ARM.Collect$$libinit$$00000023  c_w.l(libinit2.o)
    0x08000202   0x00000000   Code   RO         5932    .ARM.Collect$$libinit$$00000025  c_w.l(libinit2.o)
    0x08000202   0x00000000   Code   RO         5936    .ARM.Collect$$libinit$$0000002C  c_w.l(libinit2.o)
    0x08000202   0x00000000   Code   RO         5938    .ARM.Collect$$libinit$$0000002E  c_w.l(libinit2.o)
    0x08000202   0x00000000   Code   RO         5940    .ARM.Collect$$libinit$$00000030  c_w.l(libinit2.o)
    0x08000202   0x00000000   Code   RO         5942    .ARM.Collect$$libinit$$00000032  c_w.l(libinit2.o)
    0x08000202   0x00000002   Code   RO         5943    .ARM.Collect$$libinit$$00000033  c_w.l(libinit2.o)
    0x08000204   0x00000002   Code   RO         5995    .ARM.Collect$$libshutdown$$00000000  c_w.l(libshutdown.o)
    0x08000206   0x00000000   Code   RO         6005    .ARM.Collect$$libshutdown$$00000002  c_w.l(libshutdown2.o)
    0x08000206   0x00000000   Code   RO         6007    .ARM.Collect$$libshutdown$$00000004  c_w.l(libshutdown2.o)
    0x08000206   0x00000000   Code   RO         6010    .ARM.Collect$$libshutdown$$00000007  c_w.l(libshutdown2.o)
    0x08000206   0x00000000   Code   RO         6013    .ARM.Collect$$libshutdown$$0000000A  c_w.l(libshutdown2.o)
    0x08000206   0x00000000   Code   RO         6015    .ARM.Collect$$libshutdown$$0000000C  c_w.l(libshutdown2.o)
    0x08000206   0x00000000   Code   RO         6018    .ARM.Collect$$libshutdown$$0000000F  c_w.l(libshutdown2.o)
    0x08000206   0x00000002   Code   RO         6019    .ARM.Collect$$libshutdown$$00000010  c_w.l(libshutdown2.o)
    0x08000208   0x00000000   Code   RO         5736    .ARM.Collect$$rtentry$$00000000  c_w.l(__rtentry.o)
    0x08000208   0x00000000   Code   RO         5754    .ARM.Collect$$rtentry$$00000002  c_w.l(__rtentry2.o)
    0x08000208   0x00000006   Code   RO         5766    .ARM.Collect$$rtentry$$00000004  c_w.l(__rtentry4.o)
    0x0800020e   0x00000000   Code   RO         5756    .ARM.Collect$$rtentry$$00000009  c_w.l(__rtentry2.o)
    0x0800020e   0x00000004   Code   RO         5757    .ARM.Collect$$rtentry$$0000000A  c_w.l(__rtentry2.o)
    0x08000212   0x00000000   Code   RO         5759    .ARM.Collect$$rtentry$$0000000C  c_w.l(__rtentry2.o)
    0x08000212   0x00000008   Code   RO         5760    .ARM.Collect$$rtentry$$0000000D  c_w.l(__rtentry2.o)
    0x0800021a   0x00000002   Code   RO         5866    .ARM.Collect$$rtexit$$00000000  c_w.l(rtexit.o)
    0x0800021c   0x00000000   Code   RO         5950    .ARM.Collect$$rtexit$$00000002  c_w.l(rtexit2.o)
    0x0800021c   0x00000004   Code   RO         5951    .ARM.Collect$$rtexit$$00000003  c_w.l(rtexit2.o)
    0x08000220   0x00000006   Code   RO         5952    .ARM.Collect$$rtexit$$00000004  c_w.l(rtexit2.o)
    0x08000226   0x00000002   PAD
    0x08000228   0x00000040   Code   RO         5703    .text               startup_stm32f4xx.o
    0x08000268   0x00000006   Code   RO         5711    .text               c_w.l(heapauxi.o)
    0x0800026e   0x00000016   Code   RO         5737    .text               c_w.l(_rserrno.o)
    0x08000284   0x00000008   Code   RO         5771    .text               c_w.l(rt_errno_addr_intlibspace.o)
    0x0800028c   0x00000008   Code   RO         5782    .text               c_w.l(libspace.o)
    0x08000294   0x0000004a   Code   RO         5785    .text               c_w.l(sys_stackheap_outer.o)
    0x080002de   0x00000012   Code   RO         5849    .text               c_w.l(exit.o)
    0x080002f0   0x0000000c   Code   RO         5862    .text               c_w.l(sys_exit.o)
    0x080002fc   0x00000002   Code   RO         5946    .text               c_w.l(use_no_semi.o)
    0x080002fe   0x00000000   Code   RO         5948    .text               c_w.l(indicate_semi.o)
    0x080002fe   0x00000004   Code   RO          128    i.BusFault_Handler  stm32f4xx_it.o
    0x08000302   0x00000002   PAD
    0x08000304   0x000000f0   Code   RO          129    i.CAN1_RX0_IRQHandler  stm32f4xx_it.o
    0x080003f4   0x00000038   Code   RO         1134    i.CAN_ClearFlag     stm32f4xx_can.o
    0x0800042c   0x000003b0   Code   RO          268    i.CAN_Config        can.o
    0x080007dc   0x00000038   Code   RO         1137    i.CAN_DeInit        stm32f4xx_can.o
    0x08000814   0x00000108   Code   RO         1139    i.CAN_FilterInit    stm32f4xx_can.o
    0x0800091c   0x00000012   Code   RO         1145    i.CAN_ITConfig      stm32f4xx_can.o
    0x0800092e   0x00000114   Code   RO         1146    i.CAN_Init          stm32f4xx_can.o
    0x08000a42   0x0000001e   Code   RO         1147    i.CAN_MessagePending  stm32f4xx_can.o
    0x08000a60   0x000000f0   Code   RO         1149    i.CAN_Receive       stm32f4xx_can.o
    0x08000b50   0x00000048   Code   RO          269    i.CAN_RxMsg         can.o
    0x08000b98   0x00000126   Code   RO         1154    i.CAN_Transmit      stm32f4xx_can.o
    0x08000cbe   0x00000002   PAD
    0x08000cc0   0x000000a0   Code   RO         1155    i.CAN_TransmitStatus  stm32f4xx_can.o
    0x08000d60   0x000000cc   Code   RO          633    i.CalculSpeed       ctrl.o
    0x08000e2c   0x00000030   Code   RO          531    i.DMA1_Stream3_IRQHandler  usart.o
    0x08000e5c   0x00000034   Code   RO         1981    i.DMA_ClearITPendingBit  stm32f4xx_dma.o
    0x08000e90   0x00000016   Code   RO         1982    i.DMA_Cmd           stm32f4xx_dma.o
    0x08000ea6   0x00000002   PAD
    0x08000ea8   0x00000064   Code   RO         1992    i.DMA_GetITStatus   stm32f4xx_dma.o
    0x08000f0c   0x0000003a   Code   RO         1993    i.DMA_ITConfig      stm32f4xx_dma.o
    0x08000f46   0x00000002   PAD
    0x08000f48   0x00000058   Code   RO         1994    i.DMA_Init          stm32f4xx_dma.o
    0x08000fa0   0x0000007c   Code   RO          532    i.DMA_Send_Data     usart.o
    0x0800101c   0x00000004   Code   RO         1997    i.DMA_SetCurrDataCounter  stm32f4xx_dma.o
    0x08001020   0x00000002   Code   RO          130    i.DebugMon_Handler  stm32f4xx_it.o
    0x08001022   0x00000002   PAD
    0x08001024   0x00000030   Code   RO          634    i.DriverInit        ctrl.o
    0x08001054   0x00000090   Code   RO         2603    i.GPIO_Init         stm32f4xx_gpio.o
    0x080010e4   0x00000046   Code   RO         2604    i.GPIO_PinAFConfig  stm32f4xx_gpio.o
    0x0800112a   0x00000002   PAD
    0x0800112c   0x00000014   Code   RO          765    i.GetMotorPos       rm_motor.o
    0x08001140   0x00000004   Code   RO          131    i.HardFault_Handler  stm32f4xx_it.o
    0x08001144   0x00000090   Code   RO          638    i.HomingMode        ctrl.o
    0x080011d4   0x00000020   Code   RO          639    i.HomingModeInit    ctrl.o
    0x080011f4   0x00000026   Code   RO          640    i.MaxMinLimit       ctrl.o
    0x0800121a   0x00000004   Code   RO          132    i.MemManage_Handler  stm32f4xx_it.o
    0x0800121e   0x00000002   PAD
    0x08001220   0x000000ac   Code   RO          641    i.MotorCtrl         ctrl.o
    0x080012cc   0x00000004   Code   RO          133    i.NMI_Handler       stm32f4xx_it.o
    0x080012d0   0x00000078   Code   RO          787    i.NVIC_Init         misc.o
    0x08001348   0x00000014   Code   RO          788    i.NVIC_PriorityGroupConfig  misc.o
    0x0800135c   0x00000920   Code   RO          643    i.PosCtrl           ctrl.o
    0x08001c7c   0x00000068   Code   RO          644    i.PosCtrlInit       ctrl.o
    0x08001ce4   0x00000020   Code   RO         3363    i.RCC_AHB1PeriphClockCmd  stm32f4xx_rcc.o
    0x08001d04   0x00000020   Code   RO         3372    i.RCC_APB1PeriphClockCmd  stm32f4xx_rcc.o
    0x08001d24   0x00000020   Code   RO         3374    i.RCC_APB1PeriphResetCmd  stm32f4xx_rcc.o
    0x08001d44   0x00000020   Code   RO         3375    i.RCC_APB2PeriphClockCmd  stm32f4xx_rcc.o
    0x08001d64   0x000000e8   Code   RO         3384    i.RCC_GetClocksFreq  stm32f4xx_rcc.o
    0x08001e4c   0x00000002   Code   RO          134    i.SVC_Handler       stm32f4xx_it.o
    0x08001e4e   0x0000007a   Code   RO          533    i.SendDMA           usart.o
    0x08001ec8   0x000000c8   Code   RO          319    i.SetCur            elmo.o
    0x08001f90   0x000000ec   Code   RO         5659    i.SetSysClock       system_stm32f4xx.o
    0x0800207c   0x00000068   Code   RO         5661    i.SystemInit        system_stm32f4xx.o
    0x080020e4   0x0000001c   Code   RO          135    i.TIM1_UP_TIM10_IRQHandler  stm32f4xx_it.o
    0x08002100   0x0000001c   Code   RO          136    i.TIM2_IRQHandler   stm32f4xx_it.o
    0x0800211c   0x0000001c   Code   RO          137    i.TIM3_IRQHandler   stm32f4xx_it.o
    0x08002138   0x0000001c   Code   RO          138    i.TIM4_IRQHandler   stm32f4xx_it.o
    0x08002154   0x0000001c   Code   RO          139    i.TIM5_IRQHandler   stm32f4xx_it.o
    0x08002170   0x0000001c   Code   RO          140    i.TIM8_UP_TIM13_IRQHandler  stm32f4xx_it.o
    0x0800218c   0x00000006   Code   RO         4705    i.TIM_ClearITPendingBit  stm32f4xx_tim.o
    0x08002192   0x00000018   Code   RO         4710    i.TIM_Cmd           stm32f4xx_tim.o
    0x080021aa   0x00000002   PAD
    0x080021ac   0x000001d4   Code   RO          463    i.TIM_Delay100us    timer.o
    0x08002380   0x0000001c   Code   RO          464    i.TIM_Delayms       timer.o
    0x0800239c   0x00000006   Code   RO         4729    i.TIM_GetCounter    stm32f4xx_tim.o
    0x080023a2   0x00000022   Code   RO         4731    i.TIM_GetITStatus   stm32f4xx_tim.o
    0x080023c4   0x00000012   Code   RO         4735    i.TIM_ITConfig      stm32f4xx_tim.o
    0x080023d6   0x00000002   PAD
    0x080023d8   0x000001c4   Code   RO          466    i.TIM_Init          timer.o
    0x0800259c   0x00000004   Code   RO         4776    i.TIM_SetCounter    stm32f4xx_tim.o
    0x080025a0   0x00000084   Code   RO         4782    i.TIM_TimeBaseInit  stm32f4xx_tim.o
    0x08002624   0x00000020   Code   RO          141    i.UART5_IRQHandler  stm32f4xx_it.o
    0x08002644   0x00000114   Code   RO          536    i.USART3_DMA_Init   usart.o
    0x08002758   0x00000020   Code   RO          142    i.USART3_IRQHandler  stm32f4xx_it.o
    0x08002778   0x0000001e   Code   RO         5356    i.USART_ClearITPendingBit  stm32f4xx_usart.o
    0x08002796   0x00000018   Code   RO         5359    i.USART_Cmd         stm32f4xx_usart.o
    0x080027ae   0x00000012   Code   RO         5360    i.USART_DMACmd      stm32f4xx_usart.o
    0x080027c0   0x00000054   Code   RO         5363    i.USART_GetITStatus  stm32f4xx_usart.o
    0x08002814   0x000000d4   Code   RO         5366    i.USART_Init        stm32f4xx_usart.o
    0x080028e8   0x00000004   Code   RO          143    i.UsageFault_Handler  stm32f4xx_it.o
    0x080028ec   0x0000008c   Code   RO          645    i.VelCtrl           ctrl.o
    0x08002978   0x0000004c   Code   RO          646    i.VelCtrlInit       ctrl.o
    0x080029c4   0x0000007c   Code   RO          647    i.VelSlope          ctrl.o
    0x08002a40   0x0000007a   Code   RO         5724    i.__hardfp_sqrt     m_wm.l(sqrt.o)
    0x08002aba   0x00000002   PAD
    0x08002abc   0x00000094   Code   RO            7    i.init              main.o
    0x08002b50   0x00000044   Code   RO            8    i.main              main.o
    0x08002b94   0x00000018   Code   RO          540    i.t_pow             usart.o
    0x08002bac   0x0000005e   Code   RO         5718    x$fpl$dfix          fz_wm.l(dfix.o)
    0x08002c0a   0x0000009c   Code   RO         5744    x$fpl$dnaninf       fz_wm.l(dnaninf.o)
    0x08002ca6   0x0000000c   Code   RO         5746    x$fpl$dretinf       fz_wm.l(dretinf.o)
    0x08002cb2   0x00000002   PAD
    0x08002cb4   0x00000198   Code   RO         5748    x$fpl$dsqrt         fz_wm.l(dsqrt_umaal.o)
    0x08002e4c   0x00000056   Code   RO         5722    x$fpl$f2d           fz_wm.l(f2d.o)
    0x08002ea2   0x0000008c   Code   RO         5750    x$fpl$fnaninf       fz_wm.l(fnaninf.o)
    0x08002f2e   0x0000000a   Code   RO         5979    x$fpl$fpinit        fz_wm.l(fpinit.o)
    0x08002f38   0x00000000   Code   RO         5752    x$fpl$usenofp       fz_wm.l(usenofp.o)
    0x08002f38   0x00000020   Data   RO         6034    Region$$Table       anon$$obj.o


    Execution Region RW_IRAM1 (Base: 0x20000000, Size: 0x00004d38, Max: 0x00020000, ABSOLUTE)

    Base Addr    Size         Type   Attr      Idx    E Section Name        Object

    0x20000000   0x0000001c   Data   RW          160    .data               stm32f4xx_it.o
    0x2000001c   0x00000002   Data   RW          552    .data               usart.o
    0x2000001e   0x00000002   PAD
    0x20000020   0x00000048   Data   RW          664    .data               ctrl.o
    0x20000068   0x00000010   Data   RW         3451    .data               stm32f4xx_rcc.o
    0x20000078   0x00000578   Zero   RW          551    .bss                usart.o
    0x200005f0   0x00000084   Zero   RW          663    .bss                ctrl.o
    0x20000674   0x00000060   Zero   RW          767    .bss                rm_motor.o
    0x200006d4   0x00000060   Zero   RW         5783    .bss                c_w.l(libspace.o)
    0x20000734   0x00000004   PAD
    0x20000738   0x00004200   Zero   RW         5701    HEAP                startup_stm32f4xx.o
    0x20004938   0x00000400   Zero   RW         5700    STACK               startup_stm32f4xx.o


==============================================================================

Image component sizes


      Code (inc. data)   RO Data    RW Data    ZI Data      Debug   Object Name

      1016         14          0          0          0       2861   can.o
      3418        302          0         72        132       7616   ctrl.o
       200          8          0          0          0        745   elmo.o
       216         44          0          0          0     281906   main.o
       140         24          0          0          0       1699   misc.o
        20          6          0          0         96       1014   rm_motor.o
        64         26        392          0      17920        860   startup_stm32f4xx.o
      1394         38          0          0          0       7495   stm32f4xx_can.o
       324         38          0          0          0       5355   stm32f4xx_dma.o
       214          0          0          0          0       1935   stm32f4xx_gpio.o
       496         72          0         28          0       9208   stm32f4xx_it.o
       360         42          0         16          0       5256   stm32f4xx_rcc.o
       224         28          0          0          0       5164   stm32f4xx_tim.o
       368          8          0          0          0       4394   stm32f4xx_usart.o
       340         32          0          0          0       1549   system_stm32f4xx.o
       948         26          0          0          0       2762   timer.o
       594         36          0          2       1400       4195   usart.o

    ----------------------------------------------------------------------
     10354        744        424        120      19548     344014   Object Totals
         0          0         32          0          0          0   (incl. Generated)
        18          0          0          2          0          0   (incl. Padding)

    ----------------------------------------------------------------------

      Code (inc. data)   RO Data    RW Data    ZI Data      Debug   Library Member Name

         8          0          0          0          0         68   __main.o
         0          0          0          0          0          0   __rtentry.o
        12          0          0          0          0          0   __rtentry2.o
         6          0          0          0          0          0   __rtentry4.o
        52          8          0          0          0          0   __scatter.o
        26          0          0          0          0          0   __scatter_copy.o
        28          0          0          0          0          0   __scatter_zi.o
        22          0          0          0          0        100   _rserrno.o
        18          0          0          0          0         80   exit.o
         6          0          0          0          0        152   heapauxi.o
         0          0          0          0          0          0   indicate_semi.o
         2          0          0          0          0          0   libinit.o
         6          0          0          0          0          0   libinit2.o
         2          0          0          0          0          0   libshutdown.o
         2          0          0          0          0          0   libshutdown2.o
         8          4          0          0         96         68   libspace.o
         8          4          0          0          0         68   rt_errno_addr_intlibspace.o
         2          0          0          0          0          0   rtexit.o
        10          0          0          0          0          0   rtexit2.o
        12          4          0          0          0         68   sys_exit.o
        74          0          0          0          0         80   sys_stackheap_outer.o
         2          0          0          0          0         68   use_no_semi.o
        94          4          0          0          0        140   dfix.o
       156          4          0          0          0        140   dnaninf.o
        12          0          0          0          0        116   dretinf.o
       408         56          0          0          0        168   dsqrt_umaal.o
        86          4          0          0          0        132   f2d.o
       140          4          0          0          0        132   fnaninf.o
        10          0          0          0          0        116   fpinit.o
         0          0          0          0          0          0   usenofp.o
       122          0          0          0          0        148   sqrt.o

    ----------------------------------------------------------------------
      1342         92          0          0        100       1844   Library Totals
         8          0          0          0          4          0   (incl. Padding)

    ----------------------------------------------------------------------

      Code (inc. data)   RO Data    RW Data    ZI Data      Debug   Library Name

       306         20          0          0         96        752   c_w.l
       906         72          0          0          0        944   fz_wm.l
       122          0          0          0          0        148   m_wm.l

    ----------------------------------------------------------------------
      1342         92          0          0        100       1844   Library Totals

    ----------------------------------------------------------------------

==============================================================================


      Code (inc. data)   RO Data    RW Data    ZI Data      Debug   

     11696        836        424        120      19648     338098   Grand Totals
     11696        836        424        120      19648     338098   ELF Image Totals
     11696        836        424        120          0          0   ROM Totals

==============================================================================

    Total RO  Size (Code + RO Data)                12120 (  11.84kB)
    Total RW  Size (RW Data + ZI Data)             19768 (  19.30kB)
    Total ROM Size (Code + RO Data + RW Data)      12240 (  11.95kB)

==============================================================================

