Component: ARM Compiler 5.06 update 6 (build 750) Tool: armlink [4d35ed]

==============================================================================

Section Cross References

    main.o(.text) refers to os_cpu_c.o(.text) for OS_CPU_SysTickInit
    main.o(.text) refers to os_core.o(.text) for OSStatInit
    main.o(.text) refers to task.o(.text) for App_Task
    main.o(.text) refers to os_time.o(.text) for OSTimeDlyHMSM
    main.o(.text) refers to os_cpu_a.o(.text) for CPU_IntDis
    main.o(.text) refers to os_task.o(.text) for OSTaskCreateExt
    main.o(.text) refers to system_stm32f4xx.o(.data) for SystemCoreClock
    main.o(.text) refers to main.o(.bss) for App_TaskStartStk
    task.o(.text) refers to os_sem.o(.text) for OSSemSet
    task.o(.text) refers to elmo.o(.text) for ReadActualVel
    task.o(.text) refers to stm32f4xx_gpio.o(.text) for GPIO_ReadInputDataBit
    task.o(.text) refers to can.o(.text) for CAN_TxMsg
    task.o(.text) refers to misc.o(.text) for NVIC_PriorityGroupConfig
    task.o(.text) refers to timer.o(.text) for TIM_Init
    task.o(.text) refers to usart.o(.text) for UART4_Init
    task.o(.text) refers to gpio.o(.text) for GPIO_Init_Pins
    task.o(.text) refers to os_task.o(.text) for OSTaskSuspend
    task.o(.text) refers to task.o(.data) for PeriodSem
    task.o(.text) refers to stm32f4xx_it.o(.data) for changedata
    task.o(.text) refers to task.o(.bss) for App_ConfigStk
    stm32f4xx_it.o(.text) refers to os_cpu_a.o(.text) for OS_CPU_SR_Save
    stm32f4xx_it.o(.text) refers to can.o(.text) for CAN_RxMsg
    stm32f4xx_it.o(.text) refers to stm32f4xx_can.o(.text) for CAN_ClearFlag
    stm32f4xx_it.o(.text) refers to os_core.o(.text) for OSIntExit
    stm32f4xx_it.o(.text) refers to stm32f4xx_tim.o(.text) for TIM_GetITStatus
    stm32f4xx_it.o(.text) refers to os_sem.o(.text) for OSSemPost
    stm32f4xx_it.o(.text) refers to stm32f4xx_usart.o(.text) for USART_GetITStatus
    stm32f4xx_it.o(.text) refers to os_core.o(.data) for OSIntNesting
    stm32f4xx_it.o(.text) refers to stm32f4xx_it.o(.data) for changedata
    stm32f4xx_it.o(.text) refers to task.o(.data) for PeriodSem
    stm32f4xx_it.o(.text) refers to stm32f4xx_it.o(.bss) for posture
    timer.o(.text) refers to stm32f4xx_rcc.o(.text) for RCC_APB2PeriphClockCmd
    timer.o(.text) refers to stm32f4xx_tim.o(.text) for TIM_TimeBaseInit
    timer.o(.text) refers to misc.o(.text) for NVIC_Init
    timer.o(.text) refers to stm32f4xx_gpio.o(.text) for GPIO_PinAFConfig
    gpio.o(.text) refers to stm32f4xx_rcc.o(.text) for RCC_AHB1PeriphClockCmd
    gpio.o(.text) refers to stm32f4xx_gpio.o(.text) for GPIO_Init
    usart.o(.text) refers to stm32f4xx_usart.o(.text) for USART_SendData
    usart.o(.text) refers to stm32f4xx_rcc.o(.text) for RCC_AHB1PeriphClockCmd
    usart.o(.text) refers to stm32f4xx_gpio.o(.text) for GPIO_PinAFConfig
    usart.o(.text) refers to misc.o(.text) for NVIC_Init
    elmo.o(.text) refers to can.o(.text) for CAN_TxMsg
    elmo.o(.text) refers to stm32f4xx_can.o(.text) for CAN_Transmit
    elmo.o(.text) refers to usart.o(.text) for USART_OUT
    elmo.o(.text) refers to elmo.o(.constdata) for .constdata
    can.o(.text) refers to stm32f4xx_rcc.o(.text) for RCC_APB1PeriphClockCmd
    can.o(.text) refers to stm32f4xx_gpio.o(.text) for GPIO_PinAFConfig
    can.o(.text) refers to stm32f4xx_can.o(.text) for CAN_DeInit
    can.o(.text) refers to misc.o(.text) for NVIC_Init
    pps.o(.text) refers to os_cpu_a.o(.text) for OS_CPU_SR_Save
    pps.o(.text) refers to stm32f4xx_usart.o(.text) for USART_GetITStatus
    pps.o(.text) refers to os_core.o(.text) for OSIntExit
    pps.o(.text) refers to timer.o(.text) for wait
    pps.o(.text) refers to pps.o(.bss) for ppsReturn
    pps.o(.text) refers to pps.o(.data) for ppsReady
    pps.o(.text) refers to os_core.o(.data) for OSIntNesting
    system_stm32f4xx.o(.text) refers to system_stm32f4xx.o(.data) for SystemCoreClock
    startup_stm32f4xx.o(STACK) refers (Special) to heapauxi.o(.text) for __use_two_region_memory
    startup_stm32f4xx.o(HEAP) refers (Special) to heapauxi.o(.text) for __use_two_region_memory
    startup_stm32f4xx.o(RESET) refers (Special) to heapauxi.o(.text) for __use_two_region_memory
    startup_stm32f4xx.o(RESET) refers to startup_stm32f4xx.o(STACK) for __initial_sp
    startup_stm32f4xx.o(RESET) refers to startup_stm32f4xx.o(.text) for Reset_Handler
    startup_stm32f4xx.o(RESET) refers to stm32f4xx_it.o(.text) for NMI_Handler
    startup_stm32f4xx.o(RESET) refers to os_cpu_a.o(.text) for PendSV_Handler
    startup_stm32f4xx.o(RESET) refers to os_cpu_c.o(.text) for SysTick_Handler
    startup_stm32f4xx.o(RESET) refers to pps.o(.text) for USART3_IRQHandler
    startup_stm32f4xx.o(.text) refers (Special) to heapauxi.o(.text) for __use_two_region_memory
    startup_stm32f4xx.o(.text) refers to system_stm32f4xx.o(.text) for SystemInit
    startup_stm32f4xx.o(.text) refers to __main.o(!!!main) for __main
[...]
    OS_InitEventList                         0x080042fd   Thumb Code    84  os_core.o(.text)
    OS_InitTCBList                           0x08004351   Thumb Code   106  os_core.o(.text)
    OS_InitRdyList                           0x080043bb   Thumb Code    44  os_core.o(.text)
    OS_InitMisc                              0x080043e7   Thumb Code    44  os_core.o(.text)
    .text                                    0x080049ec   Section        0  os_flag.o(.text)
    OS_FlagTaskRdy                           0x08004b6d   Thumb Code    82  os_flag.o(.text)
    OS_FlagBlock                             0x08004d55   Thumb Code   152  os_flag.o(.text)
    .text                                    0x08005250   Section        0  os_mem.o(.text)
    .text                                    0x080054a8   Section        0  os_q.o(.text)
    .text                                    0x08005afc   Section        0  os_sem.o(.text)
    .text                                    0x08005edc   Section        0  os_task.o(.text)
    .text                                    0x080067e8   Section        0  os_time.o(.text)
    .text                                    0x080069bc   Section        0  os_tmr.o(.text)
    OSTmr_Alloc                              0x080069bd   Thumb Code    50  os_tmr.o(.text)
    OSTmr_Free                               0x08006a7d   Thumb Code    58  os_tmr.o(.text)
    OSTmr_Unlink                             0x08006ab7   Thumb Code    62  os_tmr.o(.text)
    OSTmr_Link                               0x08006d0d   Thumb Code   100  os_tmr.o(.text)
    OSTmr_Task                               0x08006ee5   Thumb Code   114  os_tmr.o(.text)
    OSTmr_InitTask                           0x08006f57   Thumb Code    50  os_tmr.o(.text)
    .text                                    0x0800709c   Section        0  os_apphooks.o(.text)
    .text                                    0x080070b0   Section        0  stm32f4xx_gpio.o(.text)
    .text                                    0x0800730c   Section        0  stm32f4xx_rcc.o(.text)
    .text                                    0x08007894   Section        0  misc.o(.text)
    .text                                    0x08007974   Section        0  stm32f4xx_tim.o(.text)
    TI4_Config                               0x08008113   Thumb Code    80  stm32f4xx_tim.o(.text)
    TI3_Config                               0x08008175   Thumb Code    72  stm32f4xx_tim.o(.text)
    TI2_Config                               0x080081d7   Thumb Code    90  stm32f4xx_tim.o(.text)
    TI1_Config                               0x08008243   Thumb Code    58  stm32f4xx_tim.o(.text)
    .text                                    0x08008618   Section        0  stm32f4xx_usart.o(.text)
    .text                                    0x08008a58   Section        0  stm32f4xx_can.o(.text)
    CheckITStatus                            0x0800925b   Thumb Code    18  stm32f4xx_can.o(.text)
    .text                                    0x08009448   Section        0  heapauxi.o(.text)
    .text                                    0x0800944e   Section       74  sys_stackheap_outer.o(.text)
    .text                                    0x08009498   Section        0  exit.o(.text)
    .text                                    0x080094ac   Section        8  libspace.o(.text)
    .text                                    0x080094b4   Section        0  sys_exit.o(.text)
    .text                                    0x080094c0   Section        2  use_no_semi.o(.text)
    .text                                    0x080094c2   Section        0  indicate_semi.o(.text)
    x$fpl$fpinit                             0x080094c2   Section       10  fpinit.o(x$fpl$fpinit)
    $v0                                      0x080094c2   Number         0  fpinit.o(x$fpl$fpinit)
    .constdata                               0x080094cc   Section      240  elmo.o(.constdata)
    .constdata                               0x080095bc   Section      116  os_dbg.o(.constdata)
    .constdata                               0x08009630   Section      256  os_core.o(.constdata)
    .data                                    0x20000000   Section        4  task.o(.data)
    .data                                    0x20000004   Section       24  stm32f4xx_it.o(.data)
    periodCounter                            0x20000018   Data           1  stm32f4xx_it.o(.data)
    ch                                       0x20000019   Data           1  stm32f4xx_it.o(.data)
    count                                    0x2000001a   Data           1  stm32f4xx_it.o(.data)
    i                                        0x2000001b   Data           1  stm32f4xx_it.o(.data)
    .data                                    0x2000001c   Section        5  pps.o(.data)
    ppsTalkOk                                0x2000001c   Data           1  pps.o(.data)
    ppsReady                                 0x2000001d   Data           1  pps.o(.data)
    ch                                       0x2000001e   Data           1  pps.o(.data)
    count                                    0x2000001f   Data           1  pps.o(.data)
    i                                        0x20000020   Data           1  pps.o(.data)
    .data                                    0x20000024   Section       20  system_stm32f4xx.o(.data)
    .data                                    0x20000038   Section        6  os_cpu_c.o(.data)
    OSTmrCtr                                 0x2000003c   Data           2  os_cpu_c.o(.data)
    .data                                    0x20000040   Section       96  os_core.o(.data)
    .data                                    0x200000a0   Section       16  stm32f4xx_rcc.o(.data)
    APBAHBPrescTable                         0x200000a0   Data          16  stm32f4xx_rcc.o(.data)
    .bss                                     0x200000b0   Section     1024  main.o(.bss)
    App_TaskStartStk                         0x200000b0   Data        1024  main.o(.bss)
    .bss                                     0x200004b0   Section     3072  task.o(.bss)
    App_ConfigStk                            0x200004b0   Data        1024  task.o(.bss)
    WalkTaskStk                              0x200008b0   Data        2048  task.o(.bss)
    .bss                                     0x200010b0   Section       24  stm32f4xx_it.o(.bss)
    posture                                  0x200010b0   Data          24  stm32f4xx_it.o(.bss)
    .bss                                     0x200010c8   Section       48  pps.o(.bss)
    posture                                  0x200010c8   Data          24  pps.o(.bss)
    ppsReturn                                0x200010e0   Data          24  pps.o(.bss)
    .bss                                     0x200010f8   Section      512  os_cpu_c.o(.bss)
    .bss                                     0x200012f8   Section     7048  os_core.o(.bss)
    .bss                                     0x20002e80   Section       96  libspace.o(.bss)
    HEAP                                     0x20002ee0   Section      512  startup_stm32f4xx.o(HEAP)
    Heap_Mem                                 0x20002ee0   Data         512  startup_stm32f4xx.o(HEAP)
    STACK                                    0x200030e0   Section     1024  startup_stm32f4xx.o(STACK)
    Stack_Mem                                0x200030e0   Data        1024  startup_stm32f4xx.o(STACK)
    __initial_sp                             0x200034e0   Data           0  startup_stm32f4xx.o(STACK)

    Global Symbols

    Symbol Name                              Value     Ov Type        Size  Object(Section)

    BuildAttributes$$THM_ISAv4$E$P$D$K$B$S$7EM$VFPi3$EXTD16$VFPS$VFMA$PE$A:L22UL41UL21$X:L11$S22US41US21$IEEE1$IW$USESV6$~STKCKD$USESV7$~SHL$OSPACE$ROPI$EBA8$UX$STANDARDLIB$REQ8$PRES8$EABIv2 0x00000000   Number         0  anon$$obj.o ABSOLUTE
    __ARM_use_no_argv                        0x00000000   Number         0  main.o ABSOLUTE
    __ARM_exceptions_init                     - Undefined Weak Reference
    __alloca_initialize                       - Undefined Weak Reference
    __arm_preinit_                            - Undefined Weak Reference
    __cpp_initialize__aeabi_                  - Undefined Weak Reference
    __cxa_finalize                            - Undefined Weak Reference
    __rt_locale                               - Undefined Weak Reference
    __sigvec_lookup                           - Undefined Weak Reference
    _atexit_init                              - Undefined Weak Reference
    _call_atexit_fns                          - Undefined Weak Reference
    _clock_init                               - Undefined Weak Reference
    _fp_trap_init                             - Undefined Weak Reference
    _fp_trap_shutdown                         - Undefined Weak Reference
    _get_lc_collate                           - Undefined Weak Reference
    _get_lc_ctype                             - Undefined Weak Reference
    _get_lc_monetary                          - Undefined Weak Reference
    _get_lc_numeric                           - Undefined Weak Reference
    _get_lc_time                              - Undefined Weak Reference
    _getenv_init                              - Undefined Weak Reference
    _handle_redirection                       - Undefined Weak Reference
    _init_alloc                               - Undefined Weak Reference
    _init_user_alloc                          - Undefined Weak Reference
    _initio                                   - Undefined Weak Reference
    _rand_init                                - Undefined Weak Reference
    _signal_finish                            - Undefined Weak Reference
    _signal_init                              - Undefined Weak Reference
    _terminate_alloc                          - Undefined Weak Reference
    _terminate_user_alloc                     - Undefined Weak Reference
    _terminateio                              - Undefined Weak Reference
    __Vectors_Size                           0x00000188   Number         0  startup_stm32f4xx.o ABSOLUTE
    __Vectors                                0x08000000   Data           4  startup_stm32f4xx.o(RESET)
    __Vectors_End                            0x08000188   Data           0  startup_stm32f4xx.o(RESET)
    __main                                   0x08000189   Thumb Code     8  __main.o(!!!main)
    __scatterload                            0x08000191   Thumb Code     0  __scatter.o(!!!scatter)
    __scatterload_rt2                        0x08000191   Thumb Code    44  __scatter.o(!!!scatter)
    __scatterload_rt2_thumb_only             0x08000191   Thumb Code     0  __scatter.o(!!!scatter)
    __scatterload_null                       0x0800019f   Thumb Code     0  __scatter.o(!!!scatter)
    __scatterload_copy                       0x080001c5   Thumb Code    26  __scatter_copy.o(!!handler_copy)
    __scatterload_zeroinit                   0x080001e1   Thumb Code    28  __scatter_zi.o(!!handler_zi)
    __rt_lib_init                            0x080001fd   Thumb Code     0  libinit.o(.ARM.Collect$$libinit$$00000000)
    __rt_lib_init_fp_1                       0x080001ff   Thumb Code     0  libinit2.o(.ARM.Collect$$libinit$$00000001)
    __rt_lib_init_alloca_1                   0x08000203   Thumb Code     0  libinit2.o(.ARM.Collect$$libinit$$0000002E)
    __rt_lib_init_argv_1                     0x08000203   Thumb Code     0  libinit2.o(.ARM.Collect$$libinit$$0000002C)
    __rt_lib_init_atexit_1                   0x08000203   Thumb Code     0  libinit2.o(.ARM.Collect$$libinit$$0000001B)
    __rt_lib_init_clock_1                    0x08000203   Thumb Code     0  libinit2.o(.ARM.Collect$$libinit$$00000021)
    __rt_lib_init_cpp_1                      0x08000203   Thumb Code     0  libinit2.o(.ARM.Collect$$libinit$$00000032)
    __rt_lib_init_exceptions_1               0x08000203   Thumb Code     0  libinit2.o(.ARM.Collect$$libinit$$00000030)
    __rt_lib_init_fp_trap_1                  0x08000203   Thumb Code     0  libinit2.o(.ARM.Collect$$libinit$$0000001F)
    __rt_lib_init_getenv_1                   0x08000203   Thumb Code     0  libinit2.o(.ARM.Collect$$libinit$$00000023)
    __rt_lib_init_heap_1                     0x08000203   Thumb Code     0  libinit2.o(.ARM.Collect$$libinit$$0000000A)
    __rt_lib_init_lc_collate_1               0x08000203   Thumb Code     0  libinit2.o(.ARM.Collect$$libinit$$00000011)
    __rt_lib_init_lc_ctype_1                 0x08000203   Thumb Code     0  libinit2.o(.ARM.Collect$$libinit$$00000013)
    __rt_lib_init_lc_monetary_1              0x08000203   Thumb Code     0  libinit2.o(.ARM.Collect$$libinit$$00000015)
    __rt_lib_init_lc_numeric_1               0x08000203   Thumb Code     0  libinit2.o(.ARM.Collect$$libinit$$00000017)
    __rt_lib_init_lc_time_1                  0x08000203   Thumb Code     0  libinit2.o(.ARM.Collect$$libinit$$00000019)
    __rt_lib_init_preinit_1                  0x08000203   Thumb Code     0  libinit2.o(.ARM.Collect$$libinit$$00000004)
    __rt_lib_init_rand_1                     0x08000203   Thumb Code     0  libinit2.o(.ARM.Collect$$libinit$$0000000E)
    __rt_lib_init_return                     0x08000203   Thumb Code     0  libinit2.o(.ARM.Collect$$libinit$$00000033)
    __rt_lib_init_signal_1                   0x08000203   Thumb Code     0  libinit2.o(.ARM.Collect$$libinit$$0000001D)
    __rt_lib_init_stdio_1                    0x08000203   Thumb Code     0  libinit2.o(.ARM.Collect$$libinit$$00000025)
    __rt_lib_init_user_alloc_1               0x08000203   Thumb Code     0  libinit2.o(.ARM.Collect$$libinit$$0000000C)
    __rt_lib_shutdown                        0x08000205   Thumb Code     0  libshutdown.o(.ARM.Collect$$libshutdown$$00000000)
    __rt_lib_shutdown_cpp_1                  0x08000207   Thumb Code     0  libshutdown2.o(.ARM.Collect$$libshutdown$$00000002)
    __rt_lib_shutdown_fp_trap_1              0x08000207   Thumb Code     0  libshutdown2.o(.ARM.Collect$$libshutdown$$00000007)
    __rt_lib_shutdown_heap_1                 0x08000207   Thumb Code     0  libshutdown2.o(.ARM.Collect$$libshutdown$$0000000F)
    __rt_lib_shutdown_return                 0x08000207   Thumb Code     0  libshutdown2.o(.ARM.Collect$$libshutdown$$00000010)
    __rt_lib_shutdown_signal_1               0x08000207   Thumb Code     0  libshutdown2.o(.ARM.Collect$$libshutdown$$0000000A)
    __rt_lib_shutdown_stdio_1                0x08000207   Thumb Code     0  libshutdown2.o(.ARM.Collect$$libshutdown$$00000004)
    __rt_lib_shutdown_user_alloc_1           0x08000207   Thumb Code     0  libshutdown2.o(.ARM.Collect$$libshutdown$$0000000C)
    __rt_entry                               0x08000209   Thumb Code     0  __rtentry.o(.ARM.Collect$$rtentry$$00000000)
    __rt_entry_presh_1                       0x08000209   Thumb Code     0  __rtentry2.o(.ARM.Collect$$rtentry$$00000002)
    __rt_entry_sh                            0x08000209   Thumb Code     0  __rtentry4.o(.ARM.Collect$$rtentry$$00000004)
    __rt_entry_li                            0x0800020f   Thumb Code     0  __rtentry2.o(.ARM.Collect$$rtentry$$0000000A)
    __rt_entry_postsh_1                      0x0800020f   Thumb Code     0  __rtentry2.o(.ARM.Collect$$rtentry$$00000009)
    __rt_entry_main                          0x08000213   Thumb Code     0  __rtentry2.o(.ARM.Collect$$rtentry$$0000000D)
    __rt_entry_postli_1                      0x08000213   Thumb Code     0  __rtentry2.o(.ARM.Collect$$rtentry$$0000000C)
    __rt_exit                                0x0800021b   Thumb Code     0  rtexit.o(.ARM.Collect$$rtexit$$00000000)
    __rt_exit_ls                             0x0800021d   Thumb Code     0  rtexit2.o(.ARM.Collect$$rtexit$$00000003)
    __rt_exit_prels_1                        0x0800021d   Thumb Code     0  rtexit2.o(.ARM.Collect$$rtexit$$00000002)
    __rt_exit_exit                           0x08000221   Thumb Code     0  rtexit2.o(.ARM.Collect$$rtexit$$00000004)
    main                                     0x08000251   Thumb Code    58  main.o(.text)
    App_Task                                 0x080003bd   Thumb Code    44  task.o(.text)
    CAN1_RX0_IRQHandler                      0x0800040d   Thumb Code   206  stm32f4xx_it.o(.text)
    CAN2_RX0_IRQHandler                      0x080004db   Thumb Code   118  stm32f4xx_it.o(.text)
    TIM2_IRQHandler                          0x08000551   Thumb Code    80  stm32f4xx_it.o(.text)
    TIM1_UP_TIM10_IRQHandler                 0x080005a1   Thumb Code    50  stm32f4xx_it.o(.text)
    TIM8_UP_TIM13_IRQHandler                 0x080005d3   Thumb Code    50  stm32f4xx_it.o(.text)
    TIM5_IRQHandler                          0x08000605   Thumb Code    50  stm32f4xx_it.o(.text)
    TIM3_IRQHandler                          0x08000637   Thumb Code    50  stm32f4xx_it.o(.text)
    TIM4_IRQHandler                          0x08000669   Thumb Code    50  stm32f4xx_it.o(.text)
    UART4_IRQHandler                         0x0800069b   Thumb Code    54  stm32f4xx_it.o(.text)
    USART1_IRQHandler                        0x080006d1   Thumb Code    54  stm32f4xx_it.o(.text)
    USART2_IRQHandler                        0x08000707   Thumb Code    54  stm32f4xx_it.o(.text)
    USART6_IRQHandler                        0x0800073d   Thumb Code   522  stm32f4xx_it.o(.text)
    UART5_IRQHandler                         0x08000947   Thumb Code   168  stm32f4xx_it.o(.text)
    NMI_Handler                              0x080009ef   Thumb Code     4  stm32f4xx_it.o(.text)
    HardFault_Handler                        0x080009f3   Thumb Code     4  stm32f4xx_it.o(.text)
    MemManage_Handler                        0x080009f7   Thumb Code     4  stm32f4xx_it.o(.text)
    BusFault_Handler                         0x080009fb   Thumb Code     4  stm32f4xx_it.o(.text)
    UsageFault_Handler                       0x080009ff   Thumb Code     4  stm32f4xx_it.o(.text)
    SVC_Handler                              0x08000a03   Thumb Code     2  stm32f4xx_it.o(.text)
    DebugMon_Handler                         0x08000a05   Thumb Code     2  stm32f4xx_it.o(.text)
    wait                                     0x08000a21   Thumb Code    10  timer.o(.text)
    TIM_Init                                 0x08000a2b   Thumb Code   440  timer.o(.text)
    TIM_Delayus                              0x08000be3   Thumb Code   422  timer.o(.text)
    TIM_Delay100us                           0x08000d89   Thumb Code   466  timer.o(.text)
    TIM_Delayms                              0x08000f5b   Thumb Code    28  timer.o(.text)
    TIM3_Pwm_Init                            0x08000f77   Thumb Code   158  timer.o(.text)
    TIM4_Pwm_Init                            0x08001015   Thumb Code   194  timer.o(.text)
    TIM7_Int_Init                            0x080010d7   Thumb Code    78  timer.o(.text)
    GPIO_Init_Pins                           0x08001139   Thumb Code   168  gpio.o(.text)
    KeyInit                                  0x080011e1   Thumb Code     2  gpio.o(.text)
    LEDInit                                  0x080011e3   Thumb Code     2  gpio.o(.text)
    BeepInit                                 0x080011e5   Thumb Code     2  gpio.o(.text)
    PhotoelectricityInit                     0x080011e7   Thumb Code     2  gpio.o(.text)
    fputc                                    0x080011e9   Thumb Code    32  usart.o(.text)
    USART3_Init                              0x08001209   Thumb Code   176  usart.o(.text)
    USART6_Init                              0x080012b9   Thumb Code   176  usart.o(.text)
    UART4_Init                               0x08001369   Thumb Code   172  usart.o(.text)
    USART1_Init                              0x08001415   Thumb Code   174  usart.o(.text)
    USART2_Init                              0x080014c3   Thumb Code   172  usart.o(.text)
    UART5_Init                               0x0800156f   Thumb Code   232  usart.o(.text)
    itoa                                     0x08001657   Thumb Code    96  usart.o(.text)
    USART_OUT                                0x080016b7   Thumb Code   262  usart.o(.text)
    ElmoInit                                 0x080017c5   Thumb Code    26  elmo.o(.text)
    MotorOn                                  0x080017df   Thumb Code   162  elmo.o(.text)
    MotorOff                                 0x08001881   Thumb Code   162  elmo.o(.text)
    SetAccAndDec                             0x08001923   Thumb Code   240  elmo.o(.text)
    SetSmoothFactor                          0x08001a13   Thumb Code   170  elmo.o(.text)
    SetUnitMode                              0x08001abd   Thumb Code   170  elmo.o(.text)
    VelLoopCfg                               0x08001b67   Thumb Code    48  elmo.o(.text)
    SetPosLoopVel                            0x08001b97   Thumb Code   200  elmo.o(.text)
    PosLoopCfg                               0x08001c5f   Thumb Code    62  elmo.o(.text)
    SendPTPosCmd                             0x08001c9d   Thumb Code   340  elmo.o(.text)
    SendPTStartCmd                           0x08001df1   Thumb Code   186  elmo.o(.text)
    PTConfig                                 0x08001eab   Thumb Code    38  elmo.o(.text)
    BeginMotion                              0x08001ed1   Thumb Code   164  elmo.o(.text)
    PTCtrl                                   0x08001f75   Thumb Code    46  elmo.o(.text)
    SetJoggingVel                            0x08001fa3   Thumb Code   180  elmo.o(.text)
    VelCrl                                   0x08002057   Thumb Code    28  elmo.o(.text)
    SendPosCmd                               0x08002073   Thumb Code   192  elmo.o(.text)
    PosCrl                                   0x08002133   Thumb Code    36  elmo.o(.text)
    PtCtrl                                   0x08002157   Thumb Code    36  elmo.o(.text)
    SetVelLimit                              0x0800217b   Thumb Code   240  elmo.o(.text)
    SetPosLimit                              0x0800226b   Thumb Code   242  elmo.o(.text)
    SetPosCountingRange                      0x0800235d   Thumb Code   252  elmo.o(.text)
    ReadActualVoltage                        0x08002459   Thumb Code   162  elmo.o(.text)
    ReadActualCurrent                        0x080024fb   Thumb Code   164  elmo.o(.text)
    ReadActualPos                            0x0800259f   Thumb Code   164  elmo.o(.text)
    ReadActualVel                            0x08002643   Thumb Code   164  elmo.o(.text)
    ReadActualTemperature                    0x080026e7   Thumb Code   160  elmo.o(.text)
    ReadCurrentLimitFlag                     0x08002787   Thumb Code   164  elmo.o(.text)
    ReadVelocityError                        0x0800282b   Thumb Code   176  elmo.o(.text)
    ReadCommandVelocity                      0x080028db   Thumb Code   162  elmo.o(.text)
    ReadJoggingVelocity                      0x0800297d   Thumb Code   164  elmo.o(.text)
    ReadUnitMode                             0x08002a21   Thumb Code   164  elmo.o(.text)
    ReadReferenceMode                        0x08002ac5   Thumb Code   164  elmo.o(.text)
    ReadMotorFailure                         0x08002b69   Thumb Code   162  elmo.o(.text)
    motion                                   0x08002c0b   Thumb Code   174  elmo.o(.text)
    CAN_Config                               0x08002cb9   Thumb Code   944  can.o(.text)
    CAN_TxMsg                                0x08003069   Thumb Code    88  can.o(.text)
    CAN_RxMsg                                0x080030c1   Thumb Code    72  can.o(.text)
    SetWZ                                    0x0800310d   Thumb Code     8  pps.o(.text)
    SetY                                     0x08003115   Thumb Code     8  pps.o(.text)
    SetX                                     0x0800311d   Thumb Code     8  pps.o(.text)
    SetSpeedY                                0x08003125   Thumb Code     8  pps.o(.text)
    SetSpeedX                                0x0800312d   Thumb Code     8  pps.o(.text)
    SetAngle                                 0x08003135   Thumb Code     8  pps.o(.text)
    SetOpsReady                              0x0800313d   Thumb Code     6  pps.o(.text)
    USART3_IRQHandler                        0x08003143   Thumb Code   490  pps.o(.text)
    TalkOpsToGetReady                        0x0800332d   Thumb Code    76  pps.o(.text)
    GetOpsReady                              0x08003379   Thumb Code     6  pps.o(.text)
    WaitOpsPrepare                           0x0800337f   Thumb Code    18  pps.o(.text)
    GetAngle                                 0x08003391   Thumb Code     8  pps.o(.text)
    GetX                                     0x08003399   Thumb Code     8  pps.o(.text)
    GetY                                     0x080033a1   Thumb Code     8  pps.o(.text)
    GetSpeedX                                0x080033a9   Thumb Code     8  pps.o(.text)
    GetSpeedY                                0x080033b1   Thumb Code     8  pps.o(.text)
    GetWZ                                    0x080033b9   Thumb Code     8  pps.o(.text)
    CorrectX                                 0x080033c1   Thumb Code   102  pps.o(.text)
    CorrectY                                 0x08003427   Thumb Code   102  pps.o(.text)
    CorrectAngle                             0x0800348d   Thumb Code   202  pps.o(.text)
    SystemInit                               0x0800363d   Thumb Code    88  system_stm32f4xx.o(.text)
    SystemCoreClockUpdate                    0x08003695   Thumb Code   174  system_stm32f4xx.o(.text)
    Reset_Handler                            0x08003771   Thumb Code    18  startup_stm32f4xx.o(.text)
    ADC_IRQHandler                           0x08003795   Thumb Code     0  startup_stm32f4xx.o(.text)
    CAN1_RX1_IRQHandler                      0x08003795   Thumb Code     0  startup_stm32f4xx.o(.text)
    CAN1_SCE_IRQHandler                      0x08003795   Thumb Code     0  startup_stm32f4xx.o(.text)
    CAN1_TX_IRQHandler                       0x08003795   Thumb Code     0  startup_stm32f4xx.o(.text)
    CAN2_RX1_IRQHandler                      0x08003795   Thumb Code     0  startup_stm32f4xx.o(.text)
    CAN2_SCE_IRQHandler                      0x08003795   Thumb Code     0  startup_stm32f4xx.o(.text)
    CAN2_TX_IRQHandler                       0x08003795   Thumb Code     0  startup_stm32f4xx.o(.text)
    CRYP_IRQHandler                          0x08003795   Thumb Code     0  startup_stm32f4xx.o(.text)
    DCMI_IRQHandler                          0x08003795   Thumb Code     0  startup_stm32f4xx.o(.text)
    DMA1_Stream0_IRQHandler                  0x08003795   Thumb Code     0  startup_stm32f4xx.o(.text)
    DMA1_Stream1_IRQHandler                  0x08003795   Thumb Code     0  startup_stm32f4xx.o(.text)
    DMA1_Stream2_IRQHandler                  0x08003795   Thumb Code     0  startup_stm32f4xx.o(.text)
    DMA1_Stream3_IRQHandler                  0x08003795   Thumb Code     0  startup_stm32f4xx.o(.text)
    DMA1_Stream4_IRQHandler                  0x08003795   Thumb Code     0  startup_stm32f4xx.o(.text)
    DMA1_Stream5_IRQHandler                  0x08003795   Thumb Code     0  startup_stm32f4xx.o(.text)
    DMA1_Stream6_IRQHandler                  0x08003795   Thumb Code     0  startup_stm32f4xx.o(.text)
    DMA1_Stream7_IRQHandler                  0x08003795   Thumb Code     0  startup_stm32f4xx.o(.text)
    DMA2_Stream0_IRQHandler                  0x08003795   Thumb Code     0  startup_stm32f4xx.o(.text)
    DMA2_Stream1_IRQHandler                  0x08003795   Thumb Code     0  startup_stm32f4xx.o(.text)
    DMA2_Stream2_IRQHandler                  0x08003795   Thumb Code     0  startup_stm32f4xx.o(.text)
    DMA2_Stream3_IRQHandler                  0x08003795   Thumb Code     0  startup_stm32f4xx.o(.text)
    DMA2_Stream4_IRQHandler                  0x08003795   Thumb Code     0  startup_stm32f4xx.o(.text)
    DMA2_Stream5_IRQHandler                  0x08003795   Thumb Code     0  startup_stm32f4xx.o(.text)
    DMA2_Stream6_IRQHandler                  0x08003795   Thumb Code     0  startup_stm32f4xx.o(.text)
    DMA2_Stream7_IRQHandler                  0x08003795   Thumb Code     0  startup_stm32f4xx.o(.text)
    ETH_IRQHandler                           0x08003795   Thumb Code     0  startup_stm32f4xx.o(.text)
    ETH_WKUP_IRQHandler                      0x08003795   Thumb Code     0  startup_stm32f4xx.o(.text)
    EXTI0_IRQHandler                         0x08003795   Thumb Code     0  startup_stm32f4xx.o(.text)
    EXTI15_10_IRQHandler                     0x08003795   Thumb Code     0  startup_stm32f4xx.o(.text)
    EXTI1_IRQHandler                         0x08003795   Thumb Code     0  startup_stm32f4xx.o(.text)
    EXTI2_IRQHandler                         0x08003795   Thumb Code     0  startup_stm32f4xx.o(.text)
    EXTI3_IRQHandler                         0x08003795   Thumb Code     0  startup_stm32f4xx.o(.text)
    EXTI4_IRQHandler                         0x08003795   Thumb Code     0  startup_stm32f4xx.o(.text)
    EXTI9_5_IRQHandler                       0x08003795   Thumb Code     0  startup_stm32f4xx.o(.text)
    FLASH_IRQHandler                         0x08003795   Thumb Code     0  startup_stm32f4xx.o(.text)
    FPU_IRQHandler                           0x08003795   Thumb Code     0  startup_stm32f4xx.o(.text)
    FSMC_IRQHandler                          0x08003795   Thumb Code     0  startup_stm32f4xx.o(.text)
    HASH_RNG_IRQHandler                      0x08003795   Thumb Code     0  startup_stm32f4xx.o(.text)
    I2C1_ER_IRQHandler                       0x08003795   Thumb Code     0  startup_stm32f4xx.o(.text)
    I2C1_EV_IRQHandler                       0x08003795   Thumb Code     0  startup_stm32f4xx.o(.text)
    I2C2_ER_IRQHandler                       0x08003795   Thumb Code     0  startup_stm32f4xx.o(.text)
    I2C2_EV_IRQHandler                       0x08003795   Thumb Code     0  startup_stm32f4xx.o(.text)
    I2C3_ER_IRQHandler                       0x08003795   Thumb Code     0  startup_stm32f4xx.o(.text)
    I2C3_EV_IRQHandler                       0x08003795   Thumb Code     0  startup_stm32f4xx.o(.text)
    OTG_FS_IRQHandler                        0x08003795   Thumb Code     0  startup_stm32f4xx.o(.text)
    OTG_FS_WKUP_IRQHandler                   0x08003795   Thumb Code     0  startup_stm32f4xx.o(.text)
    OTG_HS_EP1_IN_IRQHandler                 0x08003795   Thumb Code     0  startup_stm32f4xx.o(.text)
    OTG_HS_EP1_OUT_IRQHandler                0x08003795   Thumb Code     0  startup_stm32f4xx.o(.text)
    OTG_HS_IRQHandler                        0x08003795   Thumb Code     0  startup_stm32f4xx.o(.text)
    OTG_HS_WKUP_IRQHandler                   0x08003795   Thumb Code     0  startup_stm32f4xx.o(.text)
    PVD_IRQHandler                           0x08003795   Thumb Code     0  startup_stm32f4xx.o(.text)
    RCC_IRQHandler                           0x08003795   Thumb Code     0  startup_stm32f4xx.o(.text)
    RTC_Alarm_IRQHandler                     0x08003795   Thumb Code     0  startup_stm32f4xx.o(.text)
    RTC_WKUP_IRQHandler                      0x08003795   Thumb Code     0  startup_stm32f4xx.o(.text)
    SDIO_IRQHandler                          0x08003795   Thumb Code     0  startup_stm32f4xx.o(.text)
    SPI1_IRQHandler                          0x08003795   Thumb Code     0  startup_stm32f4xx.o(.text)
    SPI2_IRQHandler                          0x08003795   Thumb Code     0  startup_stm32f4xx.o(.text)
    SPI3_IRQHandler                          0x08003795   Thumb Code     0  startup_stm32f4xx.o(.text)
    TAMP_STAMP_IRQHandler                    0x08003795   Thumb Code     0  startup_stm32f4xx.o(.text)
    TIM1_BRK_TIM9_IRQHandler                 0x08003795   Thumb Code     0  startup_stm32f4xx.o(.text)
    TIM1_CC_IRQHandler                       0x08003795   Thumb Code     0  startup_stm32f4xx.o(.text)
    TIM1_TRG_COM_TIM11_IRQHandler            0x08003795   Thumb Code     0  startup_stm32f4xx.o(.text)
    TIM6_DAC_IRQHandler                      0x08003795   Thumb Code     0  startup_stm32f4xx.o(.text)
    TIM7_IRQHandler                          0x08003795   Thumb Code     0  startup_stm32f4xx.o(.text)
    TIM8_BRK_TIM12_IRQHandler                0x08003795   Thumb Code     0  startup_stm32f4xx.o(.text)
    TIM8_CC_IRQHandler                       0x08003795   Thumb Code     0  startup_stm32f4xx.o(.text)
    TIM8_TRG_COM_TIM14_IRQHandler            0x08003795   Thumb Code     0  startup_stm32f4xx.o(.text)
    WWDG_IRQHandler                          0x08003795   Thumb Code     0  startup_stm32f4xx.o(.text)
    __user_initial_stackheap                 0x08003799   Thumb Code     0  startup_stm32f4xx.o(.text)
    OSInitHookBegin                          0x080037c1   Thumb Code    40  os_cpu_c.o(.text)
    OSInitHookEnd                            0x080037e9   Thumb Code     2  os_cpu_c.o(.text)
    OSTaskCreateHook                         0x080037eb   Thumb Code    12  os_cpu_c.o(.text)
    OSTaskDelHook                            0x080037f7   Thumb Code    12  os_cpu_c.o(.text)
    OSTaskIdleHook                           0x08003803   Thumb Code     8  os_cpu_c.o(.text)
    OSTaskStatHook                           0x0800380b   Thumb Code     8  os_cpu_c.o(.text)
    OSTaskStkInit                            0x08003813   Thumb Code   486  os_cpu_c.o(.text)
    OSTaskSwHook                             0x080039f9   Thumb Code     8  os_cpu_c.o(.text)
    OSTCBInitHook                            0x08003a01   Thumb Code    12  os_cpu_c.o(.text)
    OSTimeTickHook                           0x08003a0d   Thumb Code    34  os_cpu_c.o(.text)
    SysTick_Handler                          0x08003a2f   Thumb Code    34  os_cpu_c.o(.text)
    OS_CPU_SysTickInit                       0x08003a51   Thumb Code    28  os_cpu_c.o(.text)
    OS_CPU_SR_Save                           0x08003a89   Thumb Code     0  os_cpu_a.o(.text)
    OS_CPU_SR_Restore                        0x08003a91   Thumb Code     0  os_cpu_a.o(.text)
    OSStartHighRdy                           0x08003a97   Thumb Code     0  os_cpu_a.o(.text)
    OSCtxSw                                  0x08003ab7   Thumb Code     0  os_cpu_a.o(.text)
    OSIntCtxSw                               0x08003ac1   Thumb Code     0  os_cpu_a.o(.text)
    PendSV_Handler                           0x08003acb   Thumb Code     0  os_cpu_a.o(.text)
    CPU_IntDis                               0x08003b19   Thumb Code     0  os_cpu_a.o(.text)
    CPU_IntEn                                0x08003b1d   Thumb Code     0  os_cpu_a.o(.text)
    OSDebugInit                              0x08003b41   Thumb Code   118  os_dbg.o(.text)
    OS_StrLen                                0x08003c9d   Thumb Code    20  os_core.o(.text)
    OSEventNameGet                           0x08003cb1   Thumb Code   118  os_core.o(.text)
    OSEventNameSet                           0x08003d27   Thumb Code   100  os_core.o(.text)
    OS_EventTaskRemoveMulti                  0x08003d8b   Thumb Code    58  os_core.o(.text)
    OS_Sched                                 0x08003ddf   Thumb Code    88  os_core.o(.text)
    OS_EventTaskWaitMulti                    0x08003e37   Thumb Code   136  os_core.o(.text)
    OSEventPendMulti                         0x08003ebf   Thumb Code   760  os_core.o(.text)
    OS_TaskStatStkChk                        0x080041b7   Thumb Code    54  os_core.o(.text)
    OS_TaskStat                              0x080041ed   Thumb Code   116  os_core.o(.text)
    OS_TaskIdle                              0x08004295   Thumb Code    34  os_core.o(.text)
    OS_MemClr                                0x080042eb   Thumb Code    18  os_core.o(.text)
    OSInit                                   0x08004413   Thumb Code    56  os_core.o(.text)
    OSIntEnter                               0x0800444b   Thumb Code    28  os_core.o(.text)
    OSIntExit                                0x08004467   Thumb Code   258  os_core.o(.text)
    OSSchedLock                              0x08004569   Thumb Code    50  os_core.o(.text)
    OSSchedUnlock                            0x0800459b   Thumb Code    82  os_core.o(.text)
    OSStart                                  0x080045ed   Thumb Code    48  os_core.o(.text)
    OSStatInit                               0x0800461d   Thumb Code    62  os_core.o(.text)
    OSTimeTick                               0x0800465b   Thumb Code   210  os_core.o(.text)
    OSVersion                                0x0800472d   Thumb Code     6  os_core.o(.text)
    OS_Dummy                                 0x08004733   Thumb Code     2  os_core.o(.text)
    OS_EventTaskRemove                       0x08004735   Thumb Code    42  os_core.o(.text)
    OS_EventTaskRdy                          0x0800475f   Thumb Code   128  os_core.o(.text)
    OS_EventTaskWait                         0x080047df   Thumb Code   112  os_core.o(.text)
    OS_EventWaitListInit                     0x0800484f   Thumb Code    28  os_core.o(.text)
    OS_MemCopy                               0x0800486b   Thumb Code    20  os_core.o(.text)
    OS_TCBInit                               0x0800487f   Thumb Code   358  os_core.o(.text)
    OSFlagAccept                             0x080049ed   Thumb Code   262  os_flag.o(.text)
    OSFlagCreate                             0x08004af3   Thumb Code    86  os_flag.o(.text)
    OS_FlagUnlink                            0x08004b49   Thumb Code    36  os_flag.o(.text)
    OSFlagDel                                0x08004bbf   Thumb Code   224  os_flag.o(.text)
    OSFlagNameGet                            0x08004c9f   Thumb Code   100  os_flag.o(.text)
    OSFlagNameSet                            0x08004d03   Thumb Code    82  os_flag.o(.text)
    OSFlagPend                               0x08004ded   Thumb Code   626  os_flag.o(.text)
    OSFlagPendGetFlagsRdy                    0x0800505f   Thumb Code    26  os_flag.o(.text)
    OSFlagPost                               0x08005079   Thumb Code   322  os_flag.o(.text)
    OSFlagQuery                              0x080051bb   Thumb Code    58  os_flag.o(.text)
    OS_FlagInit                              0x080051f5   Thumb Code    78  os_flag.o(.text)
    OSMemCreate                              0x08005251   Thumb Code   164  os_mem.o(.text)
    OSMemGet                                 0x080052f5   Thumb Code    72  os_mem.o(.text)
    OSMemNameGet                             0x0800533d   Thumb Code    80  os_mem.o(.text)
    OSMemNameSet                             0x0800538d   Thumb Code    64  os_mem.o(.text)
    OSMemPut                                 0x080053cd   Thumb Code    66  os_mem.o(.text)
    OSMemQuery                               0x0800540f   Thumb Code    64  os_mem.o(.text)
    OS_MemInit                               0x0800544f   Thumb Code    74  os_mem.o(.text)
    OSQAccept                                0x080054a9   Thumb Code    98  os_q.o(.text)
    OSQCreate                                0x0800550b   Thumb Code   144  os_q.o(.text)
    OSQDel                                   0x0800559b   Thumb Code   254  os_q.o(.text)
    OSQFlush                                 0x08005699   Thumb Code    52  os_q.o(.text)
    OSQPend                                  0x080056cd   Thumb Code   288  os_q.o(.text)
    OSQPendAbort                             0x080057ed   Thumb Code   138  os_q.o(.text)
    OSQPost                                  0x08005877   Thumb Code   120  os_q.o(.text)
    OSQPostFront                             0x080058ef   Thumb Code   146  os_q.o(.text)
    OSQPostOpt                               0x08005981   Thumb Code   188  os_q.o(.text)
    OSQQuery                                 0x08005a3d   Thumb Code   110  os_q.o(.text)
    OS_QInit                                 0x08005aab   Thumb Code    72  os_q.o(.text)
    OSSemAccept                              0x08005afd   Thumb Code    48  os_sem.o(.text)
    OSSemCreate                              0x08005b2d   Thumb Code    72  os_sem.o(.text)
    OSSemDel                                 0x08005b75   Thumb Code   220  os_sem.o(.text)
    OSSemPend                                0x08005c51   Thumb Code   236  os_sem.o(.text)
    OSSemPendAbort                           0x08005d3d   Thumb Code   138  os_sem.o(.text)
    OSSemPost                                0x08005dc7   Thumb Code    94  os_sem.o(.text)
    OSSemQuery                               0x08005e25   Thumb Code    88  os_sem.o(.text)
    OSSemSet                                 0x08005e7d   Thumb Code    74  os_sem.o(.text)
    OSTaskChangePrio                         0x08005edd   Thumb Code   418  os_task.o(.text)
    OSTaskCreate                             0x0800607f   Thumb Code   156  os_task.o(.text)
    OS_TaskStkClr                            0x0800611b   Thumb Code    26  os_task.o(.text)
    OSTaskCreateExt                          0x08006135   Thumb Code   178  os_task.o(.text)
    OSTaskDel                                0x080061e7   Thumb Code   354  os_task.o(.text)
    OSTaskDelReq                             0x08006349   Thumb Code   112  os_task.o(.text)
    OSTaskNameGet                            0x080063b9   Thumb Code   140  os_task.o(.text)
    OSTaskNameSet                            0x08006445   Thumb Code   120  os_task.o(.text)
    OSTaskResume                             0x080064bd   Thumb Code   162  os_task.o(.text)
    OSTaskStkChk                             0x0800655f   Thumb Code   150  os_task.o(.text)
    OSTaskSuspend                            0x080065f5   Thumb Code   172  os_task.o(.text)
    OSTaskQuery                              0x080066a1   Thumb Code   132  os_task.o(.text)
    OSTaskRegGet                             0x08006725   Thumb Code    86  os_task.o(.text)
    OSTaskRegSet                             0x0800677b   Thumb Code    84  os_task.o(.text)
    OS_TaskReturn                            0x080067cf   Thumb Code    18  os_task.o(.text)
    OSTimeDly                                0x080067e9   Thumb Code   100  os_time.o(.text)
    OSTimeDlyHMSM                            0x0800684d   Thumb Code   124  os_time.o(.text)
    OSTimeDlyResume                          0x080068c9   Thumb Code   168  os_time.o(.text)
    OSTimeGet                                0x08006971   Thumb Code    24  os_time.o(.text)
    OSTimeSet                                0x08006989   Thumb Code    24  os_time.o(.text)
    OSTmrCreate                              0x080069ef   Thumb Code   142  os_tmr.o(.text)
    OSTmrDel                                 0x08006af5   Thumb Code   134  os_tmr.o(.text)
    OSTmrNameGet                             0x08006b7b   Thumb Code   134  os_tmr.o(.text)
    OSTmrRemainGet                           0x08006c01   Thumb Code   172  os_tmr.o(.text)
    OSTmrStateGet                            0x08006cad   Thumb Code    96  os_tmr.o(.text)
    OSTmrStart                               0x08006d71   Thumb Code   166  os_tmr.o(.text)
    OSTmrStop                                0x08006e17   Thumb Code   190  os_tmr.o(.text)
    OSTmrSignal                              0x08006ed5   Thumb Code    16  os_tmr.o(.text)
    OSTmr_Init                               0x08006f89   Thumb Code   172  os_tmr.o(.text)
    OSTaskReturnHook                         0x0800709d   Thumb Code     2  os_apphooks.o(.text)
    App_TaskCreateHook                       0x0800709f   Thumb Code     2  os_apphooks.o(.text)
    App_TaskDelHook                          0x080070a1   Thumb Code     2  os_apphooks.o(.text)
    App_TaskIdleHook                         0x080070a3   Thumb Code     2  os_apphooks.o(.text)
    App_TaskReturnHook                       0x080070a5   Thumb Code     2  os_apphooks.o(.text)
    App_TaskStatHook                         0x080070a7   Thumb Code     2  os_apphooks.o(.text)
    App_TaskSwHook                           0x080070a9   Thumb Code     2  os_apphooks.o(.text)
    App_TCBInitHook                          0x080070ab   Thumb Code     2  os_apphooks.o(.text)
    App_TimeTickHook                         0x080070ad   Thumb Code     2  os_apphooks.o(.text)
    GPIO_DeInit                              0x080070b1   Thumb Code   220  stm32f4xx_gpio.o(.text)
    GPIO_Init                                0x0800718d   Thumb Code   144  stm32f4xx_gpio.o(.text)
    GPIO_StructInit                          0x0800721d   Thumb Code    18  stm32f4xx_gpio.o(.text)
    GPIO_PinLockConfig                       0x0800722f   Thumb Code    34  stm32f4xx_gpio.o(.text)
    GPIO_ReadInputDataBit                    0x08007251   Thumb Code    18  stm32f4xx_gpio.o(.text)
    GPIO_ReadInputData                       0x08007263   Thumb Code     8  stm32f4xx_gpio.o(.text)
    GPIO_ReadOutputDataBit                   0x0800726b   Thumb Code    18  stm32f4xx_gpio.o(.text)
    GPIO_ReadOutputData                      0x0800727d   Thumb Code     8  stm32f4xx_gpio.o(.text)
    GPIO_SetBits                             0x08007285   Thumb Code     4  stm32f4xx_gpio.o(.text)
    GPIO_ResetBits                           0x08007289   Thumb Code     4  stm32f4xx_gpio.o(.text)
    GPIO_WriteBit                            0x0800728d   Thumb Code    10  stm32f4xx_gpio.o(.text)
    GPIO_Write                               0x08007297   Thumb Code     4  stm32f4xx_gpio.o(.text)
    GPIO_ToggleBits                          0x0800729b   Thumb Code     8  stm32f4xx_gpio.o(.text)
    GPIO_PinAFConfig                         0x080072a3   Thumb Code    70  stm32f4xx_gpio.o(.text)
    RCC_DeInit                               0x0800730d   Thumb Code    60  stm32f4xx_rcc.o(.text)
    RCC_HSEConfig                            0x08007349   Thumb Code    14  stm32f4xx_rcc.o(.text)
    RCC_GetFlagStatus                        0x08007357   Thumb Code    60  stm32f4xx_rcc.o(.text)
    RCC_WaitForHSEStartUp                    0x08007393   Thumb Code    56  stm32f4xx_rcc.o(.text)
    RCC_AdjustHSICalibrationValue            0x080073cb   Thumb Code    20  stm32f4xx_rcc.o(.text)
    RCC_HSICmd                               0x080073df   Thumb Code     6  stm32f4xx_rcc.o(.text)
    RCC_LSEConfig                            0x080073e5   Thumb Code    46  stm32f4xx_rcc.o(.text)
    RCC_LSICmd                               0x08007413   Thumb Code     6  stm32f4xx_rcc.o(.text)
    RCC_PLLConfig                            0x08007419   Thumb Code    32  stm32f4xx_rcc.o(.text)
    RCC_PLLCmd                               0x08007439   Thumb Code     6  stm32f4xx_rcc.o(.text)
    RCC_PLLI2SConfig                         0x0800743f   Thumb Code    14  stm32f4xx_rcc.o(.text)
    RCC_PLLI2SCmd                            0x0800744d   Thumb Code     6  stm32f4xx_rcc.o(.text)
    RCC_ClockSecuritySystemCmd               0x08007453   Thumb Code     6  stm32f4xx_rcc.o(.text)
    RCC_MCO1Config                           0x08007459   Thumb Code    28  stm32f4xx_rcc.o(.text)
    RCC_MCO2Config                           0x08007475   Thumb Code    28  stm32f4xx_rcc.o(.text)
    RCC_SYSCLKConfig                         0x08007491   Thumb Code    20  stm32f4xx_rcc.o(.text)
    RCC_GetSYSCLKSource                      0x080074a5   Thumb Code    12  stm32f4xx_rcc.o(.text)
    RCC_HCLKConfig                           0x080074b1   Thumb Code    20  stm32f4xx_rcc.o(.text)
    RCC_PCLK1Config                          0x080074c5   Thumb Code    20  stm32f4xx_rcc.o(.text)
    RCC_PCLK2Config                          0x080074d9   Thumb Code    22  stm32f4xx_rcc.o(.text)
    RCC_GetClocksFreq                        0x080074ef   Thumb Code   222  stm32f4xx_rcc.o(.text)
    RCC_RTCCLKConfig                         0x080075cd   Thumb Code    54  stm32f4xx_rcc.o(.text)
    RCC_RTCCLKCmd                            0x08007603   Thumb Code     8  stm32f4xx_rcc.o(.text)
    RCC_BackupResetCmd                       0x0800760b   Thumb Code     8  stm32f4xx_rcc.o(.text)
    RCC_I2SCLKConfig                         0x08007613   Thumb Code     6  stm32f4xx_rcc.o(.text)
    RCC_AHB1PeriphClockCmd                   0x08007619   Thumb Code    34  stm32f4xx_rcc.o(.text)
    RCC_AHB2PeriphClockCmd                   0x0800763b   Thumb Code    34  stm32f4xx_rcc.o(.text)
    RCC_AHB3PeriphClockCmd                   0x0800765d   Thumb Code    34  stm32f4xx_rcc.o(.text)
    RCC_APB1PeriphClockCmd                   0x0800767f   Thumb Code    34  stm32f4xx_rcc.o(.text)
    RCC_APB2PeriphClockCmd                   0x080076a1   Thumb Code    34  stm32f4xx_rcc.o(.text)
    RCC_AHB1PeriphResetCmd                   0x080076c3   Thumb Code    34  stm32f4xx_rcc.o(.text)
    RCC_AHB2PeriphResetCmd                   0x080076e5   Thumb Code    72  stm32f4xx_rcc.o(.text)
    RCC_AHB3PeriphResetCmd                   0x0800772d   Thumb Code    34  stm32f4xx_rcc.o(.text)
    RCC_APB1PeriphResetCmd                   0x0800774f   Thumb Code    34  stm32f4xx_rcc.o(.text)
    RCC_APB2PeriphResetCmd                   0x08007771   Thumb Code    34  stm32f4xx_rcc.o(.text)
    RCC_AHB1PeriphClockLPModeCmd             0x08007793   Thumb Code    34  stm32f4xx_rcc.o(.text)
    RCC_AHB2PeriphClockLPModeCmd             0x080077b5   Thumb Code    34  stm32f4xx_rcc.o(.text)
    RCC_AHB3PeriphClockLPModeCmd             0x080077d7   Thumb Code    34  stm32f4xx_rcc.o(.text)
    RCC_APB1PeriphClockLPModeCmd             0x080077f9   Thumb Code    34  stm32f4xx_rcc.o(.text)
    RCC_APB2PeriphClockLPModeCmd             0x0800781b   Thumb Code    34  stm32f4xx_rcc.o(.text)
    RCC_ITConfig                             0x0800783d   Thumb Code    34  stm32f4xx_rcc.o(.text)
    RCC_ClearFlag                            0x0800785f   Thumb Code    18  stm32f4xx_rcc.o(.text)
    RCC_GetITStatus                          0x08007871   Thumb Code    22  stm32f4xx_rcc.o(.text)
    RCC_ClearITPendingBit                    0x08007887   Thumb Code     8  stm32f4xx_rcc.o(.text)
    NVIC_PriorityGroupConfig                 0x08007895   Thumb Code    10  misc.o(.text)
    NVIC_Init                                0x0800789f   Thumb Code   106  misc.o(.text)
    NVIC_SetVectorTable                      0x08007909   Thumb Code    14  misc.o(.text)
    NVIC_SystemLPConfig                      0x08007917   Thumb Code    34  misc.o(.text)
    SysTick_CLKSourceConfig                  0x08007939   Thumb Code    40  misc.o(.text)
    TIM_DeInit                               0x08007975   Thumb Code   346  stm32f4xx_tim.o(.text)
    TIM_TimeBaseInit                         0x08007acf   Thumb Code   104  stm32f4xx_tim.o(.text)
    TIM_TimeBaseStructInit                   0x08007b37   Thumb Code    18  stm32f4xx_tim.o(.text)
    TIM_PrescalerConfig                      0x08007b49   Thumb Code     6  stm32f4xx_tim.o(.text)
    TIM_CounterModeConfig                    0x08007b4f   Thumb Code    18  stm32f4xx_tim.o(.text)
    TIM_SetCounter                           0x08007b61   Thumb Code     4  stm32f4xx_tim.o(.text)
    TIM_SetAutoreload                        0x08007b65   Thumb Code     4  stm32f4xx_tim.o(.text)
    TIM_GetCounter                           0x08007b69   Thumb Code     6  stm32f4xx_tim.o(.text)
    TIM_GetPrescaler                         0x08007b6f   Thumb Code     6  stm32f4xx_tim.o(.text)
    TIM_UpdateDisableConfig                  0x08007b75   Thumb Code    24  stm32f4xx_tim.o(.text)
    TIM_UpdateRequestConfig                  0x08007b8d   Thumb Code    24  stm32f4xx_tim.o(.text)
    TIM_ARRPreloadConfig                     0x08007ba5   Thumb Code    24  stm32f4xx_tim.o(.text)
    TIM_SelectOnePulseMode                   0x08007bbd   Thumb Code    18  stm32f4xx_tim.o(.text)
    TIM_SetClockDivision                     0x08007bcf   Thumb Code    18  stm32f4xx_tim.o(.text)
    TIM_Cmd                                  0x08007be1   Thumb Code    24  stm32f4xx_tim.o(.text)
    TIM_OC1Init                              0x08007bf9   Thumb Code   114  stm32f4xx_tim.o(.text)
    TIM_OC2Init                              0x08007c6b   Thumb Code   154  stm32f4xx_tim.o(.text)
    TIM_OC3Init                              0x08007d05   Thumb Code   204  stm32f4xx_tim.o(.text)
    TIM_OC4Init                              0x08007dd1   Thumb Code   112  stm32f4xx_tim.o(.text)
    TIM_OCStructInit                         0x08007e41   Thumb Code    20  stm32f4xx_tim.o(.text)
    TIM_SelectOCxM                           0x08007e55   Thumb Code    86  stm32f4xx_tim.o(.text)
    TIM_SetCompare1                          0x08007eab   Thumb Code     4  stm32f4xx_tim.o(.text)
    TIM_SetCompare2                          0x08007eaf   Thumb Code     4  stm32f4xx_tim.o(.text)
    TIM_SetCompare3                          0x08007eb3   Thumb Code     4  stm32f4xx_tim.o(.text)
    TIM_SetCompare4                          0x08007eb7   Thumb Code     4  stm32f4xx_tim.o(.text)
    TIM_ForcedOC1Config                      0x08007ebb   Thumb Code    18  stm32f4xx_tim.o(.text)
    TIM_ForcedOC2Config                      0x08007ecd   Thumb Code    26  stm32f4xx_tim.o(.text)
    TIM_ForcedOC3Config                      0x08007ee7   Thumb Code    18  stm32f4xx_tim.o(.text)
    TIM_ForcedOC4Config                      0x08007ef9   Thumb Code    26  stm32f4xx_tim.o(.text)
    TIM_OC1PreloadConfig                     0x08007f13   Thumb Code    18  stm32f4xx_tim.o(.text)
    TIM_OC2PreloadConfig                     0x08007f25   Thumb Code    26  stm32f4xx_tim.o(.text)
    TIM_OC3PreloadConfig                     0x08007f3f   Thumb Code    18  stm32f4xx_tim.o(.text)
    TIM_OC4PreloadConfig                     0x08007f51   Thumb Code    26  stm32f4xx_tim.o(.text)
    TIM_OC1FastConfig                        0x08007f6b   Thumb Code    18  stm32f4xx_tim.o(.text)
    TIM_OC2FastConfig                        0x08007f7d   Thumb Code    26  stm32f4xx_tim.o(.text)
    TIM_OC3FastConfig                        0x08007f97   Thumb Code    18  stm32f4xx_tim.o(.text)
    TIM_OC4FastConfig                        0x08007fa9   Thumb Code    26  stm32f4xx_tim.o(.text)
    TIM_ClearOC1Ref                          0x08007fc3   Thumb Code    18  stm32f4xx_tim.o(.text)
    TIM_ClearOC2Ref                          0x08007fd5   Thumb Code    24  stm32f4xx_tim.o(.text)
    TIM_ClearOC3Ref                          0x08007fed   Thumb Code    18  stm32f4xx_tim.o(.text)
    TIM_ClearOC4Ref                          0x08007fff   Thumb Code    24  stm32f4xx_tim.o(.text)
    TIM_OC1PolarityConfig                    0x08008017   Thumb Code    18  stm32f4xx_tim.o(.text)
    TIM_OC1NPolarityConfig                   0x08008029   Thumb Code    18  stm32f4xx_tim.o(.text)
    TIM_OC2PolarityConfig                    0x0800803b   Thumb Code    26  stm32f4xx_tim.o(.text)
    TIM_OC2NPolarityConfig                   0x08008055   Thumb Code    26  stm32f4xx_tim.o(.text)
    TIM_OC3PolarityConfig                    0x0800806f   Thumb Code    26  stm32f4xx_tim.o(.text)
    TIM_OC3NPolarityConfig                   0x08008089   Thumb Code    26  stm32f4xx_tim.o(.text)
    TIM_OC4PolarityConfig                    0x080080a3   Thumb Code    26  stm32f4xx_tim.o(.text)
    TIM_CCxCmd                               0x080080bd   Thumb Code    30  stm32f4xx_tim.o(.text)
    TIM_CCxNCmd                              0x080080db   Thumb Code    30  stm32f4xx_tim.o(.text)
    TIM_SetIC4Prescaler                      0x080080f9   Thumb Code    26  stm32f4xx_tim.o(.text)
    TIM_SetIC3Prescaler                      0x08008163   Thumb Code    18  stm32f4xx_tim.o(.text)
    TIM_SetIC2Prescaler                      0x080081bd   Thumb Code    26  stm32f4xx_tim.o(.text)
    TIM_SetIC1Prescaler                      0x08008231   Thumb Code    18  stm32f4xx_tim.o(.text)
    TIM_ICInit                               0x0800827d   Thumb Code   110  stm32f4xx_tim.o(.text)
    TIM_ICStructInit                         0x080082eb   Thumb Code    18  stm32f4xx_tim.o(.text)
    TIM_PWMIConfig                           0x080082fd   Thumb Code   124  stm32f4xx_tim.o(.text)
    TIM_GetCapture1                          0x08008379   Thumb Code     6  stm32f4xx_tim.o(.text)
    TIM_GetCapture2                          0x0800837f   Thumb Code     6  stm32f4xx_tim.o(.text)
    TIM_GetCapture3                          0x08008385   Thumb Code     6  stm32f4xx_tim.o(.text)
    TIM_GetCapture4                          0x0800838b   Thumb Code     6  stm32f4xx_tim.o(.text)
    TIM_BDTRConfig                           0x08008391   Thumb Code    32  stm32f4xx_tim.o(.text)
    TIM_BDTRStructInit                       0x080083b1   Thumb Code    18  stm32f4xx_tim.o(.text)
    TIM_CtrlPWMOutputs                       0x080083c3   Thumb Code    30  stm32f4xx_tim.o(.text)
    TIM_SelectCOM                            0x080083e1   Thumb Code    24  stm32f4xx_tim.o(.text)
    TIM_CCPreloadControl                     0x080083f9   Thumb Code    24  stm32f4xx_tim.o(.text)
    TIM_ITConfig                             0x08008411   Thumb Code    18  stm32f4xx_tim.o(.text)
    TIM_GenerateEvent                        0x08008423   Thumb Code     4  stm32f4xx_tim.o(.text)
    TIM_GetFlagStatus                        0x08008427   Thumb Code    18  stm32f4xx_tim.o(.text)
    TIM_ClearFlag                            0x08008439   Thumb Code     6  stm32f4xx_tim.o(.text)
    TIM_GetITStatus                          0x0800843f   Thumb Code    34  stm32f4xx_tim.o(.text)
    TIM_ClearITPendingBit                    0x08008461   Thumb Code     6  stm32f4xx_tim.o(.text)
    TIM_DMAConfig                            0x08008467   Thumb Code    10  stm32f4xx_tim.o(.text)
    TIM_DMACmd                               0x08008471   Thumb Code    18  stm32f4xx_tim.o(.text)
    TIM_SelectCCDMA                          0x08008483   Thumb Code    24  stm32f4xx_tim.o(.text)
    TIM_InternalClockConfig                  0x0800849b   Thumb Code    12  stm32f4xx_tim.o(.text)
    TIM_SelectInputTrigger                   0x080084a7   Thumb Code    18  stm32f4xx_tim.o(.text)
    TIM_ITRxExternalClockConfig              0x080084b9   Thumb Code    24  stm32f4xx_tim.o(.text)
    TIM_TIxExternalClockConfig               0x080084d1   Thumb Code    62  stm32f4xx_tim.o(.text)
    TIM_ETRConfig                            0x0800850f   Thumb Code    28  stm32f4xx_tim.o(.text)
    TIM_ETRClockMode1Config                  0x0800852b   Thumb Code    54  stm32f4xx_tim.o(.text)
    TIM_ETRClockMode2Config                  0x08008561   Thumb Code    32  stm32f4xx_tim.o(.text)
    TIM_SelectOutputTrigger                  0x08008581   Thumb Code    18  stm32f4xx_tim.o(.text)
    TIM_SelectSlaveMode                      0x08008593   Thumb Code    18  stm32f4xx_tim.o(.text)
    TIM_SelectMasterSlaveMode                0x080085a5   Thumb Code    18  stm32f4xx_tim.o(.text)
    TIM_EncoderInterfaceConfig               0x080085b7   Thumb Code    66  stm32f4xx_tim.o(.text)
    TIM_SelectHallSensor                     0x080085f9   Thumb Code    24  stm32f4xx_tim.o(.text)
    TIM_RemapConfig                          0x08008611   Thumb Code     6  stm32f4xx_tim.o(.text)
    USART_DeInit                             0x08008619   Thumb Code   156  stm32f4xx_usart.o(.text)
    USART_Init                               0x080086b5   Thumb Code   204  stm32f4xx_usart.o(.text)
    USART_StructInit                         0x08008781   Thumb Code    24  stm32f4xx_usart.o(.text)
    USART_ClockInit                          0x08008799   Thumb Code    32  stm32f4xx_usart.o(.text)
    USART_ClockStructInit                    0x080087b9   Thumb Code    12  stm32f4xx_usart.o(.text)
    USART_Cmd                                0x080087c5   Thumb Code    24  stm32f4xx_usart.o(.text)
    USART_SetPrescaler                       0x080087dd   Thumb Code    16  stm32f4xx_usart.o(.text)
    USART_OverSampling8Cmd                   0x080087ed   Thumb Code    22  stm32f4xx_usart.o(.text)
    USART_OneBitMethodCmd                    0x08008803   Thumb Code    24  stm32f4xx_usart.o(.text)
    USART_ClearFlag                          0x0800881b   Thumb Code    18  stm32f4xx_usart.o(.text)
    USART_GetFlagStatus                      0x0800882d   Thumb Code    26  stm32f4xx_usart.o(.text)
    USART_SendData                           0x08008847   Thumb Code    44  stm32f4xx_usart.o(.text)
    USART_ReceiveData                        0x08008873   Thumb Code    10  stm32f4xx_usart.o(.text)
    USART_SetAddress                         0x0800887d   Thumb Code    18  stm32f4xx_usart.o(.text)
    USART_ReceiverWakeUpCmd                  0x0800888f   Thumb Code    24  stm32f4xx_usart.o(.text)
    USART_WakeUpConfig                       0x080088a7   Thumb Code    18  stm32f4xx_usart.o(.text)
    USART_LINBreakDetectLengthConfig         0x080088b9   Thumb Code    18  stm32f4xx_usart.o(.text)
    USART_LINCmd                             0x080088cb   Thumb Code    24  stm32f4xx_usart.o(.text)
    USART_SendBreak                          0x080088e3   Thumb Code    10  stm32f4xx_usart.o(.text)
    USART_HalfDuplexCmd                      0x080088ed   Thumb Code    24  stm32f4xx_usart.o(.text)
    USART_SetGuardTime                       0x08008905   Thumb Code    16  stm32f4xx_usart.o(.text)
    USART_SmartCardCmd                       0x08008915   Thumb Code    24  stm32f4xx_usart.o(.text)
    USART_SmartCardNACKCmd                   0x0800892d   Thumb Code    24  stm32f4xx_usart.o(.text)
    USART_IrDAConfig                         0x08008945   Thumb Code    18  stm32f4xx_usart.o(.text)
    USART_IrDACmd                            0x08008957   Thumb Code    24  stm32f4xx_usart.o(.text)
    USART_DMACmd                             0x0800896f   Thumb Code    18  stm32f4xx_usart.o(.text)
    USART_ITConfig                           0x08008981   Thumb Code    74  stm32f4xx_usart.o(.text)
    USART_GetITStatus                        0x080089cb   Thumb Code   110  stm32f4xx_usart.o(.text)
    USART_ClearITPendingBit                  0x08008a39   Thumb Code    30  stm32f4xx_usart.o(.text)
    CAN_DeInit                               0x08008a59   Thumb Code    50  stm32f4xx_can.o(.text)
    CAN_Init                                 0x08008a8b   Thumb Code   276  stm32f4xx_can.o(.text)
    CAN_FilterInit                           0x08008b9f   Thumb Code   258  stm32f4xx_can.o(.text)
    CAN_StructInit                           0x08008ca1   Thumb Code    32  stm32f4xx_can.o(.text)
    CAN_SlaveStartBank                       0x08008cc1   Thumb Code    48  stm32f4xx_can.o(.text)
    CAN_DBGFreeze                            0x08008cf1   Thumb Code    22  stm32f4xx_can.o(.text)
    CAN_TTComModeCmd                         0x08008d07   Thumb Code   118  stm32f4xx_can.o(.text)
    CAN_Transmit                             0x08008d7d   Thumb Code   304  stm32f4xx_can.o(.text)
    CAN_TransmitStatus                       0x08008ead   Thumb Code   138  stm32f4xx_can.o(.text)
    CAN_CancelTransmit                       0x08008f37   Thumb Code    48  stm32f4xx_can.o(.text)
    CAN_Receive                              0x08008f67   Thumb Code   240  stm32f4xx_can.o(.text)
    CAN_FIFORelease                          0x08009057   Thumb Code    22  stm32f4xx_can.o(.text)
    CAN_MessagePending                       0x0800906d   Thumb Code    30  stm32f4xx_can.o(.text)
    CAN_OperatingModeRequest                 0x0800908b   Thumb Code   162  stm32f4xx_can.o(.text)
    CAN_Sleep                                0x0800912d   Thumb Code    30  stm32f4xx_can.o(.text)
    CAN_WakeUp                               0x0800914b   Thumb Code    48  stm32f4xx_can.o(.text)
    CAN_GetLastErrorCode                     0x0800917b   Thumb Code    12  stm32f4xx_can.o(.text)
    CAN_GetReceiveErrorCounter               0x08009187   Thumb Code    10  stm32f4xx_can.o(.text)
    CAN_GetLSBTransmitErrorCounter           0x08009191   Thumb Code    12  stm32f4xx_can.o(.text)
    CAN_ITConfig                             0x0800919d   Thumb Code    18  stm32f4xx_can.o(.text)
    CAN_GetFlagStatus                        0x080091af   Thumb Code   120  stm32f4xx_can.o(.text)
    CAN_ClearFlag                            0x08009227   Thumb Code    52  stm32f4xx_can.o(.text)
    CAN_GetITStatus                          0x0800926d   Thumb Code   310  stm32f4xx_can.o(.text)
    CAN_ClearITPendingBit                    0x080093a3   Thumb Code   162  stm32f4xx_can.o(.text)
    __use_two_region_memory                  0x08009449   Thumb Code     2  heapauxi.o(.text)
    __rt_heap_escrow$2region                 0x0800944b   Thumb Code     2  heapauxi.o(.text)
    __rt_heap_expand$2region                 0x0800944d   Thumb Code     2  heapauxi.o(.text)
    __user_setup_stackheap                   0x0800944f   Thumb Code    74  sys_stackheap_outer.o(.text)
    exit                                     0x08009499   Thumb Code    18  exit.o(.text)
    __user_libspace                          0x080094ad   Thumb Code     8  libspace.o(.text)
    __user_perproc_libspace                  0x080094ad   Thumb Code     0  libspace.o(.text)
    __user_perthread_libspace                0x080094ad   Thumb Code     0  libspace.o(.text)
    _sys_exit                                0x080094b5   Thumb Code     8  sys_exit.o(.text)
    __I$use$semihosting                      0x080094c1   Thumb Code     0  use_no_semi.o(.text)
    __use_no_semihosting_swi                 0x080094c1   Thumb Code     2  use_no_semi.o(.text)
    __semihosting_library_function           0x080094c3   Thumb Code     0  indicate_semi.o(.text)
    _fp_init                                 0x080094c3   Thumb Code    10  fpinit.o(x$fpl$fpinit)
    __fplib_config_fpu_vfp                   0x080094cb   Thumb Code     0  fpinit.o(x$fpl$fpinit)
    __fplib_config_pureend_doubles           0x080094cb   Thumb Code     0  fpinit.o(x$fpl$fpinit)
    OSDebugEn                                0x080095bc   Data           2  os_dbg.o(.constdata)
    OSEndiannessTest                         0x080095c0   Data           4  os_dbg.o(.constdata)
    OSEventEn                                0x080095c4   Data           2  os_dbg.o(.constdata)
    OSEventMax                               0x080095c6   Data           2  os_dbg.o(.constdata)
    OSEventNameEn                            0x080095c8   Data           2  os_dbg.o(.constdata)
    OSEventSize                              0x080095ca   Data           2  os_dbg.o(.constdata)
    OSEventTblSize                           0x080095cc   Data           2  os_dbg.o(.constdata)
    OSEventMultiEn                           0x080095ce   Data           2  os_dbg.o(.constdata)
    OSFlagEn                                 0x080095d0   Data           2  os_dbg.o(.constdata)
    OSFlagGrpSize                            0x080095d2   Data           2  os_dbg.o(.constdata)
    OSFlagNodeSize                           0x080095d4   Data           2  os_dbg.o(.constdata)
    OSFlagWidth                              0x080095d6   Data           2  os_dbg.o(.constdata)
    OSFlagMax                                0x080095d8   Data           2  os_dbg.o(.constdata)
    OSFlagNameEn                             0x080095da   Data           2  os_dbg.o(.constdata)
    OSLowestPrio                             0x080095dc   Data           2  os_dbg.o(.constdata)
    OSMboxEn                                 0x080095de   Data           2  os_dbg.o(.constdata)
    OSMemEn                                  0x080095e0   Data           2  os_dbg.o(.constdata)
    OSMemMax                                 0x080095e2   Data           2  os_dbg.o(.constdata)
    OSMemNameEn                              0x080095e4   Data           2  os_dbg.o(.constdata)
    OSMemSize                                0x080095e6   Data           2  os_dbg.o(.constdata)
    OSMemTblSize                             0x080095e8   Data           2  os_dbg.o(.constdata)
    OSMutexEn                                0x080095ea   Data           2  os_dbg.o(.constdata)
    OSPtrSize                                0x080095ec   Data           2  os_dbg.o(.constdata)
    OSQEn                                    0x080095ee   Data           2  os_dbg.o(.constdata)
    OSQMax                                   0x080095f0   Data           2  os_dbg.o(.constdata)
    OSQSize                                  0x080095f2   Data           2  os_dbg.o(.constdata)
    OSRdyTblSize                             0x080095f4   Data           2  os_dbg.o(.constdata)
    OSSemEn                                  0x080095f6   Data           2  os_dbg.o(.constdata)
    OSStkWidth                               0x080095f8   Data           2  os_dbg.o(.constdata)
    OSTaskCreateEn                           0x080095fa   Data           2  os_dbg.o(.constdata)
    OSTaskCreateExtEn                        0x080095fc   Data           2  os_dbg.o(.constdata)
    OSTaskDelEn                              0x080095fe   Data           2  os_dbg.o(.constdata)
    OSTaskIdleStkSize                        0x08009600   Data           2  os_dbg.o(.constdata)
    OSTaskProfileEn                          0x08009602   Data           2  os_dbg.o(.constdata)
    OSTaskMax                                0x08009604   Data           2  os_dbg.o(.constdata)
    OSTaskNameEn                             0x08009606   Data           2  os_dbg.o(.constdata)
    OSTaskStatEn                             0x08009608   Data           2  os_dbg.o(.constdata)
    OSTaskStatStkSize                        0x0800960a   Data           2  os_dbg.o(.constdata)
    OSTaskStatStkChkEn                       0x0800960c   Data           2  os_dbg.o(.constdata)
    OSTaskSwHookEn                           0x0800960e   Data           2  os_dbg.o(.constdata)
    OSTaskRegTblSize                         0x08009610   Data           2  os_dbg.o(.constdata)
    OSTCBPrioTblMax                          0x08009612   Data           2  os_dbg.o(.constdata)
    OSTCBSize                                0x08009614   Data           2  os_dbg.o(.constdata)
    OSTicksPerSec                            0x08009616   Data           2  os_dbg.o(.constdata)
    OSTimeTickHookEn                         0x08009618   Data           2  os_dbg.o(.constdata)
    OSVersionNbr                             0x0800961a   Data           2  os_dbg.o(.constdata)
    OSTmrEn                                  0x0800961c   Data           2  os_dbg.o(.constdata)
    OSTmrCfgMax                              0x0800961e   Data           2  os_dbg.o(.constdata)
    OSTmrCfgNameEn                           0x08009620   Data           2  os_dbg.o(.constdata)
    OSTmrCfgWheelSize                        0x08009622   Data           2  os_dbg.o(.constdata)
    OSTmrCfgTicksPerSec                      0x08009624   Data           2  os_dbg.o(.constdata)
    OSTmrSize                                0x08009626   Data           2  os_dbg.o(.constdata)
    OSTmrTblSize                             0x08009628   Data           2  os_dbg.o(.constdata)
    OSTmrWheelSize                           0x0800962a   Data           2  os_dbg.o(.constdata)
    OSTmrWheelTblSize                        0x0800962c   Data           2  os_dbg.o(.constdata)
    OSDataSize                               0x0800962e   Data           2  os_dbg.o(.constdata)
    OSUnMapTbl                               0x08009630   Data         256  os_core.o(.constdata)
    Region$$Table$$Base                      0x08009730   Number         0  anon$$obj.o(Region$$Table)
    Region$$Table$$Limit                     0x08009750   Number         0  anon$$obj.o(Region$$Table)
    PeriodSem                                0x20000000   Data           4  task.o(.data)
    Can2Msg                                  0x20000004   Data           8  stm32f4xx_it.o(.data)
    readmotor                                0x2000000c   Data           8  stm32f4xx_it.o(.data)
    changedata                               0x20000014   Data           4  stm32f4xx_it.o(.data)
    SystemCoreClock                          0x20000024   Data           4  system_stm32f4xx.o(.data)
    AHBPrescTable                            0x20000028   Data          16  system_stm32f4xx.o(.data)
    OS_CPU_ExceptStkBase                     0x20000038   Data           4  os_cpu_c.o(.data)
    OSCtxSwCtr                               0x20000040   Data           4  os_core.o(.data)
    OSEventFreeList                          0x20000044   Data           4  os_core.o(.data)
    OSFlagFreeList                           0x20000048   Data           4  os_core.o(.data)
    OSCPUUsage                               0x2000004c   Data           1  os_core.o(.data)
    OSIdleCtrMax                             0x20000050   Data           4  os_core.o(.data)
    OSIdleCtrRun                             0x20000054   Data           4  os_core.o(.data)
    OSStatRdy                                0x20000058   Data           1  os_core.o(.data)
    OSIntNesting                             0x20000059   Data           1  os_core.o(.data)
    OSLockNesting                            0x2000005a   Data           1  os_core.o(.data)
    OSPrioCur                                0x2000005b   Data           1  os_core.o(.data)
    OSPrioHighRdy                            0x2000005c   Data           1  os_core.o(.data)
    OSRdyGrp                                 0x2000005d   Data           1  os_core.o(.data)
    OSRdyTbl                                 0x2000005e   Data           8  os_core.o(.data)
    OSRunning                                0x20000066   Data           1  os_core.o(.data)
    OSTaskCtr                                0x20000067   Data           1  os_core.o(.data)
    OSIdleCtr                                0x20000068   Data           4  os_core.o(.data)
    OSTCBCur                                 0x2000006c   Data           4  os_core.o(.data)
    OSTCBFreeList                            0x20000070   Data           4  os_core.o(.data)
    OSTCBHighRdy                             0x20000074   Data           4  os_core.o(.data)
    OSTCBList                                0x20000078   Data           4  os_core.o(.data)
    OSTickStepState                          0x2000007c   Data           1  os_core.o(.data)
    OSMemFreeList                            0x20000080   Data           4  os_core.o(.data)
    OSQFreeList                              0x20000084   Data           4  os_core.o(.data)
    OSTime                                   0x20000088   Data           4  os_core.o(.data)
    OSTmrFree                                0x2000008c   Data           2  os_core.o(.data)
    OSTmrUsed                                0x2000008e   Data           2  os_core.o(.data)
    OSTmrTime                                0x20000090   Data           4  os_core.o(.data)
    OSTmrSem                                 0x20000094   Data           4  os_core.o(.data)
    OSTmrSemSignal                           0x20000098   Data           4  os_core.o(.data)
    OSTmrFreeList                            0x2000009c   Data           4  os_core.o(.data)
    OS_CPU_ExceptStk                         0x200010f8   Data         512  os_cpu_c.o(.bss)
    OSEventTbl                               0x200012f8   Data        1440  os_core.o(.bss)
    OSFlagTbl                                0x20001898   Data          80  os_core.o(.bss)
    OSTaskStatStk                            0x200018e8   Data         512  os_core.o(.bss)
    OSTaskIdleStk                            0x20001ae8   Data         512  os_core.o(.bss)
    OSTCBPrioTbl                             0x20001ce8   Data         256  os_core.o(.bss)
    OSTCBTbl                                 0x20001de8   Data        2816  os_core.o(.bss)
    OSMemTbl                                 0x200028e8   Data         120  os_core.o(.bss)
    OSQTbl                                   0x20002960   Data          96  os_core.o(.bss)
    OSTmrTbl                                 0x200029c0   Data         640  os_core.o(.bss)
    OSTmrTaskStk                             0x20002c40   Data         512  os_core.o(.bss)
    OSTmrWheelTbl                            0x20002e40   Data          64  os_core.o(.bss)
    __libspace_start                         0x20002e80   Data          96  libspace.o(.bss)
    __temporary_stack_top$libspace           0x20002ee0   Data           0  libspace.o(.bss)



==============================================================================

Memory Map of the image

  Image Entry point : 0x08000189

  Load Region LR_IROM1 (Base: 0x08000000, Size: 0x00009800, Max: 0x00080000, ABSOLUTE)

    Execution Region ER_IROM1 (Exec base: 0x08000000, Load base: 0x08000000, Size: 0x00009750, Max: 0x00080000, ABSOLUTE)

    Exec Addr    Load Addr    Size         Type   Attr      Idx    E Section Name        Object

    0x08000000   0x08000000   0x00000188   Data   RO          414    RESET               startup_stm32f4xx.o
    0x08000188   0x08000188   0x00000008   Code   RO          936  * !!!main             c_w.l(__main.o)
    0x08000190   0x08000190   0x00000034   Code   RO         1093    !!!scatter          c_w.l(__scatter.o)
    0x080001c4   0x080001c4   0x0000001a   Code   RO         1095    !!handler_copy      c_w.l(__scatter_copy.o)
    0x080001de   0x080001de   0x00000002   PAD
    0x080001e0   0x080001e0   0x0000001c   Code   RO         1097    !!handler_zi        c_w.l(__scatter_zi.o)
    0x080001fc   0x080001fc   0x00000002   Code   RO          963    .ARM.Collect$$libinit$$00000000  c_w.l(libinit.o)
    0x080001fe   0x080001fe   0x00000004   Code   RO          969    .ARM.Collect$$libinit$$00000001  c_w.l(libinit2.o)
    0x08000202   0x08000202   0x00000000   Code   RO          972    .ARM.Collect$$libinit$$00000004  c_w.l(libinit2.o)
    0x08000202   0x08000202   0x00000000   Code   RO          975    .ARM.Collect$$libinit$$0000000A  c_w.l(libinit2.o)
    0x08000202   0x08000202   0x00000000   Code   RO          977    .ARM.Collect$$libinit$$0000000C  c_w.l(libinit2.o)
    0x08000202   0x08000202   0x00000000   Code   RO          979    .ARM.Collect$$libinit$$0000000E  c_w.l(libinit2.o)
    0x08000202   0x08000202   0x00000000   Code   RO          982    .ARM.Collect$$libinit$$00000011  c_w.l(libinit2.o)
    0x08000202   0x08000202   0x00000000   Code   RO          984    .ARM.Collect$$libinit$$00000013  c_w.l(libinit2.o)
    0x08000202   0x08000202   0x00000000   Code   RO          986    .ARM.Collect$$libinit$$00000015  c_w.l(libinit2.o)
    0x08000202   0x08000202   0x00000000   Code   RO          988    .ARM.Collect$$libinit$$00000017  c_w.l(libinit2.o)
    0x08000202   0x08000202   0x00000000   Code   RO          990    .ARM.Collect$$libinit$$00000019  c_w.l(libinit2.o)
    0x08000202   0x08000202   0x00000000   Code   RO          992    .ARM.Collect$$libinit$$0000001B  c_w.l(libinit2.o)
    0x08000202   0x08000202   0x00000000   Code   RO          994    .ARM.Collect$$libinit$$0000001D  c_w.l(libinit2.o)
    0x08000202   0x08000202   0x00000000   Code   RO          996    .ARM.Collect$$libinit$$0000001F  c_w.l(libinit2.o)
    0x08000202   0x08000202   0x00000000   Code   RO          998    .ARM.Collect$$libinit$$00000021  c_w.l(libinit2.o)
    0x08000202   0x08000202   0x00000000   Code   RO         1000    .ARM.Collect$$libinit$$00000023  c_w.l(libinit2.o)
    0x08000202   0x08000202   0x00000000   Code   RO         1002    .ARM.Collect$$libinit$$00000025  c_w.l(libinit2.o)
    0x08000202   0x08000202   0x00000000   Code   RO         1006    .ARM.Collect$$libinit$$0000002C  c_w.l(libinit2.o)
    0x08000202   0x08000202   0x00000000   Code   RO         1008    .ARM.Collect$$libinit$$0000002E  c_w.l(libinit2.o)
    0x08000202   0x08000202   0x00000000   Code   RO         1010    .ARM.Collect$$libinit$$00000030  c_w.l(libinit2.o)
    0x08000202   0x08000202   0x00000000   Code   RO         1012    .ARM.Collect$$libinit$$00000032  c_w.l(libinit2.o)
    0x08000202   0x08000202   0x00000002   Code   RO         1013    .ARM.Collect$$libinit$$00000033  c_w.l(libinit2.o)
    0x08000204   0x08000204   0x00000002   Code   RO         1033    .ARM.Collect$$libshutdown$$00000000  c_w.l(libshutdown.o)
    0x08000206   0x08000206   0x00000000   Code   RO         1046    .ARM.Collect$$libshutdown$$00000002  c_w.l(libshutdown2.o)
    0x08000206   0x08000206   0x00000000   Code   RO         1048    .ARM.Collect$$libshutdown$$00000004  c_w.l(libshutdown2.o)
    0x08000206   0x08000206   0x00000000   Code   RO         1051    .ARM.Collect$$libshutdown$$00000007  c_w.l(libshutdown2.o)
    0x08000206   0x08000206   0x00000000   Code   RO         1054    .ARM.Collect$$libshutdown$$0000000A  c_w.l(libshutdown2.o)
    0x08000206   0x08000206   0x00000000   Code   RO         1056    .ARM.Collect$$libshutdown$$0000000C  c_w.l(libshutdown2.o)
    0x08000206   0x08000206   0x00000000   Code   RO         1059    .ARM.Collect$$libshutdown$$0000000F  c_w.l(libshutdown2.o)
    0x08000206   0x08000206   0x00000002   Code   RO         1060    .ARM.Collect$$libshutdown$$00000010  c_w.l(libshutdown2.o)
    0x08000208   0x08000208   0x00000000   Code   RO          938    .ARM.Collect$$rtentry$$00000000  c_w.l(__rtentry.o)
    0x08000208   0x08000208   0x00000000   Code   RO          940    .ARM.Collect$$rtentry$$00000002  c_w.l(__rtentry2.o)
    0x08000208   0x08000208   0x00000006   Code   RO          952    .ARM.Collect$$rtentry$$00000004  c_w.l(__rtentry4.o)
    0x0800020e   0x0800020e   0x00000000   Code   RO          942    .ARM.Collect$$rtentry$$00000009  c_w.l(__rtentry2.o)
    0x0800020e   0x0800020e   0x00000004   Code   RO          943    .ARM.Collect$$rtentry$$0000000A  c_w.l(__rtentry2.o)
    0x08000212   0x08000212   0x00000000   Code   RO          945    .ARM.Collect$$rtentry$$0000000C  c_w.l(__rtentry2.o)
    0x08000212   0x08000212   0x00000008   Code   RO          946    .ARM.Collect$$rtentry$$0000000D  c_w.l(__rtentry2.o)
    0x0800021a   0x0800021a   0x00000002   Code   RO          967    .ARM.Collect$$rtexit$$00000000  c_w.l(rtexit.o)
    0x0800021c   0x0800021c   0x00000000   Code   RO         1015    .ARM.Collect$$rtexit$$00000002  c_w.l(rtexit2.o)
    0x0800021c   0x0800021c   0x00000004   Code   RO         1016    .ARM.Collect$$rtexit$$00000003  c_w.l(rtexit2.o)
    0x08000220   0x08000220   0x00000006   Code   RO         1017    .ARM.Collect$$rtexit$$00000004  c_w.l(rtexit2.o)
    0x08000226   0x08000226   0x00000002   PAD
    0x08000228   0x08000228   0x00000074   Code   RO            4    .text               main.o
    0x0800029c   0x0800029c   0x00000170   Code   RO          102    .text               task.o
    0x0800040c   0x0800040c   0x00000614   Code   RO          178    .text               stm32f4xx_it.o
    0x08000a20   0x08000a20   0x00000718   Code   RO          207    .text               timer.o
    0x08001138   0x08001138   0x000000b0   Code   RO          232    .text               gpio.o
    0x080011e8   0x080011e8   0x000005dc   Code   RO          256    .text               usart.o
    0x080017c4   0x080017c4   0x000014f4   Code   RO          287    .text               elmo.o
    0x08002cb8   0x08002cb8   0x00000454   Code   RO          312    .text               can.o
    0x0800310c   0x0800310c   0x00000454   Code   RO          348    .text               pps.o
    0x08003560   0x08003560   0x00000210   Code   RO          385    .text               system_stm32f4xx.o
    0x08003770   0x08003770   0x00000050   Code   RO          415    .text               startup_stm32f4xx.o
    0x080037c0   0x080037c0   0x000002c8   Code   RO          422    .text               os_cpu_c.o
    0x08003a88   0x08003a88   0x000000b8   Code   RO          454    .text               os_cpu_a.o
    0x08003b40   0x08003b40   0x0000015c   Code   RO          457    .text               os_dbg.o
    0x08003c9c   0x08003c9c   0x00000d50   Code   RO          472    .text               os_core.o
    0x080049ec   0x080049ec   0x00000864   Code   RO          492    .text               os_flag.o
    0x08005250   0x08005250   0x00000258   Code   RO          516    .text               os_mem.o
    0x080054a8   0x080054a8   0x00000654   Code   RO          540    .text               os_q.o
    0x08005afc   0x08005afc   0x000003e0   Code   RO          552    .text               os_sem.o
    0x08005edc   0x08005edc   0x0000090c   Code   RO          564    .text               os_task.o
    0x080067e8   0x080067e8   0x000001d4   Code   RO          576    .text               os_time.o
    0x080069bc   0x080069bc   0x000006e0   Code   RO          588    .text               os_tmr.o
    0x0800709c   0x0800709c   0x00000012   Code   RO          603    .text               os_apphooks.o
    0x080070ae   0x080070ae   0x00000002   PAD
    0x080070b0   0x080070b0   0x0000025c   Code   RO          627    .text               stm32f4xx_gpio.o
    0x0800730c   0x0800730c   0x00000588   Code   RO          651    .text               stm32f4xx_rcc.o
    0x08007894   0x08007894   0x000000e0   Code   RO          677    .text               misc.o
    0x08007974   0x08007974   0x00000ca2   Code   RO          701    .text               stm32f4xx_tim.o
    0x08008616   0x08008616   0x00000002   PAD
    0x08008618   0x08008618   0x0000043e   Code   RO          725    .text               stm32f4xx_usart.o
    0x08008a56   0x08008a56   0x00000002   PAD
    0x08008a58   0x08008a58   0x000009f0   Code   RO          749    .text               stm32f4xx_can.o
    0x08009448   0x08009448   0x00000006   Code   RO          934    .text               c_w.l(heapauxi.o)
    0x0800944e   0x0800944e   0x0000004a   Code   RO          954    .text               c_w.l(sys_stackheap_outer.o)
    0x08009498   0x08009498   0x00000012   Code   RO          956    .text               c_w.l(exit.o)
    0x080094aa   0x080094aa   0x00000002   PAD
    0x080094ac   0x080094ac   0x00000008   Code   RO          964    .text               c_w.l(libspace.o)
    0x080094b4   0x080094b4   0x0000000c   Code   RO         1025    .text               c_w.l(sys_exit.o)
    0x080094c0   0x080094c0   0x00000002   Code   RO         1036    .text               c_w.l(use_no_semi.o)
    0x080094c2   0x080094c2   0x00000000   Code   RO         1038    .text               c_w.l(indicate_semi.o)
    0x080094c2   0x080094c2   0x0000000a   Code   RO         1023    x$fpl$fpinit        fz_wm.l(fpinit.o)
    0x080094cc   0x080094cc   0x000000f0   Data   RO          288    .constdata          elmo.o
    0x080095bc   0x080095bc   0x00000074   Data   RO          458    .constdata          os_dbg.o
    0x08009630   0x08009630   0x00000100   Data   RO          474    .constdata          os_core.o
    0x08009730   0x08009730   0x00000020   Data   RO         1091    Region$$Table       anon$$obj.o


    Execution Region RW_IRAM1 (Exec base: 0x20000000, Load base: 0x08009750, Size: 0x000034e0, Max: 0x00020000, ABSOLUTE)

    Exec Addr    Load Addr    Size         Type   Attr      Idx    E Section Name        Object

    0x20000000   0x08009750   0x00000004   Data   RW          104    .data               task.o
    0x20000004   0x08009754   0x00000018   Data   RW          180    .data               stm32f4xx_it.o
    0x2000001c   0x0800976c   0x00000005   Data   RW          350    .data               pps.o
    0x20000021   0x08009771   0x00000003   PAD
    0x20000024   0x08009774   0x00000014   Data   RW          386    .data               system_stm32f4xx.o
    0x20000038   0x08009788   0x00000006   Data   RW          424    .data               os_cpu_c.o
    0x2000003e   0x0800978e   0x00000002   PAD
    0x20000040   0x08009790   0x00000060   Data   RW          475    .data               os_core.o
    0x200000a0   0x080097f0   0x00000010   Data   RW          652    .data               stm32f4xx_rcc.o
    0x200000b0        -       0x00000400   Zero   RW            5    .bss                main.o
    0x200004b0        -       0x00000c00   Zero   RW          103    .bss                task.o
    0x200010b0        -       0x00000018   Zero   RW          179    .bss                stm32f4xx_it.o
    0x200010c8        -       0x00000030   Zero   RW          349    .bss                pps.o
    0x200010f8        -       0x00000200   Zero   RW          423    .bss                os_cpu_c.o
    0x200012f8        -       0x00001b88   Zero   RW          473    .bss                os_core.o
    0x20002e80        -       0x00000060   Zero   RW          965    .bss                c_w.l(libspace.o)
    0x20002ee0        -       0x00000200   Zero   RW          413    HEAP                startup_stm32f4xx.o
    0x200030e0        -       0x00000400   Zero   RW          412    STACK               startup_stm32f4xx.o


==============================================================================

Image component sizes


      Code (inc. data)   RO Data    RW Data    ZI Data      Debug   Object Name

      1108         14          0          0          0       2925   can.o
      5364         66        240          0          0      16527   elmo.o
       176         10          0          0          0       1527   gpio.o
       116         18          0          0       1024     230006   main.o
       224         20          0          0          0       1969   misc.o
        18          0          0          0          0       1523   os_apphooks.o
      3408        290        256         96       7048      19443   os_core.o
       184         32          0          0          0        316   os_cpu_a.o
       712         28          0          6        512      12399   os_cpu_c.o
       348        230        116          0          0       3398   os_dbg.o
      2148         44          0          0          0       7336   os_flag.o
       600         16          0          0          0       3508   os_mem.o
      1620         34          0          0          0       6013   os_q.o
       992         22          0          0          0       4170   os_sem.o
      2316         76          0          0          0       8489   os_task.o
       468         28          0          0          0       1934   os_time.o
      1760        132          0          0          0       5885   os_tmr.o
      1108         64          0          5         48       4626   pps.o
        80         32        392          0       1536        876   startup_stm32f4xx.o
      2544         38          0          0          0       8292   stm32f4xx_can.o
       604         36          0          0          0       4273   stm32f4xx_gpio.o
      1556        136          0         24         24       5080   stm32f4xx_it.o
      1416         48          0         16          0      11219   stm32f4xx_rcc.o
      3234         60          0          0          0      23160   stm32f4xx_tim.o
      1086         26          0          0          0       8072   stm32f4xx_usart.o
       528         46          0         20          0       1871   system_stm32f4xx.o
       368         36          0          4       3072      57922   task.o
      1816         34          0          0          0       3961   timer.o
      1500         46          0          0          0       6397   usart.o

    ----------------------------------------------------------------------
     37408       1662       1036        176      13264     463117   Object Totals
         0          0         32          0          0          0   (incl. Generated)
         6          0          0          5          0          0   (incl. Padding)

    ----------------------------------------------------------------------

      Code (inc. data)   RO Data    RW Data    ZI Data      Debug   Library Member Name

         8          0          0          0          0         68   __main.o
         0          0          0          0          0          0   __rtentry.o
        12          0          0          0          0          0   __rtentry2.o
         6          0          0          0          0          0   __rtentry4.o
        52          8          0          0          0          0   __scatter.o
        26          0          0          0          0          0   __scatter_copy.o
        28          0          0          0          0          0   __scatter_zi.o
        18          0          0          0          0         80   exit.o
         6          0          0          0          0        152   heapauxi.o
         0          0          0          0          0          0   indicate_semi.o
         2          0          0          0          0          0   libinit.o
         6          0          0          0          0          0   libinit2.o
         2          0          0          0          0          0   libshutdown.o
         2          0          0          0          0          0   libshutdown2.o
         8          4          0          0         96         68   libspace.o
         2          0          0          0          0          0   rtexit.o
        10          0          0          0          0          0   rtexit2.o
        12          4          0          0          0         68   sys_exit.o
        74          0          0          0          0         80   sys_stackheap_outer.o
         2          0          0          0          0         68   use_no_semi.o
        10          0          0          0          0        116   fpinit.o

    ----------------------------------------------------------------------
       292         16          0          0         96        700   Library Totals
         6          0          0          0          0          0   (incl. Padding)

    ----------------------------------------------------------------------

      Code (inc. data)   RO Data    RW Data    ZI Data      Debug   Library Name

       276         16          0          0         96        584   c_w.l
        10          0          0          0          0        116   fz_wm.l

    ----------------------------------------------------------------------
       292         16          0          0         96        700   Library Totals

    ----------------------------------------------------------------------

==============================================================================


      Code (inc. data)   RO Data    RW Data    ZI Data      Debug   

     37700       1678       1036        176      13360     458161   Grand Totals
     37700       1678       1036        176      13360     458161   ELF Image Totals
     37700       1678       1036        176          0          0   ROM Totals

==============================================================================

    Total RO  Size (Code + RO Data)                38736 (  37.83kB)
    Total RW  Size (RW Data + ZI Data)             13536 (  13.22kB)
    Total ROM Size (Code + RO Data + RW Data)      38912 (  38.00kB)

==============================================================================

